USED Footer Element non-null: radiosondeSerialNumber = "M1223527"
USED Footer Element non-null: radiosondeSerialNumber = "M1223530"
USED Footer Element non-null: radiosondeSerialNumber = "M1223535"
USED Footer Element non-null: radiosondeSerialNumber = "M1224053"
USED Footer Element non-null: radiosondeSerialNumber = "M1224291"
USED Footer Element non-null: radiosondeSerialNumber = "M1230346"
USED Footer Element non-null: radiosondeSerialNumber = "M1230362"
USED Footer Element non-null: radiosondeSerialNumber = "M1230363"
USED Footer Element non-null: radiosondeSerialNumber = "M1413449"
USED Footer Element non-null: radiosondeSerialNumber = "M1413467"
USED Footer Element non-null: radiosondeSerialNumber = "M1413471"
USED Footer Element non-null: radiosondeSerialNumber = "M1413478"
USED Footer Element non-null: radiosondeSerialNumber = "M1413486"
USED Footer Element non-null: radiosondeSerialNumber = "M1413489"
USED Footer Element non-null: radiosondeSerialNumber = "M1413490"
USED Footer Element non-null: radiosondeSerialNumber = "M1413501"
USED Footer Element non-null: radiosondeSerialNumber = "M1413506"
USED Footer Element non-null: radiosondeSerialNumber = "M1413554"
USED Footer Element non-null: radiosondeSerialNumber = "M1413557"
USED Footer Element non-null: radiosondeSerialNumber = "M1423008"
USED Footer Element non-null: radiosondeSerialNumber = "M1423048"
USED Footer Element non-null: radiosondeSerialNumber = "M1423054"
USED Footer Element non-null: radiosondeSerialNumber = "M1423056"
USED Footer Element non-null: radiosondeSerialNumber = "M1423060"
USED Footer Element non-null: radiosondeSerialNumber = "M1433462"
USED Footer Element non-null: radiosondeSerialNumber = "M1433483"
USED Footer Element non-null: radiosondeSerialNumber = "M1433697"
USED Footer Element non-null: radiosondeSerialNumber = "M1433726"
USED Footer Element non-null: radiosondeSerialNumber = "M1433728"
USED Footer Element non-null: radiosondeSerialNumber = "M1433730"
USED Footer Element non-null: radiosondeSerialNumber = "M1433921"
USED Footer Element non-null: radiosondeSerialNumber = "M1443209"
USED Footer Element non-null: radiosondeSerialNumber = "M1443211"
USED Footer Element non-null: radiosondeSerialNumber = "M1443262"
USED Footer Element non-null: radiosondeSerialNumber = "M1443265"
USED Footer Element non-null: radiosondeSerialNumber = "M1443292"
USED Footer Element non-null: radiosondeSerialNumber = "M1443312"
USED Footer Element non-null: radiosondeSerialNumber = "M1443315"
USED Footer Element non-null: radiosondeSerialNumber = "M1443332"
USED Footer Element non-null: radiosondeSerialNumber = "M1443342"
USED Footer Element non-null: radiosondeSerialNumber = "M1443363"
USED Footer Element non-null: radiosondeSerialNumber = "M1453011"
USED Footer Element non-null: radiosondeSerialNumber = "M1453096"
USED Footer Element non-null: radiosondeSerialNumber = "M1513706"
USED Footer Element non-null: radiosondeSerialNumber = "M1513707"
USED Footer Element non-null: radiosondeSerialNumber = "M1513715"
USED Footer Element non-null: radiosondeSerialNumber = "M1513718"
USED Footer Element non-null: radiosondeSerialNumber = "M1513728"
USED Footer Element non-null: radiosondeSerialNumber = "M1513742"
USED Footer Element non-null: radiosondeSerialNumber = "M1513750"
USED Footer Element non-null: radiosondeSerialNumber = "M1513758"
USED Footer Element non-null: radiosondeSerialNumber = "M1523118"
USED Footer Element non-null: radiosondeSerialNumber = "M1523119"
USED Footer Element non-null: radiosondeSerialNumber = "M1523120"
USED Footer Element non-null: radiosondeSerialNumber = "M1523121"
USED Footer Element non-null: radiosondeSerialNumber = "M1523125"
USED Footer Element non-null: radiosondeSerialNumber = "M1523126"
USED Footer Element non-null: radiosondeSerialNumber = "M1523127"
USED Footer Element non-null: radiosondeSerialNumber = "M1523128"
USED Footer Element non-null: radiosondeSerialNumber = "M1523186"
USED Footer Element non-null: radiosondeSerialNumber = "M1523192"
USED Footer Element non-null: radiosondeSerialNumber = "M1523462"
USED Footer Element non-null: radiosondeSerialNumber = "M1523497"
USED Footer Element non-null: radiosondeSerialNumber = "M1523508"
USED Footer Element non-null: radiosondeSerialNumber = "M1523753"
USED Footer Element non-null: radiosondeSerialNumber = "M1523754"
USED Footer Element non-null: radiosondeSerialNumber = "M1523756"
USED Footer Element non-null: radiosondeSerialNumber = "M1523764"
USED Footer Element non-null: radiosondeSerialNumber = "M1523921"
USED Footer Element non-null: radiosondeSerialNumber = "M1523922"
USED Footer Element non-null: radiosondeSerialNumber = "M1523942"
USED Footer Element non-null: radiosondeSerialNumber = "M1523945"
USED Footer Element non-null: radiosondeSerialNumber = "M1723922"
USED Footer Element non-null: radiosondeSerialNumber = "M2023681"
USED Footer Element non-null: radiosondeSerialNumber = "M2033046"
USED Footer Element non-null: radiosondeSerialNumber = "M2033049"
USED Footer Element non-null: radiosondeSerialNumber = "M2033055"
USED Footer Element non-null: radiosondeSerialNumber = "M2033058"
USED Footer Element non-null: radiosondeSerialNumber = "M2033516"
USED Footer Element non-null: radiosondeSerialNumber = "M2033529"
USED Footer Element non-null: radiosondeSerialNumber = "M2033531"
USED Footer Element non-null: radiosondeSerialNumber = "M2033532"
USED Footer Element non-null: radiosondeSerialNumber = "M2033533"
USED Footer Element non-null: radiosondeSerialNumber = "M2033534"
USED Footer Element non-null: radiosondeSerialNumber = "M2033542"
USED Footer Element non-null: radiosondeSerialNumber = "M2033545"
USED Footer Element non-null: radiosondeSerialNumber = "M2253003"
USED Footer Element non-null: radiosondeSerialNumber = "M2253037"
USED Footer Element non-null: radiosondeSerialNumber = "M2343241"
USED Footer Element non-null: radiosondeSerialNumber = "M2343247"
USED Footer Element non-null: radiosondeSerialNumber = "M2353003"
USED Footer Element non-null: radiosondeSerialNumber = "M2353004"
USED Footer Element non-null: radiosondeSerialNumber = "M2353024"
USED Footer Element non-null: radiosondeSerialNumber = "M2353047"
USED Footer Element non-null: radiosondeSerialNumber = "M2353053"
USED Footer Element non-null: radiosondeSerialNumber = "M2353057"
USED Footer Element non-null: radiosondeSerialNumber = "M2353063"
USED Footer Element non-null: radiosondeSerialNumber = "M2353385"
USED Footer Element non-null: radiosondeSerialNumber = "M2353388"
USED Footer Element non-null: radiosondeSerialNumber = "M2353393"
USED Footer Element non-null: radiosondeSerialNumber = "M2353398"
USED Footer Element non-null: radiosondeSerialNumber = "M2353400"
USED Footer Element non-null: radiosondeSerialNumber = "M2353407"
USED Footer Element non-null: radiosondeSerialNumber = "M2353411"
USED Footer Element non-null: radiosondeSerialNumber = "M2353418"
USED Footer Element non-null: radiosondeSerialNumber = "M2413037"
USED Footer Element non-null: radiosondeSerialNumber = "M2413040"
USED Footer Element non-null: radiosondeSerialNumber = "M2413056"
USED Footer Element non-null: radiosondeSerialNumber = "M2413058"
USED Footer Element non-null: radiosondeSerialNumber = "M2413059"
USED Footer Element non-null: radiosondeSerialNumber = "M2413061"
USED Footer Element non-null: radiosondeSerialNumber = "M2443184"
USED Footer Element non-null: radiosondeSerialNumber = "M2443191"
USED Footer Element non-null: radiosondeSerialNumber = "M2513087"
USED Footer Element non-null: radiosondeSerialNumber = "M2513714"
USED Footer Element non-null: radiosondeSerialNumber = "M2513723"
USED Footer Element non-null: radiosondeSerialNumber = "M2513726"
USED Footer Element non-null: radiosondeSerialNumber = "M2523164"
USED Footer Element non-null: radiosondeSerialNumber = "M2539416"
USED Footer Element non-null: radiosondeSerialNumber = "M2539500"
USED Footer Element non-null: radiosondeSerialNumber = "M2539649"
USED Footer Element non-null: radiosondeSerialNumber = "M2543286"
USED Footer Element non-null: radiosondeSerialNumber = "M2543302"
USED Footer Element non-null: radiosondeSerialNumber = "M2549086"
USED Footer Element non-null: radiosondeSerialNumber = "M2623705"
USED Footer Element non-null: radiosondeSerialNumber = "M2623721"
USED Footer Element non-null: radiosondeSerialNumber = "M2623738"
USED Footer Element non-null: radiosondeSerialNumber = "M2623746"
USED Footer Element non-null: radiosondeSerialNumber = "M2623752"
USED Footer Element non-null: radiosondeSerialNumber = "M2623756"
USED Footer Element non-null: radiosondeSerialNumber = "M2633115"
USED Footer Element non-null: radiosondeSerialNumber = "M2633282"
USED Footer Element non-null: radiosondeSerialNumber = "M2633727"
USED Footer Element non-null: radiosondeSerialNumber = "M2713220"
USED Footer Element non-null: radiosondeSerialNumber = "M2733237"
USED Footer Element non-null: radiosondeSerialNumber = "M2743107"
USED Footer Element non-null: radiosondeSerialNumber = "M2743398"
USED Footer Element non-null: radiosondeSerialNumber = "M2743635"
USED Footer Element non-null: radiosondeSerialNumber = "M2813125"
USED Footer Element non-null: radiosondeSerialNumber = "M2813173"
USED Footer Element non-null: radiosondeSerialNumber = "M2813193"
USED Footer Element non-null: radiosondeSerialNumber = "M2923005"
USED Footer Element non-null: radiosondeSerialNumber = "M2923086"
USED Footer Element non-null: radiosondeSerialNumber = "M2923135"
USED Footer Element non-null: radiosondeSerialNumber = "M2923147"
USED Footer Element non-null: radiosondeSerialNumber = "M2923148"
USED Footer Element non-null: radiosondeSerialNumber = "M2923169"
USED Footer Element non-null: radiosondeSerialNumber = "M2923496"
USED Footer Element non-null: radiosondeSerialNumber = "M2933002"
USED Footer Element non-null: radiosondeSerialNumber = "M2933065"
USED Footer Element non-null: radiosondeSerialNumber = "M2933099"
USED Footer Element non-null: radiosondeSerialNumber = "M2933105"
USED Footer Element non-null: radiosondeSerialNumber = "M2933107"
USED Footer Element non-null: radiosondeSerialNumber = "M2933108"
USED Footer Element non-null: radiosondeSerialNumber = "M2933116"
USED Footer Element non-null: radiosondeSerialNumber = "M2933285"
USED Footer Element non-null: radiosondeSerialNumber = "M2933301"
USED Footer Element non-null: radiosondeSerialNumber = "M2933385"
USED Footer Element non-null: radiosondeSerialNumber = "M2933387"
USED Footer Element non-null: radiosondeSerialNumber = "M2933388"
USED Footer Element non-null: radiosondeSerialNumber = "M2933394"
USED Footer Element non-null: radiosondeSerialNumber = "M2933404"
USED Footer Element non-null: radiosondeSerialNumber = "M2933436"
USED Footer Element non-null: radiosondeSerialNumber = "M3023046"
USED Footer Element non-null: radiosondeSerialNumber = "M3023153"
USED Footer Element non-null: radiosondeSerialNumber = "M3223144"
USED Footer Element non-null: radiosondeSerialNumber = "M3343700"
USED Footer Element non-null: radiosondeSerialNumber = "M3423449"
USED Footer Element non-null: radiosondeSerialNumber = "M3423451"
USED Footer Element non-null: radiosondeSerialNumber = "M3423490"
USED Footer Element non-null: radiosondeSerialNumber = "M3423706"
USED Footer Element non-null: radiosondeSerialNumber = "M3423709"
USED Footer Element non-null: radiosondeSerialNumber = "M3423712"
USED Footer Element non-null: radiosondeSerialNumber = "M3423719"
USED Footer Element non-null: radiosondeSerialNumber = "M3423721"
USED Footer Element non-null: radiosondeSerialNumber = "M3423723"
USED Footer Element non-null: radiosondeSerialNumber = "M3423730"
USED Footer Element non-null: radiosondeSerialNumber = "M3423731"
USED Footer Element non-null: radiosondeSerialNumber = "M3423732"
USED Footer Element non-null: radiosondeSerialNumber = "M3423736"
USED Footer Element non-null: radiosondeSerialNumber = "M3423737"
USED Footer Element non-null: radiosondeSerialNumber = "M3423738"
USED Footer Element non-null: radiosondeSerialNumber = "M3423739"
USED Footer Element non-null: radiosondeSerialNumber = "M3423740"
USED Footer Element non-null: radiosondeSerialNumber = "M3423741"
USED Footer Element non-null: radiosondeSerialNumber = "M3423743"
USED Footer Element non-null: radiosondeSerialNumber = "M3423744"
USED Footer Element non-null: radiosondeSerialNumber = "M3423750"
USED Footer Element non-null: radiosondeSerialNumber = "M3423751"
USED Footer Element non-null: radiosondeSerialNumber = "M3423752"
USED Footer Element non-null: radiosondeSerialNumber = "M3423754"
USED Footer Element non-null: radiosondeSerialNumber = "M3423759"
USED Footer Element non-null: radiosondeSerialNumber = "M3423777"
USED Footer Element non-null: radiosondeSerialNumber = "M3433089"
USED Footer Element non-null: radiosondeSerialNumber = "M3433155"
USED Footer Element non-null: radiosondeSerialNumber = "M3433169"
USED Footer Element non-null: radiosondeSerialNumber = "M3433178"
USED Footer Element non-null: radiosondeSerialNumber = "M3433321"
USED Footer Element non-null: radiosondeSerialNumber = "M3433327"
USED Footer Element non-null: radiosondeSerialNumber = "M3433336"
USED Footer Element non-null: radiosondeSerialNumber = "M3433342"
USED Footer Element non-null: radiosondeSerialNumber = "M3433353"
USED Footer Element non-null: radiosondeSerialNumber = "M3433358"
USED Footer Element non-null: radiosondeSerialNumber = "M3433361"
USED Footer Element non-null: radiosondeSerialNumber = "M3433362"
USED Footer Element non-null: radiosondeSerialNumber = "M3433364"
USED Footer Element non-null: radiosondeSerialNumber = "M3433365"
USED Footer Element non-null: radiosondeSerialNumber = "M3433366"
USED Footer Element non-null: radiosondeSerialNumber = "M3643556"
USED Footer Element non-null: radiosondeSerialNumber = "M4234204"
USED Footer Element non-null: radiosondeSerialNumber = "M4246119"
USED Footer Element non-null: radiosondeSerialNumber = "M4253388"
USED Footer Element non-null: radiosondeSerialNumber = "M4313094"
USED Footer Element non-null: radiosondeSerialNumber = "M4313365"
USED Footer Element non-null: radiosondeSerialNumber = "M4323072"
USED Footer Element non-null: radiosondeSerialNumber = "M4323102"
USED Footer Element non-null: radiosondeSerialNumber = "M4323108"
USED Footer Element non-null: radiosondeSerialNumber = "M4323112"
USED Footer Element non-null: radiosondeSerialNumber = "M4323116"
USED Footer Element non-null: radiosondeSerialNumber = "M4323119"
USED Footer Element non-null: radiosondeSerialNumber = "M4323120"
USED Footer Element non-null: radiosondeSerialNumber = "M4323121"
USED Footer Element non-null: radiosondeSerialNumber = "M4323122"
USED Footer Element non-null: radiosondeSerialNumber = "M4323137"
USED Footer Element non-null: radiosondeSerialNumber = "M4323155"
USED Footer Element non-null: radiosondeSerialNumber = "M4323181"
USED Footer Element non-null: radiosondeSerialNumber = "M4333082"
USED Footer Element non-null: radiosondeSerialNumber = "M4333084"
USED Footer Element non-null: radiosondeSerialNumber = "M4333085"
USED Footer Element non-null: radiosondeSerialNumber = "M4333097"
USED Footer Element non-null: radiosondeSerialNumber = "M4333098"
USED Footer Element non-null: radiosondeSerialNumber = "M4333099"
USED Footer Element non-null: radiosondeSerialNumber = "M4333320"
USED Footer Element non-null: radiosondeSerialNumber = "M4333326"
USED Footer Element non-null: radiosondeSerialNumber = "M4333453"
USED Footer Element non-null: radiosondeSerialNumber = "M4333475"
USED Footer Element non-null: radiosondeSerialNumber = "M4333485"
USED Footer Element non-null: radiosondeSerialNumber = "M4333514"
USED Footer Element non-null: radiosondeSerialNumber = "M4333581"
USED Footer Element non-null: radiosondeSerialNumber = "M4333582"
USED Footer Element non-null: radiosondeSerialNumber = "M4333583"
USED Footer Element non-null: radiosondeSerialNumber = "M4333592"
USED Footer Element non-null: radiosondeSerialNumber = "M4333593"
USED Footer Element non-null: radiosondeSerialNumber = "M4333594"
USED Footer Element non-null: radiosondeSerialNumber = "M4333595"
USED Footer Element non-null: radiosondeSerialNumber = "M4333701"
USED Footer Element non-null: radiosondeSerialNumber = "M4334043"
USED Footer Element non-null: radiosondeSerialNumber = "M4334055"
USED Footer Element non-null: radiosondeSerialNumber = "M4334057"
USED Footer Element non-null: radiosondeSerialNumber = "M4334069"
USED Footer Element non-null: radiosondeSerialNumber = "M4336082"
USED Footer Element non-null: radiosondeSerialNumber = "M4336112"
USED Footer Element non-null: radiosondeSerialNumber = "M4336116"
USED Footer Element non-null: radiosondeSerialNumber = "M4343010"
USED Footer Element non-null: radiosondeSerialNumber = "M4343023"
USED Footer Element non-null: radiosondeSerialNumber = "M4343040"
USED Footer Element non-null: radiosondeSerialNumber = "M4343046"
USED Footer Element non-null: radiosondeSerialNumber = "M4343052"
USED Footer Element non-null: radiosondeSerialNumber = "M4343063"
USED Footer Element non-null: radiosondeSerialNumber = "M4343512"
USED Footer Element non-null: radiosondeSerialNumber = "M4343524"
USED Footer Element non-null: radiosondeSerialNumber = "M4343558"
USED Footer Element non-null: radiosondeSerialNumber = "M4343581"
USED Footer Element non-null: radiosondeSerialNumber = "M4343951"
USED Footer Element non-null: radiosondeSerialNumber = "M4343979"
USED Footer Element non-null: radiosondeSerialNumber = "M4353560"
USED Footer Element non-null: radiosondeSerialNumber = "M4413074"
USED Footer Element non-null: radiosondeSerialNumber = "M4413084"
USED Footer Element non-null: radiosondeSerialNumber = "M4413085"
USED Footer Element non-null: radiosondeSerialNumber = "M4413094"
USED Footer Element non-null: radiosondeSerialNumber = "M4413096"
USED Footer Element non-null: radiosondeSerialNumber = "M4413126"
USED Footer Element non-null: radiosondeSerialNumber = "M4413141"
USED Footer Element non-null: radiosondeSerialNumber = "M4413237"
USED Footer Element non-null: radiosondeSerialNumber = "M4413372"
USED Footer Element non-null: radiosondeSerialNumber = "M4413438"
USED Footer Element non-null: radiosondeSerialNumber = "M4413477"
USED Footer Element non-null: radiosondeSerialNumber = "M4413479"
USED Footer Element non-null: radiosondeSerialNumber = "M4413488"
USED Footer Element non-null: radiosondeSerialNumber = "M4416004"
USED Footer Element non-null: radiosondeSerialNumber = "M4416043"
USED Footer Element non-null: radiosondeSerialNumber = "M4423093"
USED Footer Element non-null: radiosondeSerialNumber = "M4423223"
USED Footer Element non-null: radiosondeSerialNumber = "M4423230"
USED Footer Element non-null: radiosondeSerialNumber = "M4430046"
USED Footer Element non-null: radiosondeSerialNumber = "M4430055"
USED Footer Element non-null: radiosondeSerialNumber = "M4430059"
USED Footer Element non-null: radiosondeSerialNumber = "M4430060"
USED Footer Element non-null: radiosondeSerialNumber = "M4430123"
USED Footer Element non-null: radiosondeSerialNumber = "M4430124"
USED Footer Element non-null: radiosondeSerialNumber = "M4430125"
USED Footer Element non-null: radiosondeSerialNumber = "M4430129"
USED Footer Element non-null: radiosondeSerialNumber = "M4430132"
USED Footer Element non-null: radiosondeSerialNumber = "M4430313"
USED Footer Element non-null: radiosondeSerialNumber = "M4430316"
USED Footer Element non-null: radiosondeSerialNumber = "M4430317"
USED Footer Element non-null: radiosondeSerialNumber = "M4433133"
USED Footer Element non-null: radiosondeSerialNumber = "M4433134"
USED Footer Element non-null: radiosondeSerialNumber = "M4433141"
USED Footer Element non-null: radiosondeSerialNumber = "M4433142"
USED Footer Element non-null: radiosondeSerialNumber = "M4433144"
USED Footer Element non-null: radiosondeSerialNumber = "M4433147"
USED Footer Element non-null: radiosondeSerialNumber = "M4433149"
USED Footer Element non-null: radiosondeSerialNumber = "M4433150"
USED Footer Element non-null: radiosondeSerialNumber = "M4433151"
USED Footer Element non-null: radiosondeSerialNumber = "M4433156"
USED Footer Element non-null: radiosondeSerialNumber = "M4433159"
USED Footer Element non-null: radiosondeSerialNumber = "M4433160"
USED Footer Element non-null: radiosondeSerialNumber = "M4433164"
USED Footer Element non-null: radiosondeSerialNumber = "M4433165"
USED Footer Element non-null: radiosondeSerialNumber = "M4433166"
USED Footer Element non-null: radiosondeSerialNumber = "M4433167"
USED Footer Element non-null: radiosondeSerialNumber = "M4433171"
USED Footer Element non-null: radiosondeSerialNumber = "M4433172"
USED Footer Element non-null: radiosondeSerialNumber = "M4433173"
USED Footer Element non-null: radiosondeSerialNumber = "M4433176"
USED Footer Element non-null: radiosondeSerialNumber = "M4433182"
USED Footer Element non-null: radiosondeSerialNumber = "M4433189"
USED Footer Element non-null: radiosondeSerialNumber = "M4433190"
USED Footer Element non-null: radiosondeSerialNumber = "M4433403"
USED Footer Element non-null: radiosondeSerialNumber = "M4436089"
USED Footer Element non-null: radiosondeSerialNumber = "M4436114"
USED Footer Element non-null: radiosondeSerialNumber = "M4436117"
USED Footer Element non-null: radiosondeSerialNumber = "M4436171"
USED Footer Element non-null: radiosondeSerialNumber = "M4436202"
USED Footer Element non-null: radiosondeSerialNumber = "M4436210"
USED Footer Element non-null: radiosondeSerialNumber = "M4436212"
USED Footer Element non-null: radiosondeSerialNumber = "M4436220"
USED Footer Element non-null: radiosondeSerialNumber = "M4436233"
USED Footer Element non-null: radiosondeSerialNumber = "M4436239"
USED Footer Element non-null: radiosondeSerialNumber = "M4443054"
USED Footer Element non-null: radiosondeSerialNumber = "M4443056"
USED Footer Element non-null: radiosondeSerialNumber = "M4443067"
USED Footer Element non-null: radiosondeSerialNumber = "M4443071"
USED Footer Element non-null: radiosondeSerialNumber = "M4443078"
USED Footer Element non-null: radiosondeSerialNumber = "M4443087"
USED Footer Element non-null: radiosondeSerialNumber = "M4443094"
USED Footer Element non-null: radiosondeSerialNumber = "M4443111"
USED Footer Element non-null: radiosondeSerialNumber = "M4443118"
USED Footer Element non-null: radiosondeSerialNumber = "M4443122"
USED Footer Element non-null: radiosondeSerialNumber = "M4443128"
USED Footer Element non-null: radiosondeSerialNumber = "M4443131"
USED Footer Element non-null: radiosondeSerialNumber = "M4453002"
USED Footer Element non-null: radiosondeSerialNumber = "M4453006"
USED Footer Element non-null: radiosondeSerialNumber = "M4453011"
USED Footer Element non-null: radiosondeSerialNumber = "M4453014"
USED Footer Element non-null: radiosondeSerialNumber = "M4453018"
USED Footer Element non-null: radiosondeSerialNumber = "M4453020"
USED Footer Element non-null: radiosondeSerialNumber = "M4453030"
USED Footer Element non-null: radiosondeSerialNumber = "M4453031"
USED Footer Element non-null: radiosondeSerialNumber = "M4453035"
USED Footer Element non-null: radiosondeSerialNumber = "M4453038"
USED Footer Element non-null: radiosondeSerialNumber = "M4453046"
USED Footer Element non-null: radiosondeSerialNumber = "M4453049"
USED Footer Element non-null: radiosondeSerialNumber = "M4453053"
USED Footer Element non-null: radiosondeSerialNumber = "M4453063"
USED Footer Element non-null: radiosondeSerialNumber = "M4453084"
USED Footer Element non-null: radiosondeSerialNumber = "M4453090"
USED Footer Element non-null: radiosondeSerialNumber = "M4453091"
USED Footer Element non-null: radiosondeSerialNumber = "M4453119"
USED Footer Element non-null: radiosondeSerialNumber = "M4453146"
USED Footer Element non-null: radiosondeSerialNumber = "M4453147"
USED Footer Element non-null: radiosondeSerialNumber = "M4456072"
USED Footer Element non-null: radiosondeSerialNumber = "M4456074"
USED Footer Element non-null: radiosondeSerialNumber = "M4456077"
USED Footer Element non-null: radiosondeSerialNumber = "M4456082"
USED Footer Element non-null: radiosondeSerialNumber = "M4456085"
USED Footer Element non-null: radiosondeSerialNumber = "M4456091"
USED Footer Element non-null: radiosondeSerialNumber = "M4456093"
USED Footer Element non-null: radiosondeSerialNumber = "M4456097"
USED Footer Element non-null: radiosondeSerialNumber = "M4456104"
USED Footer Element non-null: radiosondeSerialNumber = "M4456109"
USED Footer Element non-null: radiosondeSerialNumber = "M4456124"
USED Footer Element non-null: radiosondeSerialNumber = "M4513290"
USED Footer Element non-null: radiosondeSerialNumber = "M4513293"
USED Footer Element non-null: radiosondeSerialNumber = "M4513309"
USED Footer Element non-null: radiosondeSerialNumber = "M4513310"
USED Footer Element non-null: radiosondeSerialNumber = "M4513311"
USED Footer Element non-null: radiosondeSerialNumber = "M4523198"
USED Footer Element non-null: radiosondeSerialNumber = "M4523207"
USED Footer Element non-null: radiosondeSerialNumber = "M4523227"
USED Footer Element non-null: radiosondeSerialNumber = "M4523232"
USED Footer Element non-null: radiosondeSerialNumber = "M4523239"
USED Footer Element non-null: radiosondeSerialNumber = "M4523242"
USED Footer Element non-null: radiosondeSerialNumber = "M4523247"
USED Footer Element non-null: radiosondeSerialNumber = "M4523281"
USED Footer Element non-null: radiosondeSerialNumber = "M4523393"
USED Footer Element non-null: radiosondeSerialNumber = "M4523397"
USED Footer Element non-null: radiosondeSerialNumber = "M4523408"
USED Footer Element non-null: radiosondeSerialNumber = "M4523416"
USED Footer Element non-null: radiosondeSerialNumber = "M4523417"
USED Footer Element non-null: radiosondeSerialNumber = "M4523420"
USED Footer Element non-null: radiosondeSerialNumber = "M4523423"
USED Footer Element non-null: radiosondeSerialNumber = "M4523432"
USED Footer Element non-null: radiosondeSerialNumber = "M4523437"
USED Footer Element non-null: radiosondeSerialNumber = "M4523438"
USED Footer Element non-null: radiosondeSerialNumber = "M4523441"
USED Footer Element non-null: radiosondeSerialNumber = "M4523444"
USED Footer Element non-null: radiosondeSerialNumber = "M4523446"
USED Footer Element non-null: radiosondeSerialNumber = "M4523578"
USED Footer Element non-null: radiosondeSerialNumber = "M4523580"
USED Footer Element non-null: radiosondeSerialNumber = "M4523581"
USED Footer Element non-null: radiosondeSerialNumber = "M4523585"
USED Footer Element non-null: radiosondeSerialNumber = "M4523808"
USED Footer Element non-null: radiosondeSerialNumber = "M4523820"
USED Footer Element non-null: radiosondeSerialNumber = "M4523822"
USED Footer Element non-null: radiosondeSerialNumber = "M4523823"
USED Footer Element non-null: radiosondeSerialNumber = "M4523855"
USED Footer Element non-null: radiosondeSerialNumber = "M4523864"
USED Footer Element non-null: radiosondeSerialNumber = "M4523865"
USED Footer Element non-null: radiosondeSerialNumber = "M4523874"
USED Footer Element non-null: radiosondeSerialNumber = "M4523877"
USED Footer Element non-null: radiosondeSerialNumber = "M4523881"
USED Footer Element non-null: radiosondeSerialNumber = "M4523884"
USED Footer Element non-null: radiosondeSerialNumber = "M4523886"
USED Footer Element non-null: radiosondeSerialNumber = "M4523891"
USED Footer Element non-null: radiosondeSerialNumber = "M4523892"
USED Footer Element non-null: radiosondeSerialNumber = "M4533239"
USED Footer Element non-null: radiosondeSerialNumber = "M4533246"
USED Footer Element non-null: radiosondeSerialNumber = "M4533247"
USED Footer Element non-null: radiosondeSerialNumber = "M4533323"
USED Footer Element non-null: radiosondeSerialNumber = "M4533328"
USED Footer Element non-null: radiosondeSerialNumber = "M4533329"
USED Footer Element non-null: radiosondeSerialNumber = "M4533333"
USED Footer Element non-null: radiosondeSerialNumber = "M4533334"
USED Footer Element non-null: radiosondeSerialNumber = "M4533336"
USED Footer Element non-null: radiosondeSerialNumber = "M4533339"
USED Footer Element non-null: radiosondeSerialNumber = "M4533341"
USED Footer Element non-null: radiosondeSerialNumber = "M4533346"
USED Footer Element non-null: radiosondeSerialNumber = "M4533358"
USED Footer Element non-null: radiosondeSerialNumber = "M4533362"
USED Footer Element non-null: radiosondeSerialNumber = "M4533363"
USED Footer Element non-null: radiosondeSerialNumber = "M4533369"
USED Footer Element non-null: radiosondeSerialNumber = "M4533391"
USED Footer Element non-null: radiosondeSerialNumber = "M4533477"
USED Footer Element non-null: radiosondeSerialNumber = "M4533491"
USED Footer Element non-null: radiosondeSerialNumber = "M4533514"
USED Footer Element non-null: radiosondeSerialNumber = "M4533578"
USED Footer Element non-null: radiosondeSerialNumber = "M4533581"
USED Footer Element non-null: radiosondeSerialNumber = "M4533582"
USED Footer Element non-null: radiosondeSerialNumber = "M4533586"
USED Footer Element non-null: radiosondeSerialNumber = "M4533588"
USED Footer Element non-null: radiosondeSerialNumber = "M4533593"
USED Footer Element non-null: radiosondeSerialNumber = "M4533594"
USED Footer Element non-null: radiosondeSerialNumber = "M4534062"
USED Footer Element non-null: radiosondeSerialNumber = "M4534064"
USED Footer Element non-null: radiosondeSerialNumber = "M4534068"
USED Footer Element non-null: radiosondeSerialNumber = "M4534071"
USED Footer Element non-null: radiosondeSerialNumber = "M4534077"
USED Footer Element non-null: radiosondeSerialNumber = "M4534211"
USED Footer Element non-null: radiosondeSerialNumber = "M4534273"
USED Footer Element non-null: radiosondeSerialNumber = "M4534297"
USED Footer Element non-null: radiosondeSerialNumber = "M4534302"
USED Footer Element non-null: radiosondeSerialNumber = "M4534527"
USED Footer Element non-null: radiosondeSerialNumber = "M4543001"
USED Footer Element non-null: radiosondeSerialNumber = "M4543002"
USED Footer Element non-null: radiosondeSerialNumber = "M4543005"
USED Footer Element non-null: radiosondeSerialNumber = "M4543009"
USED Footer Element non-null: radiosondeSerialNumber = "M4543010"
USED Footer Element non-null: radiosondeSerialNumber = "M4543014"
USED Footer Element non-null: radiosondeSerialNumber = "M4543017"
USED Footer Element non-null: radiosondeSerialNumber = "M4543020"
USED Footer Element non-null: radiosondeSerialNumber = "M4543021"
USED Footer Element non-null: radiosondeSerialNumber = "M4543022"
USED Footer Element non-null: radiosondeSerialNumber = "M4543023"
USED Footer Element non-null: radiosondeSerialNumber = "M4543026"
USED Footer Element non-null: radiosondeSerialNumber = "M4543027"
USED Footer Element non-null: radiosondeSerialNumber = "M4543028"
USED Footer Element non-null: radiosondeSerialNumber = "M4543030"
USED Footer Element non-null: radiosondeSerialNumber = "M4543032"
USED Footer Element non-null: radiosondeSerialNumber = "M4543034"
USED Footer Element non-null: radiosondeSerialNumber = "M4543035"
USED Footer Element non-null: radiosondeSerialNumber = "M4543038"
USED Footer Element non-null: radiosondeSerialNumber = "M4543039"
USED Footer Element non-null: radiosondeSerialNumber = "M4543041"
USED Footer Element non-null: radiosondeSerialNumber = "M4543044"
USED Footer Element non-null: radiosondeSerialNumber = "M4543055"
USED Footer Element non-null: radiosondeSerialNumber = "M4543084"
USED Footer Element non-null: radiosondeSerialNumber = "M4543100"
USED Footer Element non-null: radiosondeSerialNumber = "M4543131"
USED Footer Element non-null: radiosondeSerialNumber = "M4543132"
USED Footer Element non-null: radiosondeSerialNumber = "M4543141"
USED Footer Element non-null: radiosondeSerialNumber = "M4543144"
USED Footer Element non-null: radiosondeSerialNumber = "M4543149"
USED Footer Element non-null: radiosondeSerialNumber = "M4543151"
USED Footer Element non-null: radiosondeSerialNumber = "M4543156"
USED Footer Element non-null: radiosondeSerialNumber = "M4543162"
USED Footer Element non-null: radiosondeSerialNumber = "M4543230"
USED Footer Element non-null: radiosondeSerialNumber = "M4543236"
USED Footer Element non-null: radiosondeSerialNumber = "M4543239"
USED Footer Element non-null: radiosondeSerialNumber = "M4543242"
USED Footer Element non-null: radiosondeSerialNumber = "M4543246"
USED Footer Element non-null: radiosondeSerialNumber = "M4543247"
USED Footer Element non-null: radiosondeSerialNumber = "M4543249"
USED Footer Element non-null: radiosondeSerialNumber = "M4543252"
USED Footer Element non-null: radiosondeSerialNumber = "M4543281"
USED Footer Element non-null: radiosondeSerialNumber = "M4543339"
USED Footer Element non-null: radiosondeSerialNumber = "M4543351"
USED Footer Element non-null: radiosondeSerialNumber = "M4543358"
USED Footer Element non-null: radiosondeSerialNumber = "M4543361"
USED Footer Element non-null: radiosondeSerialNumber = "M4543363"
USED Footer Element non-null: radiosondeSerialNumber = "M4543364"
USED Footer Element non-null: radiosondeSerialNumber = "M4543365"
USED Footer Element non-null: radiosondeSerialNumber = "M4543366"
USED Footer Element non-null: radiosondeSerialNumber = "M4543369"
USED Footer Element non-null: radiosondeSerialNumber = "M4543372"
USED Footer Element non-null: radiosondeSerialNumber = "M4543375"
USED Footer Element non-null: radiosondeSerialNumber = "M4543381"
USED Footer Element non-null: radiosondeSerialNumber = "M4543382"
USED Footer Element non-null: radiosondeSerialNumber = "M4543383"
USED Footer Element non-null: radiosondeSerialNumber = "M4543464"
USED Footer Element non-null: radiosondeSerialNumber = "M4543472"
USED Footer Element non-null: radiosondeSerialNumber = "M4543478"
USED Footer Element non-null: radiosondeSerialNumber = "M4543480"
USED Footer Element non-null: radiosondeSerialNumber = "M4543492"
USED Footer Element non-null: radiosondeSerialNumber = "M4543954"
USED Footer Element non-null: radiosondeSerialNumber = "M4544044"
USED Footer Element non-null: radiosondeSerialNumber = "M4544048"
USED Footer Element non-null: radiosondeSerialNumber = "M4553799"
USED Footer Element non-null: radiosondeSerialNumber = "M4556021"
USED Footer Element non-null: radiosondeSerialNumber = "M4556024"
USED Footer Element non-null: radiosondeSerialNumber = "M4613065"
USED Footer Element non-null: radiosondeSerialNumber = "M4613083"
USED Footer Element non-null: radiosondeSerialNumber = "M4613089"
USED Footer Element non-null: radiosondeSerialNumber = "M4613092"
USED Footer Element non-null: radiosondeSerialNumber = "M4613106"
USED Footer Element non-null: radiosondeSerialNumber = "M4613121"
USED Footer Element non-null: radiosondeSerialNumber = "M4613459"
USED Footer Element non-null: radiosondeSerialNumber = "M4613486"
USED Footer Element non-null: radiosondeSerialNumber = "M4613647"
USED Footer Element non-null: radiosondeSerialNumber = "M4616020"
USED Footer Element non-null: radiosondeSerialNumber = "M4853217"
USED Footer Element non-null: radiosondeSerialNumber = "M4853218"
USED Footer Element non-null: radiosondeSerialNumber = "M4853358"
USED Footer Element non-null: radiosondeSerialNumber = "N0953146"
USED Footer Element non-null: radiosondeSerialNumber = "N1033367"
USED Footer Element non-null: radiosondeSerialNumber = "N1033373"
USED Footer Element non-null: radiosondeSerialNumber = "N1033509"
USED Footer Element non-null: radiosondeSerialNumber = "N1033515"
USED Footer Element non-null: radiosondeSerialNumber = "N1033526"
USED Footer Element non-null: radiosondeSerialNumber = "N1033536"
USED Footer Element non-null: radiosondeSerialNumber = "N1033644"
USED Footer Element non-null: radiosondeSerialNumber = "N1033648"
USED Footer Element non-null: radiosondeSerialNumber = "N1033655"
USED Footer Element non-null: radiosondeSerialNumber = "N1033666"
USED Footer Element non-null: radiosondeSerialNumber = "N1033685"
USED Footer Element non-null: radiosondeSerialNumber = "N1033709"
USED Footer Element non-null: radiosondeSerialNumber = "N1033727"
USED Footer Element non-null: radiosondeSerialNumber = "N1043481"
USED Footer Element non-null: radiosondeSerialNumber = "N1053088"
USED Footer Element non-null: radiosondeSerialNumber = "N1053349"
USED Footer Element non-null: radiosondeSerialNumber = "N1053355"
USED Footer Element non-null: radiosondeSerialNumber = "N1053374"
USED Footer Element non-null: radiosondeSerialNumber = "N1053711"
USED Footer Element non-null: radiosondeSerialNumber = "N1053774"
USED Footer Element non-null: radiosondeSerialNumber = "N1053889"
USED Footer Element non-null: radiosondeSerialNumber = "N1053900"
USED Footer Element non-null: radiosondeSerialNumber = "N1053918"
USED Footer Element non-null: radiosondeSerialNumber = "N1053942"
USED Footer Element non-null: radiosondeSerialNumber = "N1113265"
USED Footer Element non-null: radiosondeSerialNumber = "N1113267"
USED Footer Element non-null: radiosondeSerialNumber = "N1113291"
USED Footer Element non-null: radiosondeSerialNumber = "N1113292"
USED Footer Element non-null: radiosondeSerialNumber = "N1113296"
USED Footer Element non-null: radiosondeSerialNumber = "N1113298"
USED Footer Element non-null: radiosondeSerialNumber = "N1113307"
USED Footer Element non-null: radiosondeSerialNumber = "N1113320"
USED Footer Element non-null: radiosondeSerialNumber = "N1113576"
USED Footer Element non-null: radiosondeSerialNumber = "N1123726"
USED Footer Element non-null: radiosondeSerialNumber = "N1123787"
USED Footer Element non-null: radiosondeSerialNumber = "N1123839"
USED Footer Element non-null: radiosondeSerialNumber = "N1123843"
USED Footer Element non-null: radiosondeSerialNumber = "N1123846"
USED Footer Element non-null: radiosondeSerialNumber = "N1123848"
USED Footer Element non-null: radiosondeSerialNumber = "N1123853"
USED Footer Element non-null: radiosondeSerialNumber = "N1123856"
USED Footer Element non-null: radiosondeSerialNumber = "N1123883"
USED Footer Element non-null: radiosondeSerialNumber = "N1133348"
USED Footer Element non-null: radiosondeSerialNumber = "N1133364"
USED Footer Element non-null: radiosondeSerialNumber = "N1133367"
USED Footer Element non-null: radiosondeSerialNumber = "N1133431"
USED Footer Element non-null: radiosondeSerialNumber = "N1143124"
USED Footer Element non-null: radiosondeSerialNumber = "N1143359"
USED Footer Element non-null: radiosondeSerialNumber = "N1223596"
USED Footer Element non-null: radiosondeSerialNumber = "N1333196"
USED Footer Element non-null: radiosondeSerialNumber = "N1333234"
USED Footer Element non-null: radiosondeSerialNumber = "N1333394"
USED Footer Element non-null: radiosondeSerialNumber = "N1333408"
USED Footer Element non-null: radiosondeSerialNumber = "N1333417"
USED Footer Element non-null: radiosondeSerialNumber = "N1333421"
USED Footer Element non-null: radiosondeSerialNumber = "N1333427"
USED Footer Element non-null: radiosondeSerialNumber = "N1753580"
USED Footer Element non-null: radiosondeSerialNumber = "N1933010"
USED Footer Element non-null: radiosondeSerialNumber = "N1933570"
USED Footer Element non-null: radiosondeSerialNumber = "N1943139"
USED Footer Element non-null: radiosondeSerialNumber = "N1943147"
USED Footer Element non-null: radiosondeSerialNumber = "N1943153"
USED Footer Element non-null: radiosondeSerialNumber = "N1953093"
USED Footer Element non-null: radiosondeSerialNumber = "N1953137"
USED Footer Element non-null: radiosondeSerialNumber = "N1953139"
USED Footer Element non-null: radiosondeSerialNumber = "N1953140"
USED Footer Element non-null: radiosondeSerialNumber = "N1953168"
USED Footer Element non-null: radiosondeSerialNumber = "N1953172"
USED Footer Element non-null: radiosondeSerialNumber = "N1953174"
USED Footer Element non-null: radiosondeSerialNumber = "N1953215"
USED Footer Element non-null: radiosondeSerialNumber = "N2013016"
USED Footer Element non-null: radiosondeSerialNumber = "N2013019"
USED Footer Element non-null: radiosondeSerialNumber = "N2013023"
USED Footer Element non-null: radiosondeSerialNumber = "N2013030"
USED Footer Element non-null: radiosondeSerialNumber = "N2013031"
USED Footer Element non-null: radiosondeSerialNumber = "N2013034"
USED Footer Element non-null: radiosondeSerialNumber = "N2013041"
USED Footer Element non-null: radiosondeSerialNumber = "N2013042"
USED Footer Element non-null: radiosondeSerialNumber = "N2013045"
USED Footer Element non-null: radiosondeSerialNumber = "N2013047"
USED Footer Element non-null: radiosondeSerialNumber = "N2013048"
USED Footer Element non-null: radiosondeSerialNumber = "N2013056"
USED Footer Element non-null: radiosondeSerialNumber = "N2013562"
USED Footer Element non-null: radiosondeSerialNumber = "N2013571"
USED Footer Element non-null: radiosondeSerialNumber = "N2013665"
USED Footer Element non-null: radiosondeSerialNumber = "N2013684"
USED Footer Element non-null: radiosondeSerialNumber = "N2023002"
USED Footer Element non-null: radiosondeSerialNumber = "N2023010"
USED Footer Element non-null: radiosondeSerialNumber = "N2023034"
USED Footer Element non-null: radiosondeSerialNumber = "N2023036"
USED Footer Element non-null: radiosondeSerialNumber = "N2023138"
USED Footer Element non-null: radiosondeSerialNumber = "N2023266"
USED Footer Element non-null: radiosondeSerialNumber = "N2023267"
USED Footer Element non-null: radiosondeSerialNumber = "N2023272"
USED Footer Element non-null: radiosondeSerialNumber = "N2023287"
USED Footer Element non-null: radiosondeSerialNumber = "N2023290"
USED Footer Element non-null: radiosondeSerialNumber = "N2043263"
USED Footer Element non-null: radiosondeSerialNumber = "N2053214"
USED Footer Element non-null: radiosondeSerialNumber = "N2053249"
USED Footer Element non-null: radiosondeSerialNumber = "N2330208"
USED Footer Element non-null: radiosondeSerialNumber = "N2330209"
USED Footer Element non-null: radiosondeSerialNumber = "N2340120"
USED Footer Element non-null: radiosondeSerialNumber = "N2340287"
USED Footer Element non-null: radiosondeSerialNumber = "N2340290"
USED Footer Element non-null: radiosondeSerialNumber = "N2340291"
USED Footer Element non-null: radiosondeSerialNumber = "N2340293"
USED Footer Element non-null: radiosondeSerialNumber = "N2340308"
USED Footer Element non-null: radiosondeSerialNumber = "N2340310"
USED Footer Element non-null: radiosondeSerialNumber = "N2340311"
USED Footer Element non-null: radiosondeSerialNumber = "N2340706"
USED Footer Element non-null: radiosondeSerialNumber = "N2410108"
USED Footer Element non-null: radiosondeSerialNumber = "N2410476"
USED Footer Element non-null: radiosondeSerialNumber = "N2410477"
USED Footer Element non-null: radiosondeSerialNumber = "N2410479"
USED Footer Element non-null: radiosondeSerialNumber = "N2410480"
USED Footer Element non-null: radiosondeSerialNumber = "N2410492"
USED Footer Element non-null: radiosondeSerialNumber = "N2410510"
USED Footer Element non-null: radiosondeSerialNumber = "N2410542"
USED Footer Element non-null: radiosondeSerialNumber = "N2410543"
USED Footer Element non-null: radiosondeSerialNumber = "N2410544"
USED Footer Element non-null: radiosondeSerialNumber = "N2410545"
USED Footer Element non-null: radiosondeSerialNumber = "N2410561"
USED Footer Element non-null: radiosondeSerialNumber = "N2410562"
USED Footer Element non-null: radiosondeSerialNumber = "N2410563"
USED Footer Element non-null: radiosondeSerialNumber = "N2410590"
USED Footer Element non-null: radiosondeSerialNumber = "N2410591"
USED Footer Element non-null: radiosondeSerialNumber = "N2410592"
USED Footer Element non-null: radiosondeSerialNumber = "N2410593"
USED Footer Element non-null: radiosondeSerialNumber = "N2410594"
USED Footer Element non-null: radiosondeSerialNumber = "N2410597"
USED Footer Element non-null: radiosondeSerialNumber = "N2410598"
USED Footer Element non-null: radiosondeSerialNumber = "N2410599"
USED Footer Element non-null: radiosondeSerialNumber = "N2410600"
USED Footer Element non-null: radiosondeSerialNumber = "N2420043"
USED Footer Element non-null: radiosondeSerialNumber = "N2420045"
USED Footer Element non-null: radiosondeSerialNumber = "N2420048"
USED Footer Element non-null: radiosondeSerialNumber = "N2420084"
USED Footer Element non-null: radiosondeSerialNumber = "N2420103"
USED Footer Element non-null: radiosondeSerialNumber = "N2420104"
USED Footer Element non-null: radiosondeSerialNumber = "N2420105"
USED Footer Element non-null: radiosondeSerialNumber = "N2420106"
USED Footer Element non-null: radiosondeSerialNumber = "N2420107"
USED Footer Element non-null: radiosondeSerialNumber = "N2420108"
USED Footer Element non-null: radiosondeSerialNumber = "N2420235"
USED Footer Element non-null: radiosondeSerialNumber = "N2420236"
USED Footer Element non-null: radiosondeSerialNumber = "N2420237"
USED Footer Element non-null: radiosondeSerialNumber = "N2420238"
USED Footer Element non-null: radiosondeSerialNumber = "N2420239"
USED Footer Element non-null: radiosondeSerialNumber = "N2420240"
USED Footer Element non-null: radiosondeSerialNumber = "N2420241"
USED Footer Element non-null: radiosondeSerialNumber = "N2420242"
USED Footer Element non-null: radiosondeSerialNumber = "N2420245"
USED Footer Element non-null: radiosondeSerialNumber = "N2420246"
USED Footer Element non-null: radiosondeSerialNumber = "N2420248"
USED Footer Element non-null: radiosondeSerialNumber = "N2420249"
USED Footer Element non-null: radiosondeSerialNumber = "N2420250"
USED Footer Element non-null: radiosondeSerialNumber = "N2420251"
USED Footer Element non-null: radiosondeSerialNumber = "N2420252"
USED Footer Element non-null: radiosondeSerialNumber = "N2420691"
USED Footer Element non-null: radiosondeSerialNumber = "N2420693"
USED Footer Element non-null: radiosondeSerialNumber = "N2420706"
USED Footer Element non-null: radiosondeSerialNumber = "N2420707"
USED Footer Element non-null: radiosondeSerialNumber = "N2420710"
USED Footer Element non-null: radiosondeSerialNumber = "N2420711"
USED Footer Element non-null: radiosondeSerialNumber = "N2420712"
USED Footer Element non-null: radiosondeSerialNumber = "N2420713"
USED Footer Element non-null: radiosondeSerialNumber = "N2420714"
USED Footer Element non-null: radiosondeSerialNumber = "N2420715"
USED Footer Element non-null: radiosondeSerialNumber = "N2420716"
USED Footer Element non-null: radiosondeSerialNumber = "N2420718"
USED Footer Element non-null: radiosondeSerialNumber = "N2420719"
USED Footer Element non-null: radiosondeSerialNumber = "N2430225"
USED Footer Element non-null: radiosondeSerialNumber = "N2430228"
USED Footer Element non-null: radiosondeSerialNumber = "N2430363"
USED Footer Element non-null: radiosondeSerialNumber = "N2430365"
USED Footer Element non-null: radiosondeSerialNumber = "N2430370"
USED Footer Element non-null: radiosondeSerialNumber = "N2430371"
USED Footer Element non-null: radiosondeSerialNumber = "N2440237"
USED Footer Element non-null: radiosondeSerialNumber = "N2440764"
USED Footer Element non-null: radiosondeSerialNumber = "N2450545"
USED Footer Element non-null: radiosondeSerialNumber = "N2610614"
USED Footer Element non-null: radiosondeSerialNumber = "N2610615"
USED Footer Element non-null: radiosondeSerialNumber = "N2620084"
USED Footer Element non-null: radiosondeSerialNumber = "N2620085"
USED Footer Element non-null: radiosondeSerialNumber = "N2620086"
USED Footer Element non-null: radiosondeSerialNumber = "N2620099"
USED Footer Element non-null: radiosondeSerialNumber = "N2620100"
USED Footer Element non-null: radiosondeSerialNumber = "N2620101"
USED Footer Element non-null: radiosondeSerialNumber = "N2620102"
USED Footer Element non-null: radiosondeSerialNumber = "N3740230"
USED Footer Element non-null: radiosondeSerialNumber = "N3740242"
USED Footer Element non-null: radiosondeSerialNumber = "N3740259"
