USED Footer Element non-null: radiosondeSerialNumber = "N2340120"
USED Footer Element non-null: radiosondeSerialNumber = "N2340287"
USED Footer Element non-null: radiosondeSerialNumber = "N2340290"
USED Footer Element non-null: radiosondeSerialNumber = "N2340291"
USED Footer Element non-null: radiosondeSerialNumber = "N2340293"
USED Footer Element non-null: radiosondeSerialNumber = "N2340308"
USED Footer Element non-null: radiosondeSerialNumber = "N2340310"
USED Footer Element non-null: radiosondeSerialNumber = "N2340311"
USED Footer Element non-null: radiosondeSerialNumber = "N2340706"
USED Footer Element non-null: radiosondeSerialNumber = "N2410108"
USED Footer Element non-null: radiosondeSerialNumber = "N2410476"
USED Footer Element non-null: radiosondeSerialNumber = "N2410477"
USED Footer Element non-null: radiosondeSerialNumber = "N2410479"
USED Footer Element non-null: radiosondeSerialNumber = "N2410480"
USED Footer Element non-null: radiosondeSerialNumber = "N2410492"
USED Footer Element non-null: radiosondeSerialNumber = "N2410510"
USED Footer Element non-null: radiosondeSerialNumber = "N2420043"
USED Footer Element non-null: radiosondeSerialNumber = "N2420045"
USED Footer Element non-null: radiosondeSerialNumber = "N2420048"
USED Footer Element non-null: radiosondeSerialNumber = "N2420235"
USED Footer Element non-null: radiosondeSerialNumber = "N2420236"
USED Footer Element non-null: radiosondeSerialNumber = "N2420237"
USED Footer Element non-null: radiosondeSerialNumber = "N2420238"
USED Footer Element non-null: radiosondeSerialNumber = "N2420239"
USED Footer Element non-null: radiosondeSerialNumber = "N2420240"
USED Footer Element non-null: radiosondeSerialNumber = "N2420241"
USED Footer Element non-null: radiosondeSerialNumber = "N2420242"
USED Footer Element non-null: radiosondeSerialNumber = "N2420245"
USED Footer Element non-null: radiosondeSerialNumber = "N2420246"
USED Footer Element non-null: radiosondeSerialNumber = "N2420248"
USED Footer Element non-null: radiosondeSerialNumber = "N2420249"
USED Footer Element non-null: radiosondeSerialNumber = "N2420250"
USED Footer Element non-null: radiosondeSerialNumber = "N2420251"
USED Footer Element non-null: radiosondeSerialNumber = "N2420252"
USED Footer Element non-null: radiosondeSerialNumber = "N2440237"
USED Footer Element non-null: radiosondeSerialNumber = "N2440764"
USED Footer Element non-null: radiosondeSerialNumber = "N2450545"
USED Footer Element non-null: radiosondeSerialNumber = "N2610614"
USED Footer Element non-null: radiosondeSerialNumber = "N2610615"
USED Footer Element non-null: radiosondeSerialNumber = "N2620084"
USED Footer Element non-null: radiosondeSerialNumber = "N2620085"
USED Footer Element non-null: radiosondeSerialNumber = "N2620086"
USED Footer Element non-null: radiosondeSerialNumber = "N2620099"
USED Footer Element non-null: radiosondeSerialNumber = "N2620100"
USED Footer Element non-null: radiosondeSerialNumber = "N2620101"
USED Footer Element non-null: radiosondeSerialNumber = "N2620102"
USED Footer Element non-null: radiosondeSerialNumber = "N3740230"
USED Footer Element non-null: radiosondeSerialNumber = "N3740242"
USED Footer Element non-null: radiosondeSerialNumber = "N3740259"
