 GoodGeopotentialHeight= 0, 		 nullGeopotentialHeight= 0, 		 allGeopotentialHeight= 0
 GoodNonCoordinateGeopotentialHeight= 1370, nullNonCoordinateGeopotentialHeight= 3, allNonCoordinateGeopotentialHeight= 1373
 GoodNonCoordinateGeopotentialHeight= 1397, nullNonCoordinateGeopotentialHeight= 3, allNonCoordinateGeopotentialHeight= 1400
 GoodNonCoordinateGeopotentialHeight= 1424, nullNonCoordinateGeopotentialHeight= 3, allNonCoordinateGeopotentialHeight= 1427
 GoodNonCoordinateGeopotentialHeight= 1473, nullNonCoordinateGeopotentialHeight= 3, allNonCoordinateGeopotentialHeight= 1476
 GoodNonCoordinateGeopotentialHeight= 1475, nullNonCoordinateGeopotentialHeight= 3, allNonCoordinateGeopotentialHeight= 1478
 GoodNonCoordinateGeopotentialHeight= 1505, nullNonCoordinateGeopotentialHeight= 3, allNonCoordinateGeopotentialHeight= 1508
 GoodNonCoordinateGeopotentialHeight= 1518, nullNonCoordinateGeopotentialHeight= 3, allNonCoordinateGeopotentialHeight= 1521
 GoodNonCoordinateGeopotentialHeight= 1519, nullNonCoordinateGeopotentialHeight= 3, allNonCoordinateGeopotentialHeight= 1522
 GoodNonCoordinateGeopotentialHeight= 1531, nullNonCoordinateGeopotentialHeight= 3, allNonCoordinateGeopotentialHeight= 1534
 GoodNonCoordinateGeopotentialHeight= 1535, nullNonCoordinateGeopotentialHeight= 3, allNonCoordinateGeopotentialHeight= 1538
 GoodNonCoordinateGeopotentialHeight= 1545, nullNonCoordinateGeopotentialHeight= 3, allNonCoordinateGeopotentialHeight= 1548
 GoodNonCoordinateGeopotentialHeight= 1561, nullNonCoordinateGeopotentialHeight= 3, allNonCoordinateGeopotentialHeight= 1564
 GoodNonCoordinateGeopotentialHeight= 1562, nullNonCoordinateGeopotentialHeight= 3, allNonCoordinateGeopotentialHeight= 1565
 GoodNonCoordinateGeopotentialHeight= 1564, nullNonCoordinateGeopotentialHeight= 3, allNonCoordinateGeopotentialHeight= 1567
 GoodNonCoordinateGeopotentialHeight= 1569, nullNonCoordinateGeopotentialHeight= 3, allNonCoordinateGeopotentialHeight= 1572
 GoodNonCoordinateGeopotentialHeight= 1570, nullNonCoordinateGeopotentialHeight= 3, allNonCoordinateGeopotentialHeight= 1573
 GoodNonCoordinateGeopotentialHeight= 1586, nullNonCoordinateGeopotentialHeight= 3, allNonCoordinateGeopotentialHeight= 1589
 GoodNonCoordinateGeopotentialHeight= 1594, nullNonCoordinateGeopotentialHeight= 3, allNonCoordinateGeopotentialHeight= 1597
 GoodNonCoordinateGeopotentialHeight= 1606, nullNonCoordinateGeopotentialHeight= 3, allNonCoordinateGeopotentialHeight= 1609
 GoodNonCoordinateGeopotentialHeight= 1622, nullNonCoordinateGeopotentialHeight= 3, allNonCoordinateGeopotentialHeight= 1625
 GoodNonCoordinateGeopotentialHeight= 1624, nullNonCoordinateGeopotentialHeight= 3, allNonCoordinateGeopotentialHeight= 1627
 GoodNonCoordinateGeopotentialHeight= 1626, nullNonCoordinateGeopotentialHeight= 3, allNonCoordinateGeopotentialHeight= 1629
 GoodNonCoordinateGeopotentialHeight= 1641, nullNonCoordinateGeopotentialHeight= 3, allNonCoordinateGeopotentialHeight= 1644
 GoodNonCoordinateGeopotentialHeight= 1643, nullNonCoordinateGeopotentialHeight= 3, allNonCoordinateGeopotentialHeight= 1646
 GoodNonCoordinateGeopotentialHeight= 1655, nullNonCoordinateGeopotentialHeight= 3, allNonCoordinateGeopotentialHeight= 1658
 GoodNonCoordinateGeopotentialHeight= 1659, nullNonCoordinateGeopotentialHeight= 3, allNonCoordinateGeopotentialHeight= 1662
 GoodNonCoordinateGeopotentialHeight= 1679, nullNonCoordinateGeopotentialHeight= 3, allNonCoordinateGeopotentialHeight= 1682
 GoodNonCoordinateGeopotentialHeight= 1685, nullNonCoordinateGeopotentialHeight= 3, allNonCoordinateGeopotentialHeight= 1688
 GoodNonCoordinateGeopotentialHeight= 1693, nullNonCoordinateGeopotentialHeight= 3, allNonCoordinateGeopotentialHeight= 1696
 GoodNonCoordinateGeopotentialHeight= 1699, nullNonCoordinateGeopotentialHeight= 3, allNonCoordinateGeopotentialHeight= 1702
 GoodNonCoordinateGeopotentialHeight= 1700, nullNonCoordinateGeopotentialHeight= 3, allNonCoordinateGeopotentialHeight= 1703
 GoodNonCoordinateGeopotentialHeight= 1720, nullNonCoordinateGeopotentialHeight= 3, allNonCoordinateGeopotentialHeight= 1723
 GoodNonCoordinateGeopotentialHeight= 1724, nullNonCoordinateGeopotentialHeight= 3, allNonCoordinateGeopotentialHeight= 1727
 GoodNonCoordinateGeopotentialHeight= 1728, nullNonCoordinateGeopotentialHeight= 3, allNonCoordinateGeopotentialHeight= 1731
 GoodNonCoordinateGeopotentialHeight= 1729, nullNonCoordinateGeopotentialHeight= 3, allNonCoordinateGeopotentialHeight= 1732
 GoodNonCoordinateGeopotentialHeight= 1740, nullNonCoordinateGeopotentialHeight= 3, allNonCoordinateGeopotentialHeight= 1743
 GoodNonCoordinateGeopotentialHeight= 1742, nullNonCoordinateGeopotentialHeight= 3, allNonCoordinateGeopotentialHeight= 1745
 GoodNonCoordinateGeopotentialHeight= 1755, nullNonCoordinateGeopotentialHeight= 3, allNonCoordinateGeopotentialHeight= 1758
 GoodNonCoordinateGeopotentialHeight= 1784, nullNonCoordinateGeopotentialHeight= 3, allNonCoordinateGeopotentialHeight= 1787
 GoodNonCoordinateGeopotentialHeight= 1789, nullNonCoordinateGeopotentialHeight= 3, allNonCoordinateGeopotentialHeight= 1792
 GoodNonCoordinateGeopotentialHeight= 1820, nullNonCoordinateGeopotentialHeight= 3, allNonCoordinateGeopotentialHeight= 1823
 GoodNonCoordinateGeopotentialHeight= 1821, nullNonCoordinateGeopotentialHeight= 3, allNonCoordinateGeopotentialHeight= 1824
 GoodNonCoordinateGeopotentialHeight= 1822, nullNonCoordinateGeopotentialHeight= 3, allNonCoordinateGeopotentialHeight= 1825
 GoodNonCoordinateGeopotentialHeight= 1825, nullNonCoordinateGeopotentialHeight= 3, allNonCoordinateGeopotentialHeight= 1828
 GoodNonCoordinateGeopotentialHeight= 1857, nullNonCoordinateGeopotentialHeight= 3, allNonCoordinateGeopotentialHeight= 1860
 GoodNonCoordinateGeopotentialHeight= 1873, nullNonCoordinateGeopotentialHeight= 3, allNonCoordinateGeopotentialHeight= 1876
 GoodNonCoordinateGeopotentialHeight= 2103, nullNonCoordinateGeopotentialHeight= 3, allNonCoordinateGeopotentialHeight= 2106
 GoodNonCoordinateGeopotentialHeight= 2740, nullNonCoordinateGeopotentialHeight= 3, allNonCoordinateGeopotentialHeight= 2743
USED Footer Element non-null: geopotentialHeightCalculation = 1
WARNING: Null nonCoordinateGeopotentialHeight
