 GoodGeopotentialHeight= 0, 		 nullGeopotentialHeight= 0, 		 allGeopotentialHeight= 0
 GoodNonCoordinateGeopotentialHeight= 0, nullNonCoordinateGeopotentialHeight= 0, allNonCoordinateGeopotentialHeight= 0
 GoodNonCoordinateGeopotentialHeight= 1577, nullNonCoordinateGeopotentialHeight= 0, allNonCoordinateGeopotentialHeight= 1577
 GoodNonCoordinateGeopotentialHeight= 173, nullNonCoordinateGeopotentialHeight= 0, allNonCoordinateGeopotentialHeight= 173
 GoodNonCoordinateGeopotentialHeight= 189, nullNonCoordinateGeopotentialHeight= 0, allNonCoordinateGeopotentialHeight= 189
 GoodNonCoordinateGeopotentialHeight= 270, nullNonCoordinateGeopotentialHeight= 0, allNonCoordinateGeopotentialHeight= 270
 GoodNonCoordinateGeopotentialHeight= 2835, nullNonCoordinateGeopotentialHeight= 0, allNonCoordinateGeopotentialHeight= 2835
 GoodNonCoordinateGeopotentialHeight= 2845, nullNonCoordinateGeopotentialHeight= 0, allNonCoordinateGeopotentialHeight= 2845
 GoodNonCoordinateGeopotentialHeight= 2994, nullNonCoordinateGeopotentialHeight= 0, allNonCoordinateGeopotentialHeight= 2994
 GoodNonCoordinateGeopotentialHeight= 3078, nullNonCoordinateGeopotentialHeight= 0, allNonCoordinateGeopotentialHeight= 3078
 GoodNonCoordinateGeopotentialHeight= 3159, nullNonCoordinateGeopotentialHeight= 0, allNonCoordinateGeopotentialHeight= 3159
 GoodNonCoordinateGeopotentialHeight= 3221, nullNonCoordinateGeopotentialHeight= 0, allNonCoordinateGeopotentialHeight= 3221
 GoodNonCoordinateGeopotentialHeight= 3267, nullNonCoordinateGeopotentialHeight= 0, allNonCoordinateGeopotentialHeight= 3267
 GoodNonCoordinateGeopotentialHeight= 3283, nullNonCoordinateGeopotentialHeight= 0, allNonCoordinateGeopotentialHeight= 3283
 GoodNonCoordinateGeopotentialHeight= 3293, nullNonCoordinateGeopotentialHeight= 0, allNonCoordinateGeopotentialHeight= 3293
 GoodNonCoordinateGeopotentialHeight= 3302, nullNonCoordinateGeopotentialHeight= 0, allNonCoordinateGeopotentialHeight= 3302
 GoodNonCoordinateGeopotentialHeight= 3308, nullNonCoordinateGeopotentialHeight= 0, allNonCoordinateGeopotentialHeight= 3308
 GoodNonCoordinateGeopotentialHeight= 3310, nullNonCoordinateGeopotentialHeight= 0, allNonCoordinateGeopotentialHeight= 3310
 GoodNonCoordinateGeopotentialHeight= 3316, nullNonCoordinateGeopotentialHeight= 0, allNonCoordinateGeopotentialHeight= 3316
 GoodNonCoordinateGeopotentialHeight= 3323, nullNonCoordinateGeopotentialHeight= 0, allNonCoordinateGeopotentialHeight= 3323
 GoodNonCoordinateGeopotentialHeight= 3332, nullNonCoordinateGeopotentialHeight= 0, allNonCoordinateGeopotentialHeight= 3332
 GoodNonCoordinateGeopotentialHeight= 3346, nullNonCoordinateGeopotentialHeight= 0, allNonCoordinateGeopotentialHeight= 3346
 GoodNonCoordinateGeopotentialHeight= 3365, nullNonCoordinateGeopotentialHeight= 0, allNonCoordinateGeopotentialHeight= 3365
 GoodNonCoordinateGeopotentialHeight= 3367, nullNonCoordinateGeopotentialHeight= 0, allNonCoordinateGeopotentialHeight= 3367
 GoodNonCoordinateGeopotentialHeight= 3374, nullNonCoordinateGeopotentialHeight= 0, allNonCoordinateGeopotentialHeight= 3374
 GoodNonCoordinateGeopotentialHeight= 3379, nullNonCoordinateGeopotentialHeight= 0, allNonCoordinateGeopotentialHeight= 3379
 GoodNonCoordinateGeopotentialHeight= 3381, nullNonCoordinateGeopotentialHeight= 0, allNonCoordinateGeopotentialHeight= 3381
 GoodNonCoordinateGeopotentialHeight= 3386, nullNonCoordinateGeopotentialHeight= 0, allNonCoordinateGeopotentialHeight= 3386
 GoodNonCoordinateGeopotentialHeight= 3401, nullNonCoordinateGeopotentialHeight= 0, allNonCoordinateGeopotentialHeight= 3401
 GoodNonCoordinateGeopotentialHeight= 3404, nullNonCoordinateGeopotentialHeight= 0, allNonCoordinateGeopotentialHeight= 3404
 GoodNonCoordinateGeopotentialHeight= 3465, nullNonCoordinateGeopotentialHeight= 0, allNonCoordinateGeopotentialHeight= 3465
 GoodNonCoordinateGeopotentialHeight= 3468, nullNonCoordinateGeopotentialHeight= 0, allNonCoordinateGeopotentialHeight= 3468
 GoodNonCoordinateGeopotentialHeight= 3473, nullNonCoordinateGeopotentialHeight= 0, allNonCoordinateGeopotentialHeight= 3473
 GoodNonCoordinateGeopotentialHeight= 3504, nullNonCoordinateGeopotentialHeight= 0, allNonCoordinateGeopotentialHeight= 3504
 GoodNonCoordinateGeopotentialHeight= 3511, nullNonCoordinateGeopotentialHeight= 0, allNonCoordinateGeopotentialHeight= 3511
 GoodNonCoordinateGeopotentialHeight= 3512, nullNonCoordinateGeopotentialHeight= 0, allNonCoordinateGeopotentialHeight= 3512
 GoodNonCoordinateGeopotentialHeight= 3522, nullNonCoordinateGeopotentialHeight= 0, allNonCoordinateGeopotentialHeight= 3522
 GoodNonCoordinateGeopotentialHeight= 3530, nullNonCoordinateGeopotentialHeight= 0, allNonCoordinateGeopotentialHeight= 3530
 GoodNonCoordinateGeopotentialHeight= 3531, nullNonCoordinateGeopotentialHeight= 0, allNonCoordinateGeopotentialHeight= 3531
 GoodNonCoordinateGeopotentialHeight= 3563, nullNonCoordinateGeopotentialHeight= 0, allNonCoordinateGeopotentialHeight= 3563
 GoodNonCoordinateGeopotentialHeight= 3567, nullNonCoordinateGeopotentialHeight= 0, allNonCoordinateGeopotentialHeight= 3567
 GoodNonCoordinateGeopotentialHeight= 3579, nullNonCoordinateGeopotentialHeight= 0, allNonCoordinateGeopotentialHeight= 3579
 GoodNonCoordinateGeopotentialHeight= 3585, nullNonCoordinateGeopotentialHeight= 0, allNonCoordinateGeopotentialHeight= 3585
 GoodNonCoordinateGeopotentialHeight= 3586, nullNonCoordinateGeopotentialHeight= 0, allNonCoordinateGeopotentialHeight= 3586
 GoodNonCoordinateGeopotentialHeight= 3598, nullNonCoordinateGeopotentialHeight= 0, allNonCoordinateGeopotentialHeight= 3598
 GoodNonCoordinateGeopotentialHeight= 3608, nullNonCoordinateGeopotentialHeight= 0, allNonCoordinateGeopotentialHeight= 3608
 GoodNonCoordinateGeopotentialHeight= 3612, nullNonCoordinateGeopotentialHeight= 0, allNonCoordinateGeopotentialHeight= 3612
 GoodNonCoordinateGeopotentialHeight= 3615, nullNonCoordinateGeopotentialHeight= 0, allNonCoordinateGeopotentialHeight= 3615
 GoodNonCoordinateGeopotentialHeight= 3616, nullNonCoordinateGeopotentialHeight= 0, allNonCoordinateGeopotentialHeight= 3616
 GoodNonCoordinateGeopotentialHeight= 3621, nullNonCoordinateGeopotentialHeight= 0, allNonCoordinateGeopotentialHeight= 3621
 GoodNonCoordinateGeopotentialHeight= 3627, nullNonCoordinateGeopotentialHeight= 0, allNonCoordinateGeopotentialHeight= 3627
 GoodNonCoordinateGeopotentialHeight= 3630, nullNonCoordinateGeopotentialHeight= 0, allNonCoordinateGeopotentialHeight= 3630
 GoodNonCoordinateGeopotentialHeight= 3632, nullNonCoordinateGeopotentialHeight= 0, allNonCoordinateGeopotentialHeight= 3632
 GoodNonCoordinateGeopotentialHeight= 3639, nullNonCoordinateGeopotentialHeight= 0, allNonCoordinateGeopotentialHeight= 3639
 GoodNonCoordinateGeopotentialHeight= 3648, nullNonCoordinateGeopotentialHeight= 0, allNonCoordinateGeopotentialHeight= 3648
 GoodNonCoordinateGeopotentialHeight= 3653, nullNonCoordinateGeopotentialHeight= 0, allNonCoordinateGeopotentialHeight= 3653
 GoodNonCoordinateGeopotentialHeight= 3669, nullNonCoordinateGeopotentialHeight= 0, allNonCoordinateGeopotentialHeight= 3669
 GoodNonCoordinateGeopotentialHeight= 3673, nullNonCoordinateGeopotentialHeight= 0, allNonCoordinateGeopotentialHeight= 3673
 GoodNonCoordinateGeopotentialHeight= 3695, nullNonCoordinateGeopotentialHeight= 0, allNonCoordinateGeopotentialHeight= 3695
 GoodNonCoordinateGeopotentialHeight= 3740, nullNonCoordinateGeopotentialHeight= 0, allNonCoordinateGeopotentialHeight= 3740
 GoodNonCoordinateGeopotentialHeight= 3742, nullNonCoordinateGeopotentialHeight= 0, allNonCoordinateGeopotentialHeight= 3742
 GoodNonCoordinateGeopotentialHeight= 3745, nullNonCoordinateGeopotentialHeight= 0, allNonCoordinateGeopotentialHeight= 3745
 GoodNonCoordinateGeopotentialHeight= 3750, nullNonCoordinateGeopotentialHeight= 0, allNonCoordinateGeopotentialHeight= 3750
 GoodNonCoordinateGeopotentialHeight= 3760, nullNonCoordinateGeopotentialHeight= 0, allNonCoordinateGeopotentialHeight= 3760
 GoodNonCoordinateGeopotentialHeight= 3761, nullNonCoordinateGeopotentialHeight= 0, allNonCoordinateGeopotentialHeight= 3761
 GoodNonCoordinateGeopotentialHeight= 3763, nullNonCoordinateGeopotentialHeight= 0, allNonCoordinateGeopotentialHeight= 3763
 GoodNonCoordinateGeopotentialHeight= 3768, nullNonCoordinateGeopotentialHeight= 0, allNonCoordinateGeopotentialHeight= 3768
 GoodNonCoordinateGeopotentialHeight= 3780, nullNonCoordinateGeopotentialHeight= 0, allNonCoordinateGeopotentialHeight= 3780
 GoodNonCoordinateGeopotentialHeight= 3784, nullNonCoordinateGeopotentialHeight= 0, allNonCoordinateGeopotentialHeight= 3784
 GoodNonCoordinateGeopotentialHeight= 3785, nullNonCoordinateGeopotentialHeight= 0, allNonCoordinateGeopotentialHeight= 3785
 GoodNonCoordinateGeopotentialHeight= 3790, nullNonCoordinateGeopotentialHeight= 0, allNonCoordinateGeopotentialHeight= 3790
 GoodNonCoordinateGeopotentialHeight= 3793, nullNonCoordinateGeopotentialHeight= 0, allNonCoordinateGeopotentialHeight= 3793
 GoodNonCoordinateGeopotentialHeight= 3797, nullNonCoordinateGeopotentialHeight= 0, allNonCoordinateGeopotentialHeight= 3797
 GoodNonCoordinateGeopotentialHeight= 3809, nullNonCoordinateGeopotentialHeight= 0, allNonCoordinateGeopotentialHeight= 3809
 GoodNonCoordinateGeopotentialHeight= 3811, nullNonCoordinateGeopotentialHeight= 0, allNonCoordinateGeopotentialHeight= 3811
 GoodNonCoordinateGeopotentialHeight= 3824, nullNonCoordinateGeopotentialHeight= 0, allNonCoordinateGeopotentialHeight= 3824
 GoodNonCoordinateGeopotentialHeight= 3837, nullNonCoordinateGeopotentialHeight= 0, allNonCoordinateGeopotentialHeight= 3837
 GoodNonCoordinateGeopotentialHeight= 3839, nullNonCoordinateGeopotentialHeight= 0, allNonCoordinateGeopotentialHeight= 3839
 GoodNonCoordinateGeopotentialHeight= 3843, nullNonCoordinateGeopotentialHeight= 0, allNonCoordinateGeopotentialHeight= 3843
 GoodNonCoordinateGeopotentialHeight= 3850, nullNonCoordinateGeopotentialHeight= 0, allNonCoordinateGeopotentialHeight= 3850
 GoodNonCoordinateGeopotentialHeight= 3852, nullNonCoordinateGeopotentialHeight= 0, allNonCoordinateGeopotentialHeight= 3852
 GoodNonCoordinateGeopotentialHeight= 3853, nullNonCoordinateGeopotentialHeight= 0, allNonCoordinateGeopotentialHeight= 3853
 GoodNonCoordinateGeopotentialHeight= 3854, nullNonCoordinateGeopotentialHeight= 0, allNonCoordinateGeopotentialHeight= 3854
 GoodNonCoordinateGeopotentialHeight= 3856, nullNonCoordinateGeopotentialHeight= 0, allNonCoordinateGeopotentialHeight= 3856
 GoodNonCoordinateGeopotentialHeight= 3863, nullNonCoordinateGeopotentialHeight= 0, allNonCoordinateGeopotentialHeight= 3863
 GoodNonCoordinateGeopotentialHeight= 3864, nullNonCoordinateGeopotentialHeight= 0, allNonCoordinateGeopotentialHeight= 3864
 GoodNonCoordinateGeopotentialHeight= 3878, nullNonCoordinateGeopotentialHeight= 0, allNonCoordinateGeopotentialHeight= 3878
 GoodNonCoordinateGeopotentialHeight= 3880, nullNonCoordinateGeopotentialHeight= 0, allNonCoordinateGeopotentialHeight= 3880
 GoodNonCoordinateGeopotentialHeight= 3890, nullNonCoordinateGeopotentialHeight= 0, allNonCoordinateGeopotentialHeight= 3890
 GoodNonCoordinateGeopotentialHeight= 3891, nullNonCoordinateGeopotentialHeight= 0, allNonCoordinateGeopotentialHeight= 3891
 GoodNonCoordinateGeopotentialHeight= 3893, nullNonCoordinateGeopotentialHeight= 0, allNonCoordinateGeopotentialHeight= 3893
 GoodNonCoordinateGeopotentialHeight= 3904, nullNonCoordinateGeopotentialHeight= 0, allNonCoordinateGeopotentialHeight= 3904
 GoodNonCoordinateGeopotentialHeight= 3909, nullNonCoordinateGeopotentialHeight= 0, allNonCoordinateGeopotentialHeight= 3909
 GoodNonCoordinateGeopotentialHeight= 3916, nullNonCoordinateGeopotentialHeight= 0, allNonCoordinateGeopotentialHeight= 3916
 GoodNonCoordinateGeopotentialHeight= 3926, nullNonCoordinateGeopotentialHeight= 0, allNonCoordinateGeopotentialHeight= 3926
 GoodNonCoordinateGeopotentialHeight= 3933, nullNonCoordinateGeopotentialHeight= 0, allNonCoordinateGeopotentialHeight= 3933
 GoodNonCoordinateGeopotentialHeight= 3948, nullNonCoordinateGeopotentialHeight= 0, allNonCoordinateGeopotentialHeight= 3948
 GoodNonCoordinateGeopotentialHeight= 3951, nullNonCoordinateGeopotentialHeight= 0, allNonCoordinateGeopotentialHeight= 3951
 GoodNonCoordinateGeopotentialHeight= 3953, nullNonCoordinateGeopotentialHeight= 0, allNonCoordinateGeopotentialHeight= 3953
 GoodNonCoordinateGeopotentialHeight= 3954, nullNonCoordinateGeopotentialHeight= 0, allNonCoordinateGeopotentialHeight= 3954
 GoodNonCoordinateGeopotentialHeight= 3961, nullNonCoordinateGeopotentialHeight= 0, allNonCoordinateGeopotentialHeight= 3961
 GoodNonCoordinateGeopotentialHeight= 3963, nullNonCoordinateGeopotentialHeight= 0, allNonCoordinateGeopotentialHeight= 3963
 GoodNonCoordinateGeopotentialHeight= 3964, nullNonCoordinateGeopotentialHeight= 0, allNonCoordinateGeopotentialHeight= 3964
 GoodNonCoordinateGeopotentialHeight= 3965, nullNonCoordinateGeopotentialHeight= 0, allNonCoordinateGeopotentialHeight= 3965
 GoodNonCoordinateGeopotentialHeight= 3968, nullNonCoordinateGeopotentialHeight= 0, allNonCoordinateGeopotentialHeight= 3968
 GoodNonCoordinateGeopotentialHeight= 3977, nullNonCoordinateGeopotentialHeight= 0, allNonCoordinateGeopotentialHeight= 3977
 GoodNonCoordinateGeopotentialHeight= 3981, nullNonCoordinateGeopotentialHeight= 0, allNonCoordinateGeopotentialHeight= 3981
 GoodNonCoordinateGeopotentialHeight= 3983, nullNonCoordinateGeopotentialHeight= 0, allNonCoordinateGeopotentialHeight= 3983
 GoodNonCoordinateGeopotentialHeight= 3991, nullNonCoordinateGeopotentialHeight= 0, allNonCoordinateGeopotentialHeight= 3991
 GoodNonCoordinateGeopotentialHeight= 4006, nullNonCoordinateGeopotentialHeight= 0, allNonCoordinateGeopotentialHeight= 4006
 GoodNonCoordinateGeopotentialHeight= 4011, nullNonCoordinateGeopotentialHeight= 0, allNonCoordinateGeopotentialHeight= 4011
 GoodNonCoordinateGeopotentialHeight= 4021, nullNonCoordinateGeopotentialHeight= 0, allNonCoordinateGeopotentialHeight= 4021
 GoodNonCoordinateGeopotentialHeight= 4023, nullNonCoordinateGeopotentialHeight= 0, allNonCoordinateGeopotentialHeight= 4023
 GoodNonCoordinateGeopotentialHeight= 4030, nullNonCoordinateGeopotentialHeight= 0, allNonCoordinateGeopotentialHeight= 4030
 GoodNonCoordinateGeopotentialHeight= 4042, nullNonCoordinateGeopotentialHeight= 0, allNonCoordinateGeopotentialHeight= 4042
 GoodNonCoordinateGeopotentialHeight= 4044, nullNonCoordinateGeopotentialHeight= 0, allNonCoordinateGeopotentialHeight= 4044
 GoodNonCoordinateGeopotentialHeight= 4050, nullNonCoordinateGeopotentialHeight= 0, allNonCoordinateGeopotentialHeight= 4050
 GoodNonCoordinateGeopotentialHeight= 4052, nullNonCoordinateGeopotentialHeight= 0, allNonCoordinateGeopotentialHeight= 4052
 GoodNonCoordinateGeopotentialHeight= 4059, nullNonCoordinateGeopotentialHeight= 0, allNonCoordinateGeopotentialHeight= 4059
 GoodNonCoordinateGeopotentialHeight= 4063, nullNonCoordinateGeopotentialHeight= 0, allNonCoordinateGeopotentialHeight= 4063
 GoodNonCoordinateGeopotentialHeight= 4065, nullNonCoordinateGeopotentialHeight= 0, allNonCoordinateGeopotentialHeight= 4065
 GoodNonCoordinateGeopotentialHeight= 4066, nullNonCoordinateGeopotentialHeight= 0, allNonCoordinateGeopotentialHeight= 4066
 GoodNonCoordinateGeopotentialHeight= 4068, nullNonCoordinateGeopotentialHeight= 0, allNonCoordinateGeopotentialHeight= 4068
 GoodNonCoordinateGeopotentialHeight= 4069, nullNonCoordinateGeopotentialHeight= 0, allNonCoordinateGeopotentialHeight= 4069
 GoodNonCoordinateGeopotentialHeight= 4075, nullNonCoordinateGeopotentialHeight= 0, allNonCoordinateGeopotentialHeight= 4075
 GoodNonCoordinateGeopotentialHeight= 4079, nullNonCoordinateGeopotentialHeight= 0, allNonCoordinateGeopotentialHeight= 4079
 GoodNonCoordinateGeopotentialHeight= 4086, nullNonCoordinateGeopotentialHeight= 0, allNonCoordinateGeopotentialHeight= 4086
 GoodNonCoordinateGeopotentialHeight= 4088, nullNonCoordinateGeopotentialHeight= 0, allNonCoordinateGeopotentialHeight= 4088
 GoodNonCoordinateGeopotentialHeight= 4089, nullNonCoordinateGeopotentialHeight= 0, allNonCoordinateGeopotentialHeight= 4089
 GoodNonCoordinateGeopotentialHeight= 4094, nullNonCoordinateGeopotentialHeight= 0, allNonCoordinateGeopotentialHeight= 4094
 GoodNonCoordinateGeopotentialHeight= 4097, nullNonCoordinateGeopotentialHeight= 0, allNonCoordinateGeopotentialHeight= 4097
 GoodNonCoordinateGeopotentialHeight= 4118, nullNonCoordinateGeopotentialHeight= 0, allNonCoordinateGeopotentialHeight= 4118
 GoodNonCoordinateGeopotentialHeight= 4128, nullNonCoordinateGeopotentialHeight= 0, allNonCoordinateGeopotentialHeight= 4128
 GoodNonCoordinateGeopotentialHeight= 4138, nullNonCoordinateGeopotentialHeight= 0, allNonCoordinateGeopotentialHeight= 4138
 GoodNonCoordinateGeopotentialHeight= 4144, nullNonCoordinateGeopotentialHeight= 0, allNonCoordinateGeopotentialHeight= 4144
 GoodNonCoordinateGeopotentialHeight= 4150, nullNonCoordinateGeopotentialHeight= 0, allNonCoordinateGeopotentialHeight= 4150
 GoodNonCoordinateGeopotentialHeight= 4158, nullNonCoordinateGeopotentialHeight= 0, allNonCoordinateGeopotentialHeight= 4158
 GoodNonCoordinateGeopotentialHeight= 4160, nullNonCoordinateGeopotentialHeight= 0, allNonCoordinateGeopotentialHeight= 4160
 GoodNonCoordinateGeopotentialHeight= 4165, nullNonCoordinateGeopotentialHeight= 0, allNonCoordinateGeopotentialHeight= 4165
 GoodNonCoordinateGeopotentialHeight= 4166, nullNonCoordinateGeopotentialHeight= 0, allNonCoordinateGeopotentialHeight= 4166
 GoodNonCoordinateGeopotentialHeight= 4170, nullNonCoordinateGeopotentialHeight= 0, allNonCoordinateGeopotentialHeight= 4170
 GoodNonCoordinateGeopotentialHeight= 4171, nullNonCoordinateGeopotentialHeight= 0, allNonCoordinateGeopotentialHeight= 4171
 GoodNonCoordinateGeopotentialHeight= 4173, nullNonCoordinateGeopotentialHeight= 0, allNonCoordinateGeopotentialHeight= 4173
 GoodNonCoordinateGeopotentialHeight= 4178, nullNonCoordinateGeopotentialHeight= 0, allNonCoordinateGeopotentialHeight= 4178
 GoodNonCoordinateGeopotentialHeight= 4188, nullNonCoordinateGeopotentialHeight= 0, allNonCoordinateGeopotentialHeight= 4188
 GoodNonCoordinateGeopotentialHeight= 4193, nullNonCoordinateGeopotentialHeight= 0, allNonCoordinateGeopotentialHeight= 4193
 GoodNonCoordinateGeopotentialHeight= 4194, nullNonCoordinateGeopotentialHeight= 0, allNonCoordinateGeopotentialHeight= 4194
 GoodNonCoordinateGeopotentialHeight= 4200, nullNonCoordinateGeopotentialHeight= 0, allNonCoordinateGeopotentialHeight= 4200
 GoodNonCoordinateGeopotentialHeight= 4204, nullNonCoordinateGeopotentialHeight= 0, allNonCoordinateGeopotentialHeight= 4204
 GoodNonCoordinateGeopotentialHeight= 4207, nullNonCoordinateGeopotentialHeight= 0, allNonCoordinateGeopotentialHeight= 4207
 GoodNonCoordinateGeopotentialHeight= 4213, nullNonCoordinateGeopotentialHeight= 0, allNonCoordinateGeopotentialHeight= 4213
 GoodNonCoordinateGeopotentialHeight= 4223, nullNonCoordinateGeopotentialHeight= 0, allNonCoordinateGeopotentialHeight= 4223
 GoodNonCoordinateGeopotentialHeight= 4230, nullNonCoordinateGeopotentialHeight= 0, allNonCoordinateGeopotentialHeight= 4230
 GoodNonCoordinateGeopotentialHeight= 4231, nullNonCoordinateGeopotentialHeight= 0, allNonCoordinateGeopotentialHeight= 4231
 GoodNonCoordinateGeopotentialHeight= 4232, nullNonCoordinateGeopotentialHeight= 0, allNonCoordinateGeopotentialHeight= 4232
 GoodNonCoordinateGeopotentialHeight= 4239, nullNonCoordinateGeopotentialHeight= 0, allNonCoordinateGeopotentialHeight= 4239
 GoodNonCoordinateGeopotentialHeight= 4242, nullNonCoordinateGeopotentialHeight= 0, allNonCoordinateGeopotentialHeight= 4242
 GoodNonCoordinateGeopotentialHeight= 4248, nullNonCoordinateGeopotentialHeight= 0, allNonCoordinateGeopotentialHeight= 4248
 GoodNonCoordinateGeopotentialHeight= 4251, nullNonCoordinateGeopotentialHeight= 0, allNonCoordinateGeopotentialHeight= 4251
 GoodNonCoordinateGeopotentialHeight= 4258, nullNonCoordinateGeopotentialHeight= 0, allNonCoordinateGeopotentialHeight= 4258
 GoodNonCoordinateGeopotentialHeight= 4264, nullNonCoordinateGeopotentialHeight= 0, allNonCoordinateGeopotentialHeight= 4264
 GoodNonCoordinateGeopotentialHeight= 4275, nullNonCoordinateGeopotentialHeight= 0, allNonCoordinateGeopotentialHeight= 4275
 GoodNonCoordinateGeopotentialHeight= 4281, nullNonCoordinateGeopotentialHeight= 0, allNonCoordinateGeopotentialHeight= 4281
 GoodNonCoordinateGeopotentialHeight= 4283, nullNonCoordinateGeopotentialHeight= 0, allNonCoordinateGeopotentialHeight= 4283
 GoodNonCoordinateGeopotentialHeight= 4290, nullNonCoordinateGeopotentialHeight= 0, allNonCoordinateGeopotentialHeight= 4290
 GoodNonCoordinateGeopotentialHeight= 4291, nullNonCoordinateGeopotentialHeight= 0, allNonCoordinateGeopotentialHeight= 4291
 GoodNonCoordinateGeopotentialHeight= 4294, nullNonCoordinateGeopotentialHeight= 0, allNonCoordinateGeopotentialHeight= 4294
 GoodNonCoordinateGeopotentialHeight= 4299, nullNonCoordinateGeopotentialHeight= 0, allNonCoordinateGeopotentialHeight= 4299
 GoodNonCoordinateGeopotentialHeight= 4300, nullNonCoordinateGeopotentialHeight= 0, allNonCoordinateGeopotentialHeight= 4300
 GoodNonCoordinateGeopotentialHeight= 4301, nullNonCoordinateGeopotentialHeight= 0, allNonCoordinateGeopotentialHeight= 4301
 GoodNonCoordinateGeopotentialHeight= 4302, nullNonCoordinateGeopotentialHeight= 0, allNonCoordinateGeopotentialHeight= 4302
 GoodNonCoordinateGeopotentialHeight= 4306, nullNonCoordinateGeopotentialHeight= 0, allNonCoordinateGeopotentialHeight= 4306
 GoodNonCoordinateGeopotentialHeight= 4307, nullNonCoordinateGeopotentialHeight= 0, allNonCoordinateGeopotentialHeight= 4307
 GoodNonCoordinateGeopotentialHeight= 4316, nullNonCoordinateGeopotentialHeight= 0, allNonCoordinateGeopotentialHeight= 4316
 GoodNonCoordinateGeopotentialHeight= 4317, nullNonCoordinateGeopotentialHeight= 0, allNonCoordinateGeopotentialHeight= 4317
 GoodNonCoordinateGeopotentialHeight= 4322, nullNonCoordinateGeopotentialHeight= 0, allNonCoordinateGeopotentialHeight= 4322
 GoodNonCoordinateGeopotentialHeight= 4328, nullNonCoordinateGeopotentialHeight= 0, allNonCoordinateGeopotentialHeight= 4328
 GoodNonCoordinateGeopotentialHeight= 4337, nullNonCoordinateGeopotentialHeight= 0, allNonCoordinateGeopotentialHeight= 4337
 GoodNonCoordinateGeopotentialHeight= 4338, nullNonCoordinateGeopotentialHeight= 0, allNonCoordinateGeopotentialHeight= 4338
 GoodNonCoordinateGeopotentialHeight= 4340, nullNonCoordinateGeopotentialHeight= 0, allNonCoordinateGeopotentialHeight= 4340
 GoodNonCoordinateGeopotentialHeight= 4352, nullNonCoordinateGeopotentialHeight= 0, allNonCoordinateGeopotentialHeight= 4352
 GoodNonCoordinateGeopotentialHeight= 4357, nullNonCoordinateGeopotentialHeight= 0, allNonCoordinateGeopotentialHeight= 4357
 GoodNonCoordinateGeopotentialHeight= 4363, nullNonCoordinateGeopotentialHeight= 0, allNonCoordinateGeopotentialHeight= 4363
 GoodNonCoordinateGeopotentialHeight= 4364, nullNonCoordinateGeopotentialHeight= 0, allNonCoordinateGeopotentialHeight= 4364
 GoodNonCoordinateGeopotentialHeight= 4367, nullNonCoordinateGeopotentialHeight= 0, allNonCoordinateGeopotentialHeight= 4367
 GoodNonCoordinateGeopotentialHeight= 4368, nullNonCoordinateGeopotentialHeight= 0, allNonCoordinateGeopotentialHeight= 4368
 GoodNonCoordinateGeopotentialHeight= 4370, nullNonCoordinateGeopotentialHeight= 0, allNonCoordinateGeopotentialHeight= 4370
 GoodNonCoordinateGeopotentialHeight= 4371, nullNonCoordinateGeopotentialHeight= 0, allNonCoordinateGeopotentialHeight= 4371
 GoodNonCoordinateGeopotentialHeight= 4373, nullNonCoordinateGeopotentialHeight= 0, allNonCoordinateGeopotentialHeight= 4373
 GoodNonCoordinateGeopotentialHeight= 4374, nullNonCoordinateGeopotentialHeight= 0, allNonCoordinateGeopotentialHeight= 4374
 GoodNonCoordinateGeopotentialHeight= 4375, nullNonCoordinateGeopotentialHeight= 0, allNonCoordinateGeopotentialHeight= 4375
 GoodNonCoordinateGeopotentialHeight= 4378, nullNonCoordinateGeopotentialHeight= 0, allNonCoordinateGeopotentialHeight= 4378
 GoodNonCoordinateGeopotentialHeight= 4384, nullNonCoordinateGeopotentialHeight= 0, allNonCoordinateGeopotentialHeight= 4384
 GoodNonCoordinateGeopotentialHeight= 4386, nullNonCoordinateGeopotentialHeight= 0, allNonCoordinateGeopotentialHeight= 4386
 GoodNonCoordinateGeopotentialHeight= 4391, nullNonCoordinateGeopotentialHeight= 0, allNonCoordinateGeopotentialHeight= 4391
 GoodNonCoordinateGeopotentialHeight= 4392, nullNonCoordinateGeopotentialHeight= 0, allNonCoordinateGeopotentialHeight= 4392
 GoodNonCoordinateGeopotentialHeight= 4393, nullNonCoordinateGeopotentialHeight= 0, allNonCoordinateGeopotentialHeight= 4393
 GoodNonCoordinateGeopotentialHeight= 4395, nullNonCoordinateGeopotentialHeight= 0, allNonCoordinateGeopotentialHeight= 4395
 GoodNonCoordinateGeopotentialHeight= 4396, nullNonCoordinateGeopotentialHeight= 0, allNonCoordinateGeopotentialHeight= 4396
 GoodNonCoordinateGeopotentialHeight= 4398, nullNonCoordinateGeopotentialHeight= 0, allNonCoordinateGeopotentialHeight= 4398
 GoodNonCoordinateGeopotentialHeight= 4403, nullNonCoordinateGeopotentialHeight= 0, allNonCoordinateGeopotentialHeight= 4403
 GoodNonCoordinateGeopotentialHeight= 4406, nullNonCoordinateGeopotentialHeight= 0, allNonCoordinateGeopotentialHeight= 4406
 GoodNonCoordinateGeopotentialHeight= 4409, nullNonCoordinateGeopotentialHeight= 0, allNonCoordinateGeopotentialHeight= 4409
 GoodNonCoordinateGeopotentialHeight= 4412, nullNonCoordinateGeopotentialHeight= 0, allNonCoordinateGeopotentialHeight= 4412
 GoodNonCoordinateGeopotentialHeight= 4413, nullNonCoordinateGeopotentialHeight= 0, allNonCoordinateGeopotentialHeight= 4413
 GoodNonCoordinateGeopotentialHeight= 4425, nullNonCoordinateGeopotentialHeight= 0, allNonCoordinateGeopotentialHeight= 4425
 GoodNonCoordinateGeopotentialHeight= 4427, nullNonCoordinateGeopotentialHeight= 0, allNonCoordinateGeopotentialHeight= 4427
 GoodNonCoordinateGeopotentialHeight= 4430, nullNonCoordinateGeopotentialHeight= 0, allNonCoordinateGeopotentialHeight= 4430
 GoodNonCoordinateGeopotentialHeight= 4434, nullNonCoordinateGeopotentialHeight= 0, allNonCoordinateGeopotentialHeight= 4434
 GoodNonCoordinateGeopotentialHeight= 4437, nullNonCoordinateGeopotentialHeight= 0, allNonCoordinateGeopotentialHeight= 4437
 GoodNonCoordinateGeopotentialHeight= 4439, nullNonCoordinateGeopotentialHeight= 0, allNonCoordinateGeopotentialHeight= 4439
 GoodNonCoordinateGeopotentialHeight= 4441, nullNonCoordinateGeopotentialHeight= 0, allNonCoordinateGeopotentialHeight= 4441
 GoodNonCoordinateGeopotentialHeight= 4446, nullNonCoordinateGeopotentialHeight= 0, allNonCoordinateGeopotentialHeight= 4446
 GoodNonCoordinateGeopotentialHeight= 4447, nullNonCoordinateGeopotentialHeight= 0, allNonCoordinateGeopotentialHeight= 4447
 GoodNonCoordinateGeopotentialHeight= 4453, nullNonCoordinateGeopotentialHeight= 0, allNonCoordinateGeopotentialHeight= 4453
 GoodNonCoordinateGeopotentialHeight= 4460, nullNonCoordinateGeopotentialHeight= 0, allNonCoordinateGeopotentialHeight= 4460
 GoodNonCoordinateGeopotentialHeight= 4463, nullNonCoordinateGeopotentialHeight= 0, allNonCoordinateGeopotentialHeight= 4463
 GoodNonCoordinateGeopotentialHeight= 4465, nullNonCoordinateGeopotentialHeight= 0, allNonCoordinateGeopotentialHeight= 4465
 GoodNonCoordinateGeopotentialHeight= 4467, nullNonCoordinateGeopotentialHeight= 0, allNonCoordinateGeopotentialHeight= 4467
 GoodNonCoordinateGeopotentialHeight= 4469, nullNonCoordinateGeopotentialHeight= 0, allNonCoordinateGeopotentialHeight= 4469
 GoodNonCoordinateGeopotentialHeight= 4473, nullNonCoordinateGeopotentialHeight= 0, allNonCoordinateGeopotentialHeight= 4473
 GoodNonCoordinateGeopotentialHeight= 4474, nullNonCoordinateGeopotentialHeight= 0, allNonCoordinateGeopotentialHeight= 4474
 GoodNonCoordinateGeopotentialHeight= 4475, nullNonCoordinateGeopotentialHeight= 0, allNonCoordinateGeopotentialHeight= 4475
 GoodNonCoordinateGeopotentialHeight= 4476, nullNonCoordinateGeopotentialHeight= 0, allNonCoordinateGeopotentialHeight= 4476
 GoodNonCoordinateGeopotentialHeight= 4480, nullNonCoordinateGeopotentialHeight= 0, allNonCoordinateGeopotentialHeight= 4480
 GoodNonCoordinateGeopotentialHeight= 4483, nullNonCoordinateGeopotentialHeight= 0, allNonCoordinateGeopotentialHeight= 4483
 GoodNonCoordinateGeopotentialHeight= 4485, nullNonCoordinateGeopotentialHeight= 0, allNonCoordinateGeopotentialHeight= 4485
 GoodNonCoordinateGeopotentialHeight= 4492, nullNonCoordinateGeopotentialHeight= 0, allNonCoordinateGeopotentialHeight= 4492
 GoodNonCoordinateGeopotentialHeight= 4493, nullNonCoordinateGeopotentialHeight= 0, allNonCoordinateGeopotentialHeight= 4493
 GoodNonCoordinateGeopotentialHeight= 4495, nullNonCoordinateGeopotentialHeight= 0, allNonCoordinateGeopotentialHeight= 4495
 GoodNonCoordinateGeopotentialHeight= 4497, nullNonCoordinateGeopotentialHeight= 0, allNonCoordinateGeopotentialHeight= 4497
 GoodNonCoordinateGeopotentialHeight= 4498, nullNonCoordinateGeopotentialHeight= 0, allNonCoordinateGeopotentialHeight= 4498
 GoodNonCoordinateGeopotentialHeight= 4501, nullNonCoordinateGeopotentialHeight= 0, allNonCoordinateGeopotentialHeight= 4501
 GoodNonCoordinateGeopotentialHeight= 4502, nullNonCoordinateGeopotentialHeight= 0, allNonCoordinateGeopotentialHeight= 4502
 GoodNonCoordinateGeopotentialHeight= 4504, nullNonCoordinateGeopotentialHeight= 0, allNonCoordinateGeopotentialHeight= 4504
 GoodNonCoordinateGeopotentialHeight= 4511, nullNonCoordinateGeopotentialHeight= 0, allNonCoordinateGeopotentialHeight= 4511
 GoodNonCoordinateGeopotentialHeight= 4514, nullNonCoordinateGeopotentialHeight= 0, allNonCoordinateGeopotentialHeight= 4514
 GoodNonCoordinateGeopotentialHeight= 4516, nullNonCoordinateGeopotentialHeight= 0, allNonCoordinateGeopotentialHeight= 4516
 GoodNonCoordinateGeopotentialHeight= 4523, nullNonCoordinateGeopotentialHeight= 0, allNonCoordinateGeopotentialHeight= 4523
 GoodNonCoordinateGeopotentialHeight= 4530, nullNonCoordinateGeopotentialHeight= 0, allNonCoordinateGeopotentialHeight= 4530
 GoodNonCoordinateGeopotentialHeight= 4535, nullNonCoordinateGeopotentialHeight= 0, allNonCoordinateGeopotentialHeight= 4535
 GoodNonCoordinateGeopotentialHeight= 4541, nullNonCoordinateGeopotentialHeight= 0, allNonCoordinateGeopotentialHeight= 4541
 GoodNonCoordinateGeopotentialHeight= 4546, nullNonCoordinateGeopotentialHeight= 0, allNonCoordinateGeopotentialHeight= 4546
 GoodNonCoordinateGeopotentialHeight= 4550, nullNonCoordinateGeopotentialHeight= 0, allNonCoordinateGeopotentialHeight= 4550
 GoodNonCoordinateGeopotentialHeight= 4556, nullNonCoordinateGeopotentialHeight= 0, allNonCoordinateGeopotentialHeight= 4556
 GoodNonCoordinateGeopotentialHeight= 4563, nullNonCoordinateGeopotentialHeight= 0, allNonCoordinateGeopotentialHeight= 4563
 GoodNonCoordinateGeopotentialHeight= 4565, nullNonCoordinateGeopotentialHeight= 0, allNonCoordinateGeopotentialHeight= 4565
 GoodNonCoordinateGeopotentialHeight= 4570, nullNonCoordinateGeopotentialHeight= 0, allNonCoordinateGeopotentialHeight= 4570
 GoodNonCoordinateGeopotentialHeight= 4574, nullNonCoordinateGeopotentialHeight= 0, allNonCoordinateGeopotentialHeight= 4574
 GoodNonCoordinateGeopotentialHeight= 4577, nullNonCoordinateGeopotentialHeight= 0, allNonCoordinateGeopotentialHeight= 4577
 GoodNonCoordinateGeopotentialHeight= 4579, nullNonCoordinateGeopotentialHeight= 0, allNonCoordinateGeopotentialHeight= 4579
 GoodNonCoordinateGeopotentialHeight= 4580, nullNonCoordinateGeopotentialHeight= 0, allNonCoordinateGeopotentialHeight= 4580
 GoodNonCoordinateGeopotentialHeight= 4582, nullNonCoordinateGeopotentialHeight= 0, allNonCoordinateGeopotentialHeight= 4582
 GoodNonCoordinateGeopotentialHeight= 4585, nullNonCoordinateGeopotentialHeight= 0, allNonCoordinateGeopotentialHeight= 4585
 GoodNonCoordinateGeopotentialHeight= 4588, nullNonCoordinateGeopotentialHeight= 0, allNonCoordinateGeopotentialHeight= 4588
 GoodNonCoordinateGeopotentialHeight= 4589, nullNonCoordinateGeopotentialHeight= 0, allNonCoordinateGeopotentialHeight= 4589
 GoodNonCoordinateGeopotentialHeight= 4592, nullNonCoordinateGeopotentialHeight= 0, allNonCoordinateGeopotentialHeight= 4592
 GoodNonCoordinateGeopotentialHeight= 4597, nullNonCoordinateGeopotentialHeight= 0, allNonCoordinateGeopotentialHeight= 4597
 GoodNonCoordinateGeopotentialHeight= 4601, nullNonCoordinateGeopotentialHeight= 0, allNonCoordinateGeopotentialHeight= 4601
 GoodNonCoordinateGeopotentialHeight= 4606, nullNonCoordinateGeopotentialHeight= 0, allNonCoordinateGeopotentialHeight= 4606
 GoodNonCoordinateGeopotentialHeight= 4607, nullNonCoordinateGeopotentialHeight= 0, allNonCoordinateGeopotentialHeight= 4607
 GoodNonCoordinateGeopotentialHeight= 4608, nullNonCoordinateGeopotentialHeight= 0, allNonCoordinateGeopotentialHeight= 4608
 GoodNonCoordinateGeopotentialHeight= 4609, nullNonCoordinateGeopotentialHeight= 0, allNonCoordinateGeopotentialHeight= 4609
 GoodNonCoordinateGeopotentialHeight= 4614, nullNonCoordinateGeopotentialHeight= 0, allNonCoordinateGeopotentialHeight= 4614
 GoodNonCoordinateGeopotentialHeight= 4616, nullNonCoordinateGeopotentialHeight= 0, allNonCoordinateGeopotentialHeight= 4616
 GoodNonCoordinateGeopotentialHeight= 4618, nullNonCoordinateGeopotentialHeight= 0, allNonCoordinateGeopotentialHeight= 4618
 GoodNonCoordinateGeopotentialHeight= 4625, nullNonCoordinateGeopotentialHeight= 0, allNonCoordinateGeopotentialHeight= 4625
 GoodNonCoordinateGeopotentialHeight= 4628, nullNonCoordinateGeopotentialHeight= 0, allNonCoordinateGeopotentialHeight= 4628
 GoodNonCoordinateGeopotentialHeight= 4630, nullNonCoordinateGeopotentialHeight= 0, allNonCoordinateGeopotentialHeight= 4630
 GoodNonCoordinateGeopotentialHeight= 4634, nullNonCoordinateGeopotentialHeight= 0, allNonCoordinateGeopotentialHeight= 4634
 GoodNonCoordinateGeopotentialHeight= 4635, nullNonCoordinateGeopotentialHeight= 0, allNonCoordinateGeopotentialHeight= 4635
 GoodNonCoordinateGeopotentialHeight= 4636, nullNonCoordinateGeopotentialHeight= 0, allNonCoordinateGeopotentialHeight= 4636
 GoodNonCoordinateGeopotentialHeight= 4637, nullNonCoordinateGeopotentialHeight= 0, allNonCoordinateGeopotentialHeight= 4637
 GoodNonCoordinateGeopotentialHeight= 4638, nullNonCoordinateGeopotentialHeight= 0, allNonCoordinateGeopotentialHeight= 4638
 GoodNonCoordinateGeopotentialHeight= 4640, nullNonCoordinateGeopotentialHeight= 0, allNonCoordinateGeopotentialHeight= 4640
 GoodNonCoordinateGeopotentialHeight= 4642, nullNonCoordinateGeopotentialHeight= 0, allNonCoordinateGeopotentialHeight= 4642
 GoodNonCoordinateGeopotentialHeight= 4648, nullNonCoordinateGeopotentialHeight= 0, allNonCoordinateGeopotentialHeight= 4648
 GoodNonCoordinateGeopotentialHeight= 4649, nullNonCoordinateGeopotentialHeight= 0, allNonCoordinateGeopotentialHeight= 4649
 GoodNonCoordinateGeopotentialHeight= 4652, nullNonCoordinateGeopotentialHeight= 0, allNonCoordinateGeopotentialHeight= 4652
 GoodNonCoordinateGeopotentialHeight= 4653, nullNonCoordinateGeopotentialHeight= 0, allNonCoordinateGeopotentialHeight= 4653
 GoodNonCoordinateGeopotentialHeight= 4655, nullNonCoordinateGeopotentialHeight= 0, allNonCoordinateGeopotentialHeight= 4655
 GoodNonCoordinateGeopotentialHeight= 4656, nullNonCoordinateGeopotentialHeight= 0, allNonCoordinateGeopotentialHeight= 4656
 GoodNonCoordinateGeopotentialHeight= 4658, nullNonCoordinateGeopotentialHeight= 0, allNonCoordinateGeopotentialHeight= 4658
 GoodNonCoordinateGeopotentialHeight= 4659, nullNonCoordinateGeopotentialHeight= 0, allNonCoordinateGeopotentialHeight= 4659
 GoodNonCoordinateGeopotentialHeight= 4663, nullNonCoordinateGeopotentialHeight= 0, allNonCoordinateGeopotentialHeight= 4663
 GoodNonCoordinateGeopotentialHeight= 4671, nullNonCoordinateGeopotentialHeight= 0, allNonCoordinateGeopotentialHeight= 4671
 GoodNonCoordinateGeopotentialHeight= 4677, nullNonCoordinateGeopotentialHeight= 0, allNonCoordinateGeopotentialHeight= 4677
 GoodNonCoordinateGeopotentialHeight= 4683, nullNonCoordinateGeopotentialHeight= 0, allNonCoordinateGeopotentialHeight= 4683
 GoodNonCoordinateGeopotentialHeight= 4684, nullNonCoordinateGeopotentialHeight= 0, allNonCoordinateGeopotentialHeight= 4684
 GoodNonCoordinateGeopotentialHeight= 4688, nullNonCoordinateGeopotentialHeight= 0, allNonCoordinateGeopotentialHeight= 4688
 GoodNonCoordinateGeopotentialHeight= 4694, nullNonCoordinateGeopotentialHeight= 0, allNonCoordinateGeopotentialHeight= 4694
 GoodNonCoordinateGeopotentialHeight= 4697, nullNonCoordinateGeopotentialHeight= 0, allNonCoordinateGeopotentialHeight= 4697
 GoodNonCoordinateGeopotentialHeight= 4699, nullNonCoordinateGeopotentialHeight= 0, allNonCoordinateGeopotentialHeight= 4699
 GoodNonCoordinateGeopotentialHeight= 4707, nullNonCoordinateGeopotentialHeight= 0, allNonCoordinateGeopotentialHeight= 4707
 GoodNonCoordinateGeopotentialHeight= 4708, nullNonCoordinateGeopotentialHeight= 0, allNonCoordinateGeopotentialHeight= 4708
 GoodNonCoordinateGeopotentialHeight= 4711, nullNonCoordinateGeopotentialHeight= 0, allNonCoordinateGeopotentialHeight= 4711
 GoodNonCoordinateGeopotentialHeight= 4713, nullNonCoordinateGeopotentialHeight= 0, allNonCoordinateGeopotentialHeight= 4713
 GoodNonCoordinateGeopotentialHeight= 4717, nullNonCoordinateGeopotentialHeight= 0, allNonCoordinateGeopotentialHeight= 4717
 GoodNonCoordinateGeopotentialHeight= 4725, nullNonCoordinateGeopotentialHeight= 0, allNonCoordinateGeopotentialHeight= 4725
 GoodNonCoordinateGeopotentialHeight= 4727, nullNonCoordinateGeopotentialHeight= 0, allNonCoordinateGeopotentialHeight= 4727
 GoodNonCoordinateGeopotentialHeight= 4735, nullNonCoordinateGeopotentialHeight= 0, allNonCoordinateGeopotentialHeight= 4735
 GoodNonCoordinateGeopotentialHeight= 4742, nullNonCoordinateGeopotentialHeight= 0, allNonCoordinateGeopotentialHeight= 4742
 GoodNonCoordinateGeopotentialHeight= 4746, nullNonCoordinateGeopotentialHeight= 0, allNonCoordinateGeopotentialHeight= 4746
 GoodNonCoordinateGeopotentialHeight= 4748, nullNonCoordinateGeopotentialHeight= 0, allNonCoordinateGeopotentialHeight= 4748
 GoodNonCoordinateGeopotentialHeight= 4751, nullNonCoordinateGeopotentialHeight= 0, allNonCoordinateGeopotentialHeight= 4751
 GoodNonCoordinateGeopotentialHeight= 4752, nullNonCoordinateGeopotentialHeight= 0, allNonCoordinateGeopotentialHeight= 4752
 GoodNonCoordinateGeopotentialHeight= 4759, nullNonCoordinateGeopotentialHeight= 0, allNonCoordinateGeopotentialHeight= 4759
 GoodNonCoordinateGeopotentialHeight= 4766, nullNonCoordinateGeopotentialHeight= 0, allNonCoordinateGeopotentialHeight= 4766
 GoodNonCoordinateGeopotentialHeight= 4767, nullNonCoordinateGeopotentialHeight= 0, allNonCoordinateGeopotentialHeight= 4767
 GoodNonCoordinateGeopotentialHeight= 4768, nullNonCoordinateGeopotentialHeight= 0, allNonCoordinateGeopotentialHeight= 4768
 GoodNonCoordinateGeopotentialHeight= 4771, nullNonCoordinateGeopotentialHeight= 0, allNonCoordinateGeopotentialHeight= 4771
 GoodNonCoordinateGeopotentialHeight= 4773, nullNonCoordinateGeopotentialHeight= 0, allNonCoordinateGeopotentialHeight= 4773
 GoodNonCoordinateGeopotentialHeight= 4779, nullNonCoordinateGeopotentialHeight= 0, allNonCoordinateGeopotentialHeight= 4779
 GoodNonCoordinateGeopotentialHeight= 4780, nullNonCoordinateGeopotentialHeight= 0, allNonCoordinateGeopotentialHeight= 4780
 GoodNonCoordinateGeopotentialHeight= 4786, nullNonCoordinateGeopotentialHeight= 0, allNonCoordinateGeopotentialHeight= 4786
 GoodNonCoordinateGeopotentialHeight= 4787, nullNonCoordinateGeopotentialHeight= 0, allNonCoordinateGeopotentialHeight= 4787
 GoodNonCoordinateGeopotentialHeight= 4790, nullNonCoordinateGeopotentialHeight= 0, allNonCoordinateGeopotentialHeight= 4790
 GoodNonCoordinateGeopotentialHeight= 4797, nullNonCoordinateGeopotentialHeight= 0, allNonCoordinateGeopotentialHeight= 4797
 GoodNonCoordinateGeopotentialHeight= 4804, nullNonCoordinateGeopotentialHeight= 0, allNonCoordinateGeopotentialHeight= 4804
 GoodNonCoordinateGeopotentialHeight= 4811, nullNonCoordinateGeopotentialHeight= 0, allNonCoordinateGeopotentialHeight= 4811
 GoodNonCoordinateGeopotentialHeight= 4814, nullNonCoordinateGeopotentialHeight= 0, allNonCoordinateGeopotentialHeight= 4814
 GoodNonCoordinateGeopotentialHeight= 4816, nullNonCoordinateGeopotentialHeight= 0, allNonCoordinateGeopotentialHeight= 4816
 GoodNonCoordinateGeopotentialHeight= 4817, nullNonCoordinateGeopotentialHeight= 0, allNonCoordinateGeopotentialHeight= 4817
 GoodNonCoordinateGeopotentialHeight= 4821, nullNonCoordinateGeopotentialHeight= 0, allNonCoordinateGeopotentialHeight= 4821
 GoodNonCoordinateGeopotentialHeight= 4826, nullNonCoordinateGeopotentialHeight= 0, allNonCoordinateGeopotentialHeight= 4826
 GoodNonCoordinateGeopotentialHeight= 4837, nullNonCoordinateGeopotentialHeight= 0, allNonCoordinateGeopotentialHeight= 4837
 GoodNonCoordinateGeopotentialHeight= 4838, nullNonCoordinateGeopotentialHeight= 0, allNonCoordinateGeopotentialHeight= 4838
 GoodNonCoordinateGeopotentialHeight= 4840, nullNonCoordinateGeopotentialHeight= 0, allNonCoordinateGeopotentialHeight= 4840
 GoodNonCoordinateGeopotentialHeight= 4842, nullNonCoordinateGeopotentialHeight= 0, allNonCoordinateGeopotentialHeight= 4842
 GoodNonCoordinateGeopotentialHeight= 4844, nullNonCoordinateGeopotentialHeight= 0, allNonCoordinateGeopotentialHeight= 4844
 GoodNonCoordinateGeopotentialHeight= 4851, nullNonCoordinateGeopotentialHeight= 0, allNonCoordinateGeopotentialHeight= 4851
 GoodNonCoordinateGeopotentialHeight= 4854, nullNonCoordinateGeopotentialHeight= 0, allNonCoordinateGeopotentialHeight= 4854
 GoodNonCoordinateGeopotentialHeight= 4855, nullNonCoordinateGeopotentialHeight= 0, allNonCoordinateGeopotentialHeight= 4855
 GoodNonCoordinateGeopotentialHeight= 4859, nullNonCoordinateGeopotentialHeight= 0, allNonCoordinateGeopotentialHeight= 4859
 GoodNonCoordinateGeopotentialHeight= 4865, nullNonCoordinateGeopotentialHeight= 0, allNonCoordinateGeopotentialHeight= 4865
 GoodNonCoordinateGeopotentialHeight= 4867, nullNonCoordinateGeopotentialHeight= 0, allNonCoordinateGeopotentialHeight= 4867
 GoodNonCoordinateGeopotentialHeight= 4873, nullNonCoordinateGeopotentialHeight= 0, allNonCoordinateGeopotentialHeight= 4873
 GoodNonCoordinateGeopotentialHeight= 4876, nullNonCoordinateGeopotentialHeight= 0, allNonCoordinateGeopotentialHeight= 4876
 GoodNonCoordinateGeopotentialHeight= 4887, nullNonCoordinateGeopotentialHeight= 0, allNonCoordinateGeopotentialHeight= 4887
 GoodNonCoordinateGeopotentialHeight= 4888, nullNonCoordinateGeopotentialHeight= 0, allNonCoordinateGeopotentialHeight= 4888
 GoodNonCoordinateGeopotentialHeight= 4891, nullNonCoordinateGeopotentialHeight= 0, allNonCoordinateGeopotentialHeight= 4891
 GoodNonCoordinateGeopotentialHeight= 4899, nullNonCoordinateGeopotentialHeight= 0, allNonCoordinateGeopotentialHeight= 4899
 GoodNonCoordinateGeopotentialHeight= 4903, nullNonCoordinateGeopotentialHeight= 0, allNonCoordinateGeopotentialHeight= 4903
 GoodNonCoordinateGeopotentialHeight= 4904, nullNonCoordinateGeopotentialHeight= 0, allNonCoordinateGeopotentialHeight= 4904
 GoodNonCoordinateGeopotentialHeight= 4906, nullNonCoordinateGeopotentialHeight= 0, allNonCoordinateGeopotentialHeight= 4906
 GoodNonCoordinateGeopotentialHeight= 4911, nullNonCoordinateGeopotentialHeight= 0, allNonCoordinateGeopotentialHeight= 4911
 GoodNonCoordinateGeopotentialHeight= 4914, nullNonCoordinateGeopotentialHeight= 0, allNonCoordinateGeopotentialHeight= 4914
 GoodNonCoordinateGeopotentialHeight= 4915, nullNonCoordinateGeopotentialHeight= 0, allNonCoordinateGeopotentialHeight= 4915
 GoodNonCoordinateGeopotentialHeight= 4919, nullNonCoordinateGeopotentialHeight= 0, allNonCoordinateGeopotentialHeight= 4919
 GoodNonCoordinateGeopotentialHeight= 4923, nullNonCoordinateGeopotentialHeight= 0, allNonCoordinateGeopotentialHeight= 4923
 GoodNonCoordinateGeopotentialHeight= 4931, nullNonCoordinateGeopotentialHeight= 0, allNonCoordinateGeopotentialHeight= 4931
 GoodNonCoordinateGeopotentialHeight= 4935, nullNonCoordinateGeopotentialHeight= 0, allNonCoordinateGeopotentialHeight= 4935
 GoodNonCoordinateGeopotentialHeight= 4944, nullNonCoordinateGeopotentialHeight= 0, allNonCoordinateGeopotentialHeight= 4944
 GoodNonCoordinateGeopotentialHeight= 4947, nullNonCoordinateGeopotentialHeight= 0, allNonCoordinateGeopotentialHeight= 4947
 GoodNonCoordinateGeopotentialHeight= 4948, nullNonCoordinateGeopotentialHeight= 0, allNonCoordinateGeopotentialHeight= 4948
 GoodNonCoordinateGeopotentialHeight= 4950, nullNonCoordinateGeopotentialHeight= 0, allNonCoordinateGeopotentialHeight= 4950
 GoodNonCoordinateGeopotentialHeight= 4978, nullNonCoordinateGeopotentialHeight= 0, allNonCoordinateGeopotentialHeight= 4978
 GoodNonCoordinateGeopotentialHeight= 4983, nullNonCoordinateGeopotentialHeight= 0, allNonCoordinateGeopotentialHeight= 4983
 GoodNonCoordinateGeopotentialHeight= 4993, nullNonCoordinateGeopotentialHeight= 0, allNonCoordinateGeopotentialHeight= 4993
 GoodNonCoordinateGeopotentialHeight= 5002, nullNonCoordinateGeopotentialHeight= 0, allNonCoordinateGeopotentialHeight= 5002
 GoodNonCoordinateGeopotentialHeight= 5005, nullNonCoordinateGeopotentialHeight= 0, allNonCoordinateGeopotentialHeight= 5005
 GoodNonCoordinateGeopotentialHeight= 5007, nullNonCoordinateGeopotentialHeight= 0, allNonCoordinateGeopotentialHeight= 5007
 GoodNonCoordinateGeopotentialHeight= 5013, nullNonCoordinateGeopotentialHeight= 0, allNonCoordinateGeopotentialHeight= 5013
 GoodNonCoordinateGeopotentialHeight= 5018, nullNonCoordinateGeopotentialHeight= 0, allNonCoordinateGeopotentialHeight= 5018
 GoodNonCoordinateGeopotentialHeight= 5020, nullNonCoordinateGeopotentialHeight= 0, allNonCoordinateGeopotentialHeight= 5020
 GoodNonCoordinateGeopotentialHeight= 5023, nullNonCoordinateGeopotentialHeight= 0, allNonCoordinateGeopotentialHeight= 5023
 GoodNonCoordinateGeopotentialHeight= 5029, nullNonCoordinateGeopotentialHeight= 0, allNonCoordinateGeopotentialHeight= 5029
 GoodNonCoordinateGeopotentialHeight= 5031, nullNonCoordinateGeopotentialHeight= 0, allNonCoordinateGeopotentialHeight= 5031
 GoodNonCoordinateGeopotentialHeight= 5032, nullNonCoordinateGeopotentialHeight= 0, allNonCoordinateGeopotentialHeight= 5032
 GoodNonCoordinateGeopotentialHeight= 5034, nullNonCoordinateGeopotentialHeight= 0, allNonCoordinateGeopotentialHeight= 5034
 GoodNonCoordinateGeopotentialHeight= 5036, nullNonCoordinateGeopotentialHeight= 0, allNonCoordinateGeopotentialHeight= 5036
 GoodNonCoordinateGeopotentialHeight= 5037, nullNonCoordinateGeopotentialHeight= 0, allNonCoordinateGeopotentialHeight= 5037
 GoodNonCoordinateGeopotentialHeight= 5039, nullNonCoordinateGeopotentialHeight= 0, allNonCoordinateGeopotentialHeight= 5039
 GoodNonCoordinateGeopotentialHeight= 5044, nullNonCoordinateGeopotentialHeight= 0, allNonCoordinateGeopotentialHeight= 5044
 GoodNonCoordinateGeopotentialHeight= 5047, nullNonCoordinateGeopotentialHeight= 0, allNonCoordinateGeopotentialHeight= 5047
 GoodNonCoordinateGeopotentialHeight= 5048, nullNonCoordinateGeopotentialHeight= 0, allNonCoordinateGeopotentialHeight= 5048
 GoodNonCoordinateGeopotentialHeight= 5053, nullNonCoordinateGeopotentialHeight= 0, allNonCoordinateGeopotentialHeight= 5053
 GoodNonCoordinateGeopotentialHeight= 5056, nullNonCoordinateGeopotentialHeight= 0, allNonCoordinateGeopotentialHeight= 5056
 GoodNonCoordinateGeopotentialHeight= 5069, nullNonCoordinateGeopotentialHeight= 0, allNonCoordinateGeopotentialHeight= 5069
 GoodNonCoordinateGeopotentialHeight= 5071, nullNonCoordinateGeopotentialHeight= 0, allNonCoordinateGeopotentialHeight= 5071
 GoodNonCoordinateGeopotentialHeight= 5075, nullNonCoordinateGeopotentialHeight= 0, allNonCoordinateGeopotentialHeight= 5075
 GoodNonCoordinateGeopotentialHeight= 5077, nullNonCoordinateGeopotentialHeight= 0, allNonCoordinateGeopotentialHeight= 5077
 GoodNonCoordinateGeopotentialHeight= 5078, nullNonCoordinateGeopotentialHeight= 0, allNonCoordinateGeopotentialHeight= 5078
 GoodNonCoordinateGeopotentialHeight= 5087, nullNonCoordinateGeopotentialHeight= 0, allNonCoordinateGeopotentialHeight= 5087
 GoodNonCoordinateGeopotentialHeight= 5090, nullNonCoordinateGeopotentialHeight= 0, allNonCoordinateGeopotentialHeight= 5090
 GoodNonCoordinateGeopotentialHeight= 5096, nullNonCoordinateGeopotentialHeight= 0, allNonCoordinateGeopotentialHeight= 5096
 GoodNonCoordinateGeopotentialHeight= 5101, nullNonCoordinateGeopotentialHeight= 0, allNonCoordinateGeopotentialHeight= 5101
 GoodNonCoordinateGeopotentialHeight= 5106, nullNonCoordinateGeopotentialHeight= 0, allNonCoordinateGeopotentialHeight= 5106
 GoodNonCoordinateGeopotentialHeight= 5113, nullNonCoordinateGeopotentialHeight= 0, allNonCoordinateGeopotentialHeight= 5113
 GoodNonCoordinateGeopotentialHeight= 5120, nullNonCoordinateGeopotentialHeight= 0, allNonCoordinateGeopotentialHeight= 5120
 GoodNonCoordinateGeopotentialHeight= 5121, nullNonCoordinateGeopotentialHeight= 0, allNonCoordinateGeopotentialHeight= 5121
 GoodNonCoordinateGeopotentialHeight= 5127, nullNonCoordinateGeopotentialHeight= 0, allNonCoordinateGeopotentialHeight= 5127
 GoodNonCoordinateGeopotentialHeight= 5128, nullNonCoordinateGeopotentialHeight= 0, allNonCoordinateGeopotentialHeight= 5128
 GoodNonCoordinateGeopotentialHeight= 5130, nullNonCoordinateGeopotentialHeight= 0, allNonCoordinateGeopotentialHeight= 5130
 GoodNonCoordinateGeopotentialHeight= 5131, nullNonCoordinateGeopotentialHeight= 0, allNonCoordinateGeopotentialHeight= 5131
 GoodNonCoordinateGeopotentialHeight= 5143, nullNonCoordinateGeopotentialHeight= 0, allNonCoordinateGeopotentialHeight= 5143
 GoodNonCoordinateGeopotentialHeight= 5147, nullNonCoordinateGeopotentialHeight= 0, allNonCoordinateGeopotentialHeight= 5147
 GoodNonCoordinateGeopotentialHeight= 5164, nullNonCoordinateGeopotentialHeight= 0, allNonCoordinateGeopotentialHeight= 5164
 GoodNonCoordinateGeopotentialHeight= 5167, nullNonCoordinateGeopotentialHeight= 0, allNonCoordinateGeopotentialHeight= 5167
 GoodNonCoordinateGeopotentialHeight= 5169, nullNonCoordinateGeopotentialHeight= 0, allNonCoordinateGeopotentialHeight= 5169
 GoodNonCoordinateGeopotentialHeight= 5172, nullNonCoordinateGeopotentialHeight= 0, allNonCoordinateGeopotentialHeight= 5172
 GoodNonCoordinateGeopotentialHeight= 5174, nullNonCoordinateGeopotentialHeight= 0, allNonCoordinateGeopotentialHeight= 5174
 GoodNonCoordinateGeopotentialHeight= 5176, nullNonCoordinateGeopotentialHeight= 0, allNonCoordinateGeopotentialHeight= 5176
 GoodNonCoordinateGeopotentialHeight= 5177, nullNonCoordinateGeopotentialHeight= 0, allNonCoordinateGeopotentialHeight= 5177
 GoodNonCoordinateGeopotentialHeight= 5179, nullNonCoordinateGeopotentialHeight= 0, allNonCoordinateGeopotentialHeight= 5179
 GoodNonCoordinateGeopotentialHeight= 5185, nullNonCoordinateGeopotentialHeight= 0, allNonCoordinateGeopotentialHeight= 5185
 GoodNonCoordinateGeopotentialHeight= 5193, nullNonCoordinateGeopotentialHeight= 0, allNonCoordinateGeopotentialHeight= 5193
 GoodNonCoordinateGeopotentialHeight= 5195, nullNonCoordinateGeopotentialHeight= 0, allNonCoordinateGeopotentialHeight= 5195
 GoodNonCoordinateGeopotentialHeight= 5207, nullNonCoordinateGeopotentialHeight= 0, allNonCoordinateGeopotentialHeight= 5207
 GoodNonCoordinateGeopotentialHeight= 5218, nullNonCoordinateGeopotentialHeight= 0, allNonCoordinateGeopotentialHeight= 5218
 GoodNonCoordinateGeopotentialHeight= 5222, nullNonCoordinateGeopotentialHeight= 0, allNonCoordinateGeopotentialHeight= 5222
 GoodNonCoordinateGeopotentialHeight= 5230, nullNonCoordinateGeopotentialHeight= 0, allNonCoordinateGeopotentialHeight= 5230
 GoodNonCoordinateGeopotentialHeight= 5241, nullNonCoordinateGeopotentialHeight= 0, allNonCoordinateGeopotentialHeight= 5241
 GoodNonCoordinateGeopotentialHeight= 5257, nullNonCoordinateGeopotentialHeight= 0, allNonCoordinateGeopotentialHeight= 5257
 GoodNonCoordinateGeopotentialHeight= 5258, nullNonCoordinateGeopotentialHeight= 0, allNonCoordinateGeopotentialHeight= 5258
 GoodNonCoordinateGeopotentialHeight= 5263, nullNonCoordinateGeopotentialHeight= 244, allNonCoordinateGeopotentialHeight= 5507
 GoodNonCoordinateGeopotentialHeight= 5270, nullNonCoordinateGeopotentialHeight= 0, allNonCoordinateGeopotentialHeight= 5270
 GoodNonCoordinateGeopotentialHeight= 5271, nullNonCoordinateGeopotentialHeight= 0, allNonCoordinateGeopotentialHeight= 5271
 GoodNonCoordinateGeopotentialHeight= 5272, nullNonCoordinateGeopotentialHeight= 0, allNonCoordinateGeopotentialHeight= 5272
 GoodNonCoordinateGeopotentialHeight= 5279, nullNonCoordinateGeopotentialHeight= 0, allNonCoordinateGeopotentialHeight= 5279
 GoodNonCoordinateGeopotentialHeight= 5281, nullNonCoordinateGeopotentialHeight= 0, allNonCoordinateGeopotentialHeight= 5281
 GoodNonCoordinateGeopotentialHeight= 5283, nullNonCoordinateGeopotentialHeight= 0, allNonCoordinateGeopotentialHeight= 5283
 GoodNonCoordinateGeopotentialHeight= 5292, nullNonCoordinateGeopotentialHeight= 0, allNonCoordinateGeopotentialHeight= 5292
 GoodNonCoordinateGeopotentialHeight= 5293, nullNonCoordinateGeopotentialHeight= 0, allNonCoordinateGeopotentialHeight= 5293
 GoodNonCoordinateGeopotentialHeight= 5296, nullNonCoordinateGeopotentialHeight= 0, allNonCoordinateGeopotentialHeight= 5296
 GoodNonCoordinateGeopotentialHeight= 5303, nullNonCoordinateGeopotentialHeight= 0, allNonCoordinateGeopotentialHeight= 5303
 GoodNonCoordinateGeopotentialHeight= 5309, nullNonCoordinateGeopotentialHeight= 0, allNonCoordinateGeopotentialHeight= 5309
 GoodNonCoordinateGeopotentialHeight= 5310, nullNonCoordinateGeopotentialHeight= 0, allNonCoordinateGeopotentialHeight= 5310
 GoodNonCoordinateGeopotentialHeight= 5311, nullNonCoordinateGeopotentialHeight= 0, allNonCoordinateGeopotentialHeight= 5311
 GoodNonCoordinateGeopotentialHeight= 5318, nullNonCoordinateGeopotentialHeight= 0, allNonCoordinateGeopotentialHeight= 5318
 GoodNonCoordinateGeopotentialHeight= 5321, nullNonCoordinateGeopotentialHeight= 0, allNonCoordinateGeopotentialHeight= 5321
 GoodNonCoordinateGeopotentialHeight= 5323, nullNonCoordinateGeopotentialHeight= 0, allNonCoordinateGeopotentialHeight= 5323
 GoodNonCoordinateGeopotentialHeight= 5326, nullNonCoordinateGeopotentialHeight= 0, allNonCoordinateGeopotentialHeight= 5326
 GoodNonCoordinateGeopotentialHeight= 5336, nullNonCoordinateGeopotentialHeight= 0, allNonCoordinateGeopotentialHeight= 5336
 GoodNonCoordinateGeopotentialHeight= 5354, nullNonCoordinateGeopotentialHeight= 0, allNonCoordinateGeopotentialHeight= 5354
 GoodNonCoordinateGeopotentialHeight= 5360, nullNonCoordinateGeopotentialHeight= 0, allNonCoordinateGeopotentialHeight= 5360
 GoodNonCoordinateGeopotentialHeight= 5361, nullNonCoordinateGeopotentialHeight= 0, allNonCoordinateGeopotentialHeight= 5361
 GoodNonCoordinateGeopotentialHeight= 5365, nullNonCoordinateGeopotentialHeight= 0, allNonCoordinateGeopotentialHeight= 5365
 GoodNonCoordinateGeopotentialHeight= 5369, nullNonCoordinateGeopotentialHeight= 0, allNonCoordinateGeopotentialHeight= 5369
 GoodNonCoordinateGeopotentialHeight= 5371, nullNonCoordinateGeopotentialHeight= 0, allNonCoordinateGeopotentialHeight= 5371
 GoodNonCoordinateGeopotentialHeight= 5386, nullNonCoordinateGeopotentialHeight= 0, allNonCoordinateGeopotentialHeight= 5386
 GoodNonCoordinateGeopotentialHeight= 5387, nullNonCoordinateGeopotentialHeight= 0, allNonCoordinateGeopotentialHeight= 5387
 GoodNonCoordinateGeopotentialHeight= 5389, nullNonCoordinateGeopotentialHeight= 0, allNonCoordinateGeopotentialHeight= 5389
 GoodNonCoordinateGeopotentialHeight= 5391, nullNonCoordinateGeopotentialHeight= 0, allNonCoordinateGeopotentialHeight= 5391
 GoodNonCoordinateGeopotentialHeight= 5395, nullNonCoordinateGeopotentialHeight= 0, allNonCoordinateGeopotentialHeight= 5395
 GoodNonCoordinateGeopotentialHeight= 5399, nullNonCoordinateGeopotentialHeight= 0, allNonCoordinateGeopotentialHeight= 5399
 GoodNonCoordinateGeopotentialHeight= 5407, nullNonCoordinateGeopotentialHeight= 0, allNonCoordinateGeopotentialHeight= 5407
 GoodNonCoordinateGeopotentialHeight= 5419, nullNonCoordinateGeopotentialHeight= 0, allNonCoordinateGeopotentialHeight= 5419
 GoodNonCoordinateGeopotentialHeight= 5427, nullNonCoordinateGeopotentialHeight= 0, allNonCoordinateGeopotentialHeight= 5427
 GoodNonCoordinateGeopotentialHeight= 5430, nullNonCoordinateGeopotentialHeight= 0, allNonCoordinateGeopotentialHeight= 5430
 GoodNonCoordinateGeopotentialHeight= 5434, nullNonCoordinateGeopotentialHeight= 0, allNonCoordinateGeopotentialHeight= 5434
 GoodNonCoordinateGeopotentialHeight= 5444, nullNonCoordinateGeopotentialHeight= 0, allNonCoordinateGeopotentialHeight= 5444
 GoodNonCoordinateGeopotentialHeight= 5453, nullNonCoordinateGeopotentialHeight= 0, allNonCoordinateGeopotentialHeight= 5453
 GoodNonCoordinateGeopotentialHeight= 5458, nullNonCoordinateGeopotentialHeight= 0, allNonCoordinateGeopotentialHeight= 5458
 GoodNonCoordinateGeopotentialHeight= 5466, nullNonCoordinateGeopotentialHeight= 0, allNonCoordinateGeopotentialHeight= 5466
 GoodNonCoordinateGeopotentialHeight= 5467, nullNonCoordinateGeopotentialHeight= 0, allNonCoordinateGeopotentialHeight= 5467
 GoodNonCoordinateGeopotentialHeight= 5481, nullNonCoordinateGeopotentialHeight= 0, allNonCoordinateGeopotentialHeight= 5481
 GoodNonCoordinateGeopotentialHeight= 5495, nullNonCoordinateGeopotentialHeight= 0, allNonCoordinateGeopotentialHeight= 5495
 GoodNonCoordinateGeopotentialHeight= 5496, nullNonCoordinateGeopotentialHeight= 0, allNonCoordinateGeopotentialHeight= 5496
 GoodNonCoordinateGeopotentialHeight= 5497, nullNonCoordinateGeopotentialHeight= 0, allNonCoordinateGeopotentialHeight= 5497
 GoodNonCoordinateGeopotentialHeight= 5508, nullNonCoordinateGeopotentialHeight= 0, allNonCoordinateGeopotentialHeight= 5508
 GoodNonCoordinateGeopotentialHeight= 5520, nullNonCoordinateGeopotentialHeight= 0, allNonCoordinateGeopotentialHeight= 5520
 GoodNonCoordinateGeopotentialHeight= 5533, nullNonCoordinateGeopotentialHeight= 0, allNonCoordinateGeopotentialHeight= 5533
 GoodNonCoordinateGeopotentialHeight= 5548, nullNonCoordinateGeopotentialHeight= 0, allNonCoordinateGeopotentialHeight= 5548
 GoodNonCoordinateGeopotentialHeight= 5553, nullNonCoordinateGeopotentialHeight= 0, allNonCoordinateGeopotentialHeight= 5553
 GoodNonCoordinateGeopotentialHeight= 5564, nullNonCoordinateGeopotentialHeight= 0, allNonCoordinateGeopotentialHeight= 5564
 GoodNonCoordinateGeopotentialHeight= 5570, nullNonCoordinateGeopotentialHeight= 0, allNonCoordinateGeopotentialHeight= 5570
 GoodNonCoordinateGeopotentialHeight= 5571, nullNonCoordinateGeopotentialHeight= 0, allNonCoordinateGeopotentialHeight= 5571
 GoodNonCoordinateGeopotentialHeight= 5591, nullNonCoordinateGeopotentialHeight= 0, allNonCoordinateGeopotentialHeight= 5591
 GoodNonCoordinateGeopotentialHeight= 5600, nullNonCoordinateGeopotentialHeight= 0, allNonCoordinateGeopotentialHeight= 5600
 GoodNonCoordinateGeopotentialHeight= 5637, nullNonCoordinateGeopotentialHeight= 0, allNonCoordinateGeopotentialHeight= 5637
 GoodNonCoordinateGeopotentialHeight= 5640, nullNonCoordinateGeopotentialHeight= 0, allNonCoordinateGeopotentialHeight= 5640
 GoodNonCoordinateGeopotentialHeight= 5682, nullNonCoordinateGeopotentialHeight= 0, allNonCoordinateGeopotentialHeight= 5682
 GoodNonCoordinateGeopotentialHeight= 5694, nullNonCoordinateGeopotentialHeight= 0, allNonCoordinateGeopotentialHeight= 5694
 GoodNonCoordinateGeopotentialHeight= 5702, nullNonCoordinateGeopotentialHeight= 0, allNonCoordinateGeopotentialHeight= 5702
 GoodNonCoordinateGeopotentialHeight= 5736, nullNonCoordinateGeopotentialHeight= 0, allNonCoordinateGeopotentialHeight= 5736
 GoodNonCoordinateGeopotentialHeight= 5744, nullNonCoordinateGeopotentialHeight= 0, allNonCoordinateGeopotentialHeight= 5744
 GoodNonCoordinateGeopotentialHeight= 5760, nullNonCoordinateGeopotentialHeight= 0, allNonCoordinateGeopotentialHeight= 5760
 GoodNonCoordinateGeopotentialHeight= 5768, nullNonCoordinateGeopotentialHeight= 0, allNonCoordinateGeopotentialHeight= 5768
 GoodNonCoordinateGeopotentialHeight= 5784, nullNonCoordinateGeopotentialHeight= 0, allNonCoordinateGeopotentialHeight= 5784
 GoodNonCoordinateGeopotentialHeight= 5800, nullNonCoordinateGeopotentialHeight= 0, allNonCoordinateGeopotentialHeight= 5800
 GoodNonCoordinateGeopotentialHeight= 5812, nullNonCoordinateGeopotentialHeight= 0, allNonCoordinateGeopotentialHeight= 5812
 GoodNonCoordinateGeopotentialHeight= 5817, nullNonCoordinateGeopotentialHeight= 0, allNonCoordinateGeopotentialHeight= 5817
 GoodNonCoordinateGeopotentialHeight= 5842, nullNonCoordinateGeopotentialHeight= 0, allNonCoordinateGeopotentialHeight= 5842
 GoodNonCoordinateGeopotentialHeight= 5849, nullNonCoordinateGeopotentialHeight= 0, allNonCoordinateGeopotentialHeight= 5849
 GoodNonCoordinateGeopotentialHeight= 5879, nullNonCoordinateGeopotentialHeight= 0, allNonCoordinateGeopotentialHeight= 5879
 GoodNonCoordinateGeopotentialHeight= 5943, nullNonCoordinateGeopotentialHeight= 0, allNonCoordinateGeopotentialHeight= 5943
 GoodNonCoordinateGeopotentialHeight= 5945, nullNonCoordinateGeopotentialHeight= 0, allNonCoordinateGeopotentialHeight= 5945
 GoodNonCoordinateGeopotentialHeight= 5986, nullNonCoordinateGeopotentialHeight= 0, allNonCoordinateGeopotentialHeight= 5986
 GoodNonCoordinateGeopotentialHeight= 6027, nullNonCoordinateGeopotentialHeight= 0, allNonCoordinateGeopotentialHeight= 6027
 GoodNonCoordinateGeopotentialHeight= 6051, nullNonCoordinateGeopotentialHeight= 0, allNonCoordinateGeopotentialHeight= 6051
 GoodNonCoordinateGeopotentialHeight= 6056, nullNonCoordinateGeopotentialHeight= 0, allNonCoordinateGeopotentialHeight= 6056
 GoodNonCoordinateGeopotentialHeight= 6093, nullNonCoordinateGeopotentialHeight= 0, allNonCoordinateGeopotentialHeight= 6093
 GoodNonCoordinateGeopotentialHeight= 6095, nullNonCoordinateGeopotentialHeight= 0, allNonCoordinateGeopotentialHeight= 6095
 GoodNonCoordinateGeopotentialHeight= 6132, nullNonCoordinateGeopotentialHeight= 0, allNonCoordinateGeopotentialHeight= 6132
 GoodNonCoordinateGeopotentialHeight= 6645, nullNonCoordinateGeopotentialHeight= 0, allNonCoordinateGeopotentialHeight= 6645
USED Footer Element non-null: geopotentialHeightCalculation = 0
WARNING: Null nonCoordinateGeopotentialHeight
