USED Footer Element non-null: radiosondeSerialNumber = "N0120307"
USED Footer Element non-null: radiosondeSerialNumber = "N1530446"
USED Footer Element non-null: radiosondeSerialNumber = "N1630011"
USED Footer Element non-null: radiosondeSerialNumber = "N1720790"
USED Footer Element non-null: radiosondeSerialNumber = "N1720791"
USED Footer Element non-null: radiosondeSerialNumber = "N1720792"
USED Footer Element non-null: radiosondeSerialNumber = "N1720807"
USED Footer Element non-null: radiosondeSerialNumber = "N1720808"
USED Footer Element non-null: radiosondeSerialNumber = "N1720809"
USED Footer Element non-null: radiosondeSerialNumber = "N1720813"
USED Footer Element non-null: radiosondeSerialNumber = "N1740379"
USED Footer Element non-null: radiosondeSerialNumber = "N1740380"
USED Footer Element non-null: radiosondeSerialNumber = "N1740381"
USED Footer Element non-null: radiosondeSerialNumber = "N1740382"
USED Footer Element non-null: radiosondeSerialNumber = "N1740383"
USED Footer Element non-null: radiosondeSerialNumber = "N1740385"
USED Footer Element non-null: radiosondeSerialNumber = "N1740386"
USED Footer Element non-null: radiosondeSerialNumber = "N1740387"
USED Footer Element non-null: radiosondeSerialNumber = "N1740388"
USED Footer Element non-null: radiosondeSerialNumber = "N1740389"
USED Footer Element non-null: radiosondeSerialNumber = "N1740390"
USED Footer Element non-null: radiosondeSerialNumber = "N1740391"
USED Footer Element non-null: radiosondeSerialNumber = "N1740392"
USED Footer Element non-null: radiosondeSerialNumber = "N1740394"
USED Footer Element non-null: radiosondeSerialNumber = "N1740395"
USED Footer Element non-null: radiosondeSerialNumber = "N1740396"
USED Footer Element non-null: radiosondeSerialNumber = "N1740397"
USED Footer Element non-null: radiosondeSerialNumber = "N1740398"
USED Footer Element non-null: radiosondeSerialNumber = "N1740400"
USED Footer Element non-null: radiosondeSerialNumber = "N1740401"
USED Footer Element non-null: radiosondeSerialNumber = "N1740402"
USED Footer Element non-null: radiosondeSerialNumber = "N1740406"
USED Footer Element non-null: radiosondeSerialNumber = "N1740407"
USED Footer Element non-null: radiosondeSerialNumber = "N1740408"
USED Footer Element non-null: radiosondeSerialNumber = "N1740469"
USED Footer Element non-null: radiosondeSerialNumber = "N1740470"
USED Footer Element non-null: radiosondeSerialNumber = "N1740471"
USED Footer Element non-null: radiosondeSerialNumber = "N1740472"
USED Footer Element non-null: radiosondeSerialNumber = "N1740473"
USED Footer Element non-null: radiosondeSerialNumber = "N1740474"
USED Footer Element non-null: radiosondeSerialNumber = "N1820043"
USED Footer Element non-null: radiosondeSerialNumber = "N2010440"
USED Footer Element non-null: radiosondeSerialNumber = "N2010441"
USED Footer Element non-null: radiosondeSerialNumber = "N2010442"
USED Footer Element non-null: radiosondeSerialNumber = "N2020415"
USED Footer Element non-null: radiosondeSerialNumber = "N2020416"
USED Footer Element non-null: radiosondeSerialNumber = "N2020418"
USED Footer Element non-null: radiosondeSerialNumber = "N2020419"
USED Footer Element non-null: radiosondeSerialNumber = "N2020420"
USED Footer Element non-null: radiosondeSerialNumber = "N2020421"
USED Footer Element non-null: radiosondeSerialNumber = "N2020423"
USED Footer Element non-null: radiosondeSerialNumber = "N2020424"
USED Footer Element non-null: radiosondeSerialNumber = "N2020425"
USED Footer Element non-null: radiosondeSerialNumber = "N2020426"
USED Footer Element non-null: radiosondeSerialNumber = "N2020427"
USED Footer Element non-null: radiosondeSerialNumber = "N2020428"
USED Footer Element non-null: radiosondeSerialNumber = "N2020430"
USED Footer Element non-null: radiosondeSerialNumber = "N2020431"
USED Footer Element non-null: radiosondeSerialNumber = "N2020438"
USED Footer Element non-null: radiosondeSerialNumber = "N2030162"
USED Footer Element non-null: radiosondeSerialNumber = "N2030258"
USED Footer Element non-null: radiosondeSerialNumber = "N2030404"
USED Footer Element non-null: radiosondeSerialNumber = "N2030405"
USED Footer Element non-null: radiosondeSerialNumber = "N2030406"
USED Footer Element non-null: radiosondeSerialNumber = "N2030418"
USED Footer Element non-null: radiosondeSerialNumber = "N2030616"
USED Footer Element non-null: radiosondeSerialNumber = "N2030638"
USED Footer Element non-null: radiosondeSerialNumber = "N2030649"
USED Footer Element non-null: radiosondeSerialNumber = "N2030651"
USED Footer Element non-null: radiosondeSerialNumber = "N2050368"
USED Footer Element non-null: radiosondeSerialNumber = "N2050379"
USED Footer Element non-null: radiosondeSerialNumber = "N2050380"
USED Footer Element non-null: radiosondeSerialNumber = "N2050381"
USED Footer Element non-null: radiosondeSerialNumber = "N2050382"
USED Footer Element non-null: radiosondeSerialNumber = "N2050383"
USED Footer Element non-null: radiosondeSerialNumber = "N2050384"
USED Footer Element non-null: radiosondeSerialNumber = "N3440124"
USED Footer Element non-null: radiosondeSerialNumber = "N3440145"
USED Footer Element non-null: radiosondeSerialNumber = "N3440147"
USED Footer Element non-null: radiosondeSerialNumber = "N3440148"
USED Footer Element non-null: radiosondeSerialNumber = "N3440153"
USED Footer Element non-null: radiosondeSerialNumber = "N3440154"
USED Footer Element non-null: radiosondeSerialNumber = "N3440155"
USED Footer Element non-null: radiosondeSerialNumber = "N3440156"
USED Footer Element non-null: radiosondeSerialNumber = "N3440157"
USED Footer Element non-null: radiosondeSerialNumber = "N3440159"
USED Footer Element non-null: radiosondeSerialNumber = "N3440160"
USED Footer Element non-null: radiosondeSerialNumber = "N3440161"
USED Footer Element non-null: radiosondeSerialNumber = "N3440162"
USED Footer Element non-null: radiosondeSerialNumber = "N3440163"
USED Footer Element non-null: radiosondeSerialNumber = "N3440165"
USED Footer Element non-null: radiosondeSerialNumber = "N3440280"
USED Footer Element non-null: radiosondeSerialNumber = "N3440281"
USED Footer Element non-null: radiosondeSerialNumber = "N3440659"
USED Footer Element non-null: radiosondeSerialNumber = "N3440661"
USED Footer Element non-null: radiosondeSerialNumber = "N3440662"
USED Footer Element non-null: radiosondeSerialNumber = "N3440663"
USED Footer Element non-null: radiosondeSerialNumber = "N3440664"
USED Footer Element non-null: radiosondeSerialNumber = "N3440665"
USED Footer Element non-null: radiosondeSerialNumber = "N3440666"
USED Footer Element non-null: radiosondeSerialNumber = "N3440667"
USED Footer Element non-null: radiosondeSerialNumber = "N3440673"
USED Footer Element non-null: radiosondeSerialNumber = "N3440674"
USED Footer Element non-null: radiosondeSerialNumber = "N3440675"
USED Footer Element non-null: radiosondeSerialNumber = "N3440676"
USED Footer Element non-null: radiosondeSerialNumber = "N3440677"
USED Footer Element non-null: radiosondeSerialNumber = "N3440690"
USED Footer Element non-null: radiosondeSerialNumber = "N3440691"
USED Footer Element non-null: radiosondeSerialNumber = "N3440692"
USED Footer Element non-null: radiosondeSerialNumber = "N3440693"
USED Footer Element non-null: radiosondeSerialNumber = "N3440697"
USED Footer Element non-null: radiosondeSerialNumber = "N3440715"
USED Footer Element non-null: radiosondeSerialNumber = "N3440716"
USED Footer Element non-null: radiosondeSerialNumber = "N3440717"
USED Footer Element non-null: radiosondeSerialNumber = "N3440718"
USED Footer Element non-null: radiosondeSerialNumber = "N3440719"
USED Footer Element non-null: radiosondeSerialNumber = "N3510163"
USED Footer Element non-null: radiosondeSerialNumber = "N3510263"
USED Footer Element non-null: radiosondeSerialNumber = "N3510282"
USED Footer Element non-null: radiosondeSerialNumber = "N3510284"
USED Footer Element non-null: radiosondeSerialNumber = "N3510285"
USED Footer Element non-null: radiosondeSerialNumber = "N3510286"
USED Footer Element non-null: radiosondeSerialNumber = "N3510287"
USED Footer Element non-null: radiosondeSerialNumber = "N3510288"
USED Footer Element non-null: radiosondeSerialNumber = "N3520334"
USED Footer Element non-null: radiosondeSerialNumber = "N3520362"
USED Footer Element non-null: radiosondeSerialNumber = "N3520379"
USED Footer Element non-null: radiosondeSerialNumber = "N3520380"
USED Footer Element non-null: radiosondeSerialNumber = "N3520381"
USED Footer Element non-null: radiosondeSerialNumber = "N3520383"
USED Footer Element non-null: radiosondeSerialNumber = "N3520384"
USED Footer Element non-null: radiosondeSerialNumber = "N3520388"
USED Footer Element non-null: radiosondeSerialNumber = "N3520390"
USED Footer Element non-null: radiosondeSerialNumber = "N3520397"
USED Footer Element non-null: radiosondeSerialNumber = "N3520398"
USED Footer Element non-null: radiosondeSerialNumber = "N3520399"
USED Footer Element non-null: radiosondeSerialNumber = "N3520400"
USED Footer Element non-null: radiosondeSerialNumber = "N3520401"
USED Footer Element non-null: radiosondeSerialNumber = "N3520402"
USED Footer Element non-null: radiosondeSerialNumber = "N3520403"
USED Footer Element non-null: radiosondeSerialNumber = "N3520410"
USED Footer Element non-null: radiosondeSerialNumber = "N3520411"
USED Footer Element non-null: radiosondeSerialNumber = "N3520412"
USED Footer Element non-null: radiosondeSerialNumber = "N3520413"
USED Footer Element non-null: radiosondeSerialNumber = "N3520414"
USED Footer Element non-null: radiosondeSerialNumber = "N3520422"
USED Footer Element non-null: radiosondeSerialNumber = "N3520423"
USED Footer Element non-null: radiosondeSerialNumber = "N3520424"
USED Footer Element non-null: radiosondeSerialNumber = "N3520425"
USED Footer Element non-null: radiosondeSerialNumber = "N3520426"
USED Footer Element non-null: radiosondeSerialNumber = "N3520434"
USED Footer Element non-null: radiosondeSerialNumber = "N3520435"
USED Footer Element non-null: radiosondeSerialNumber = "N3520436"
USED Footer Element non-null: radiosondeSerialNumber = "N3520437"
USED Footer Element non-null: radiosondeSerialNumber = "N3520438"
USED Footer Element non-null: radiosondeSerialNumber = "N3520451"
USED Footer Element non-null: radiosondeSerialNumber = "N3520452"
USED Footer Element non-null: radiosondeSerialNumber = "N3520453"
USED Footer Element non-null: radiosondeSerialNumber = "N3520454"
USED Footer Element non-null: radiosondeSerialNumber = "N3530529"
USED Footer Element non-null: radiosondeSerialNumber = "N3530530"
USED Footer Element non-null: radiosondeSerialNumber = "N3530531"
USED Footer Element non-null: radiosondeSerialNumber = "N3530532"
USED Footer Element non-null: radiosondeSerialNumber = "N3530533"
USED Footer Element non-null: radiosondeSerialNumber = "N3530534"
USED Footer Element non-null: radiosondeSerialNumber = "N3530535"
USED Footer Element non-null: radiosondeSerialNumber = "N3530536"
USED Footer Element non-null: radiosondeSerialNumber = "N3530537"
USED Footer Element non-null: radiosondeSerialNumber = "N3530538"
USED Footer Element non-null: radiosondeSerialNumber = "N3530543"
USED Footer Element non-null: radiosondeSerialNumber = "N3530544"
USED Footer Element non-null: radiosondeSerialNumber = "N3530545"
USED Footer Element non-null: radiosondeSerialNumber = "N3530546"
USED Footer Element non-null: radiosondeSerialNumber = "N3540021"
USED Footer Element non-null: radiosondeSerialNumber = "N3540031"
USED Footer Element non-null: radiosondeSerialNumber = "N3540032"
USED Footer Element non-null: radiosondeSerialNumber = "N3540156"
USED Footer Element non-null: radiosondeSerialNumber = "N3540160"
USED Footer Element non-null: radiosondeSerialNumber = "N3540162"
USED Footer Element non-null: radiosondeSerialNumber = "N3540169"
USED Footer Element non-null: radiosondeSerialNumber = "N3540171"
USED Footer Element non-null: radiosondeSerialNumber = "N3540172"
USED Footer Element non-null: radiosondeSerialNumber = "N3540173"
USED Footer Element non-null: radiosondeSerialNumber = "N3540174"
USED Footer Element non-null: radiosondeSerialNumber = "N3540238"
USED Footer Element non-null: radiosondeSerialNumber = "N3540240"
USED Footer Element non-null: radiosondeSerialNumber = "N3540243"
USED Footer Element non-null: radiosondeSerialNumber = "N3540246"
USED Footer Element non-null: radiosondeSerialNumber = "N3540248"
USED Footer Element non-null: radiosondeSerialNumber = "N3540250"
USED Footer Element non-null: radiosondeSerialNumber = "N3540251"
USED Footer Element non-null: radiosondeSerialNumber = "N3540252"
USED Footer Element non-null: radiosondeSerialNumber = "N3540263"
USED Footer Element non-null: radiosondeSerialNumber = "N3540264"
USED Footer Element non-null: radiosondeSerialNumber = "N3540271"
USED Footer Element non-null: radiosondeSerialNumber = "N3540283"
USED Footer Element non-null: radiosondeSerialNumber = "N3540284"
USED Footer Element non-null: radiosondeSerialNumber = "N3540285"
USED Footer Element non-null: radiosondeSerialNumber = "N3540286"
USED Footer Element non-null: radiosondeSerialNumber = "N3540288"
USED Footer Element non-null: radiosondeSerialNumber = "N3540289"
USED Footer Element non-null: radiosondeSerialNumber = "N3540290"
USED Footer Element non-null: radiosondeSerialNumber = "N3540291"
USED Footer Element non-null: radiosondeSerialNumber = "N3540292"
USED Footer Element non-null: radiosondeSerialNumber = "N3540308"
USED Footer Element non-null: radiosondeSerialNumber = "N3540312"
USED Footer Element non-null: radiosondeSerialNumber = "N3540362"
USED Footer Element non-null: radiosondeSerialNumber = "N3540363"
USED Footer Element non-null: radiosondeSerialNumber = "N3540366"
USED Footer Element non-null: radiosondeSerialNumber = "N3540388"
USED Footer Element non-null: radiosondeSerialNumber = "N3540398"
USED Footer Element non-null: radiosondeSerialNumber = "N3540399"
USED Footer Element non-null: radiosondeSerialNumber = "N3540400"
USED Footer Element non-null: radiosondeSerialNumber = "N3540402"
USED Footer Element non-null: radiosondeSerialNumber = "N3540403"
USED Footer Element non-null: radiosondeSerialNumber = "N3540404"
USED Footer Element non-null: radiosondeSerialNumber = "N3540405"
USED Footer Element non-null: radiosondeSerialNumber = "N3540406"
USED Footer Element non-null: radiosondeSerialNumber = "N3540407"
USED Footer Element non-null: radiosondeSerialNumber = "N3540408"
USED Footer Element non-null: radiosondeSerialNumber = "N3550561"
USED Footer Element non-null: radiosondeSerialNumber = "N3550562"
USED Footer Element non-null: radiosondeSerialNumber = "N3550563"
USED Footer Element non-null: radiosondeSerialNumber = "N3550564"
USED Footer Element non-null: radiosondeSerialNumber = "N3550593"
USED Footer Element non-null: radiosondeSerialNumber = "N3550594"
USED Footer Element non-null: radiosondeSerialNumber = "N3550595"
USED Footer Element non-null: radiosondeSerialNumber = "N3550596"
USED Footer Element non-null: radiosondeSerialNumber = "N3550597"
USED Footer Element non-null: radiosondeSerialNumber = "N3550598"
USED Footer Element non-null: radiosondeSerialNumber = "N3550600"
USED Footer Element non-null: radiosondeSerialNumber = "N3550601"
USED Footer Element non-null: radiosondeSerialNumber = "N3550602"
USED Footer Element non-null: radiosondeSerialNumber = "N3550603"
USED Footer Element non-null: radiosondeSerialNumber = "N3550605"
USED Footer Element non-null: radiosondeSerialNumber = "N3550606"
USED Footer Element non-null: radiosondeSerialNumber = "N3550607"
USED Footer Element non-null: radiosondeSerialNumber = "N3550608"
USED Footer Element non-null: radiosondeSerialNumber = "N3550609"
USED Footer Element non-null: radiosondeSerialNumber = "N3550610"
USED Footer Element non-null: radiosondeSerialNumber = "N3550611"
USED Footer Element non-null: radiosondeSerialNumber = "N3550612"
USED Footer Element non-null: radiosondeSerialNumber = "N3550613"
USED Footer Element non-null: radiosondeSerialNumber = "N3550614"
USED Footer Element non-null: radiosondeSerialNumber = "N3550615"
USED Footer Element non-null: radiosondeSerialNumber = "N3550616"
USED Footer Element non-null: radiosondeSerialNumber = "N3550617"
USED Footer Element non-null: radiosondeSerialNumber = "N3550625"
USED Footer Element non-null: radiosondeSerialNumber = "N3550655"
USED Footer Element non-null: radiosondeSerialNumber = "N3550657"
USED Footer Element non-null: radiosondeSerialNumber = "N3550658"
USED Footer Element non-null: radiosondeSerialNumber = "N3550659"
USED Footer Element non-null: radiosondeSerialNumber = "N3550660"
USED Footer Element non-null: radiosondeSerialNumber = "N3550666"
USED Footer Element non-null: radiosondeSerialNumber = "N3550679"
USED Footer Element non-null: radiosondeSerialNumber = "N3550697"
USED Footer Element non-null: radiosondeSerialNumber = "N3550698"
USED Footer Element non-null: radiosondeSerialNumber = "N3550699"
USED Footer Element non-null: radiosondeSerialNumber = "N3550700"
USED Footer Element non-null: radiosondeSerialNumber = "N3550711"
USED Footer Element non-null: radiosondeSerialNumber = "N3550712"
USED Footer Element non-null: radiosondeSerialNumber = "N3550714"
USED Footer Element non-null: radiosondeSerialNumber = "N3550763"
USED Footer Element non-null: radiosondeSerialNumber = "N3550764"
USED Footer Element non-null: radiosondeSerialNumber = "N3550769"
USED Footer Element non-null: radiosondeSerialNumber = "N3550770"
USED Footer Element non-null: radiosondeSerialNumber = "N3550771"
USED Footer Element non-null: radiosondeSerialNumber = "N3550772"
USED Footer Element non-null: radiosondeSerialNumber = "N3550773"
USED Footer Element non-null: radiosondeSerialNumber = "N3550774"
USED Footer Element non-null: radiosondeSerialNumber = "N3550775"
USED Footer Element non-null: radiosondeSerialNumber = "N3550776"
USED Footer Element non-null: radiosondeSerialNumber = "N3550777"
USED Footer Element non-null: radiosondeSerialNumber = "N3550778"
USED Footer Element non-null: radiosondeSerialNumber = "N3550779"
USED Footer Element non-null: radiosondeSerialNumber = "N3550780"
USED Footer Element non-null: radiosondeSerialNumber = "P0150466"
USED Footer Element non-null: radiosondeSerialNumber = "P0210559"
USED Footer Element non-null: radiosondeSerialNumber = "P0220751"
USED Footer Element non-null: radiosondeSerialNumber = "P0220752"
USED Footer Element non-null: radiosondeSerialNumber = "P0230229"
USED Footer Element non-null: radiosondeSerialNumber = "P0230230"
USED Footer Element non-null: radiosondeSerialNumber = "P0230231"
USED Footer Element non-null: radiosondeSerialNumber = "P0230232"
USED Footer Element non-null: radiosondeSerialNumber = "P0230233"
USED Footer Element non-null: radiosondeSerialNumber = "P0230234"
