 GoodGeopotentialHeight= 0, 		 nullGeopotentialHeight= 0, 		 allGeopotentialHeight= 0
 GoodNonCoordinateGeopotentialHeight= 1257, nullNonCoordinateGeopotentialHeight= 0, allNonCoordinateGeopotentialHeight= 1257
 GoodNonCoordinateGeopotentialHeight= 1264, nullNonCoordinateGeopotentialHeight= 0, allNonCoordinateGeopotentialHeight= 1264
 GoodNonCoordinateGeopotentialHeight= 1296, nullNonCoordinateGeopotentialHeight= 0, allNonCoordinateGeopotentialHeight= 1296
 GoodNonCoordinateGeopotentialHeight= 1318, nullNonCoordinateGeopotentialHeight= 0, allNonCoordinateGeopotentialHeight= 1318
 GoodNonCoordinateGeopotentialHeight= 1328, nullNonCoordinateGeopotentialHeight= 0, allNonCoordinateGeopotentialHeight= 1328
 GoodNonCoordinateGeopotentialHeight= 1338, nullNonCoordinateGeopotentialHeight= 0, allNonCoordinateGeopotentialHeight= 1338
 GoodNonCoordinateGeopotentialHeight= 1341, nullNonCoordinateGeopotentialHeight= 0, allNonCoordinateGeopotentialHeight= 1341
 GoodNonCoordinateGeopotentialHeight= 1356, nullNonCoordinateGeopotentialHeight= 0, allNonCoordinateGeopotentialHeight= 1356
 GoodNonCoordinateGeopotentialHeight= 1357, nullNonCoordinateGeopotentialHeight= 0, allNonCoordinateGeopotentialHeight= 1357
 GoodNonCoordinateGeopotentialHeight= 1365, nullNonCoordinateGeopotentialHeight= 0, allNonCoordinateGeopotentialHeight= 1365
 GoodNonCoordinateGeopotentialHeight= 1374, nullNonCoordinateGeopotentialHeight= 0, allNonCoordinateGeopotentialHeight= 1374
 GoodNonCoordinateGeopotentialHeight= 1375, nullNonCoordinateGeopotentialHeight= 0, allNonCoordinateGeopotentialHeight= 1375
 GoodNonCoordinateGeopotentialHeight= 1378, nullNonCoordinateGeopotentialHeight= 0, allNonCoordinateGeopotentialHeight= 1378
 GoodNonCoordinateGeopotentialHeight= 1379, nullNonCoordinateGeopotentialHeight= 0, allNonCoordinateGeopotentialHeight= 1379
 GoodNonCoordinateGeopotentialHeight= 1380, nullNonCoordinateGeopotentialHeight= 0, allNonCoordinateGeopotentialHeight= 1380
 GoodNonCoordinateGeopotentialHeight= 1382, nullNonCoordinateGeopotentialHeight= 0, allNonCoordinateGeopotentialHeight= 1382
 GoodNonCoordinateGeopotentialHeight= 1387, nullNonCoordinateGeopotentialHeight= 0, allNonCoordinateGeopotentialHeight= 1387
 GoodNonCoordinateGeopotentialHeight= 1389, nullNonCoordinateGeopotentialHeight= 0, allNonCoordinateGeopotentialHeight= 1389
 GoodNonCoordinateGeopotentialHeight= 1390, nullNonCoordinateGeopotentialHeight= 0, allNonCoordinateGeopotentialHeight= 1390
 GoodNonCoordinateGeopotentialHeight= 1394, nullNonCoordinateGeopotentialHeight= 0, allNonCoordinateGeopotentialHeight= 1394
 GoodNonCoordinateGeopotentialHeight= 1399, nullNonCoordinateGeopotentialHeight= 0, allNonCoordinateGeopotentialHeight= 1399
 GoodNonCoordinateGeopotentialHeight= 1403, nullNonCoordinateGeopotentialHeight= 0, allNonCoordinateGeopotentialHeight= 1403
 GoodNonCoordinateGeopotentialHeight= 1412, nullNonCoordinateGeopotentialHeight= 0, allNonCoordinateGeopotentialHeight= 1412
 GoodNonCoordinateGeopotentialHeight= 1413, nullNonCoordinateGeopotentialHeight= 0, allNonCoordinateGeopotentialHeight= 1413
 GoodNonCoordinateGeopotentialHeight= 1416, nullNonCoordinateGeopotentialHeight= 0, allNonCoordinateGeopotentialHeight= 1416
 GoodNonCoordinateGeopotentialHeight= 1420, nullNonCoordinateGeopotentialHeight= 0, allNonCoordinateGeopotentialHeight= 1420
 GoodNonCoordinateGeopotentialHeight= 1424, nullNonCoordinateGeopotentialHeight= 0, allNonCoordinateGeopotentialHeight= 1424
 GoodNonCoordinateGeopotentialHeight= 1427, nullNonCoordinateGeopotentialHeight= 0, allNonCoordinateGeopotentialHeight= 1427
 GoodNonCoordinateGeopotentialHeight= 1429, nullNonCoordinateGeopotentialHeight= 0, allNonCoordinateGeopotentialHeight= 1429
 GoodNonCoordinateGeopotentialHeight= 1430, nullNonCoordinateGeopotentialHeight= 0, allNonCoordinateGeopotentialHeight= 1430
 GoodNonCoordinateGeopotentialHeight= 1431, nullNonCoordinateGeopotentialHeight= 0, allNonCoordinateGeopotentialHeight= 1431
 GoodNonCoordinateGeopotentialHeight= 1437, nullNonCoordinateGeopotentialHeight= 0, allNonCoordinateGeopotentialHeight= 1437
 GoodNonCoordinateGeopotentialHeight= 1442, nullNonCoordinateGeopotentialHeight= 0, allNonCoordinateGeopotentialHeight= 1442
 GoodNonCoordinateGeopotentialHeight= 1444, nullNonCoordinateGeopotentialHeight= 0, allNonCoordinateGeopotentialHeight= 1444
 GoodNonCoordinateGeopotentialHeight= 1448, nullNonCoordinateGeopotentialHeight= 0, allNonCoordinateGeopotentialHeight= 1448
 GoodNonCoordinateGeopotentialHeight= 1451, nullNonCoordinateGeopotentialHeight= 0, allNonCoordinateGeopotentialHeight= 1451
 GoodNonCoordinateGeopotentialHeight= 1458, nullNonCoordinateGeopotentialHeight= 0, allNonCoordinateGeopotentialHeight= 1458
 GoodNonCoordinateGeopotentialHeight= 1462, nullNonCoordinateGeopotentialHeight= 0, allNonCoordinateGeopotentialHeight= 1462
 GoodNonCoordinateGeopotentialHeight= 1465, nullNonCoordinateGeopotentialHeight= 0, allNonCoordinateGeopotentialHeight= 1465
 GoodNonCoordinateGeopotentialHeight= 1466, nullNonCoordinateGeopotentialHeight= 0, allNonCoordinateGeopotentialHeight= 1466
 GoodNonCoordinateGeopotentialHeight= 1467, nullNonCoordinateGeopotentialHeight= 0, allNonCoordinateGeopotentialHeight= 1467
 GoodNonCoordinateGeopotentialHeight= 1468, nullNonCoordinateGeopotentialHeight= 0, allNonCoordinateGeopotentialHeight= 1468
 GoodNonCoordinateGeopotentialHeight= 1469, nullNonCoordinateGeopotentialHeight= 0, allNonCoordinateGeopotentialHeight= 1469
 GoodNonCoordinateGeopotentialHeight= 1471, nullNonCoordinateGeopotentialHeight= 0, allNonCoordinateGeopotentialHeight= 1471
 GoodNonCoordinateGeopotentialHeight= 1473, nullNonCoordinateGeopotentialHeight= 0, allNonCoordinateGeopotentialHeight= 1473
 GoodNonCoordinateGeopotentialHeight= 1474, nullNonCoordinateGeopotentialHeight= 0, allNonCoordinateGeopotentialHeight= 1474
 GoodNonCoordinateGeopotentialHeight= 1475, nullNonCoordinateGeopotentialHeight= 0, allNonCoordinateGeopotentialHeight= 1475
 GoodNonCoordinateGeopotentialHeight= 1482, nullNonCoordinateGeopotentialHeight= 0, allNonCoordinateGeopotentialHeight= 1482
 GoodNonCoordinateGeopotentialHeight= 1487, nullNonCoordinateGeopotentialHeight= 0, allNonCoordinateGeopotentialHeight= 1487
 GoodNonCoordinateGeopotentialHeight= 1490, nullNonCoordinateGeopotentialHeight= 0, allNonCoordinateGeopotentialHeight= 1490
 GoodNonCoordinateGeopotentialHeight= 1491, nullNonCoordinateGeopotentialHeight= 0, allNonCoordinateGeopotentialHeight= 1491
 GoodNonCoordinateGeopotentialHeight= 1492, nullNonCoordinateGeopotentialHeight= 0, allNonCoordinateGeopotentialHeight= 1492
 GoodNonCoordinateGeopotentialHeight= 1493, nullNonCoordinateGeopotentialHeight= 0, allNonCoordinateGeopotentialHeight= 1493
 GoodNonCoordinateGeopotentialHeight= 1496, nullNonCoordinateGeopotentialHeight= 0, allNonCoordinateGeopotentialHeight= 1496
 GoodNonCoordinateGeopotentialHeight= 1497, nullNonCoordinateGeopotentialHeight= 0, allNonCoordinateGeopotentialHeight= 1497
 GoodNonCoordinateGeopotentialHeight= 1498, nullNonCoordinateGeopotentialHeight= 0, allNonCoordinateGeopotentialHeight= 1498
 GoodNonCoordinateGeopotentialHeight= 1500, nullNonCoordinateGeopotentialHeight= 0, allNonCoordinateGeopotentialHeight= 1500
 GoodNonCoordinateGeopotentialHeight= 1501, nullNonCoordinateGeopotentialHeight= 0, allNonCoordinateGeopotentialHeight= 1501
 GoodNonCoordinateGeopotentialHeight= 1503, nullNonCoordinateGeopotentialHeight= 0, allNonCoordinateGeopotentialHeight= 1503
 GoodNonCoordinateGeopotentialHeight= 1505, nullNonCoordinateGeopotentialHeight= 0, allNonCoordinateGeopotentialHeight= 1505
 GoodNonCoordinateGeopotentialHeight= 1506, nullNonCoordinateGeopotentialHeight= 0, allNonCoordinateGeopotentialHeight= 1506
 GoodNonCoordinateGeopotentialHeight= 1510, nullNonCoordinateGeopotentialHeight= 0, allNonCoordinateGeopotentialHeight= 1510
 GoodNonCoordinateGeopotentialHeight= 1513, nullNonCoordinateGeopotentialHeight= 0, allNonCoordinateGeopotentialHeight= 1513
 GoodNonCoordinateGeopotentialHeight= 1514, nullNonCoordinateGeopotentialHeight= 0, allNonCoordinateGeopotentialHeight= 1514
 GoodNonCoordinateGeopotentialHeight= 1515, nullNonCoordinateGeopotentialHeight= 0, allNonCoordinateGeopotentialHeight= 1515
 GoodNonCoordinateGeopotentialHeight= 1516, nullNonCoordinateGeopotentialHeight= 0, allNonCoordinateGeopotentialHeight= 1516
 GoodNonCoordinateGeopotentialHeight= 1517, nullNonCoordinateGeopotentialHeight= 0, allNonCoordinateGeopotentialHeight= 1517
 GoodNonCoordinateGeopotentialHeight= 1518, nullNonCoordinateGeopotentialHeight= 0, allNonCoordinateGeopotentialHeight= 1518
 GoodNonCoordinateGeopotentialHeight= 1521, nullNonCoordinateGeopotentialHeight= 0, allNonCoordinateGeopotentialHeight= 1521
 GoodNonCoordinateGeopotentialHeight= 1524, nullNonCoordinateGeopotentialHeight= 0, allNonCoordinateGeopotentialHeight= 1524
 GoodNonCoordinateGeopotentialHeight= 1527, nullNonCoordinateGeopotentialHeight= 0, allNonCoordinateGeopotentialHeight= 1527
 GoodNonCoordinateGeopotentialHeight= 1530, nullNonCoordinateGeopotentialHeight= 0, allNonCoordinateGeopotentialHeight= 1530
 GoodNonCoordinateGeopotentialHeight= 1533, nullNonCoordinateGeopotentialHeight= 0, allNonCoordinateGeopotentialHeight= 1533
 GoodNonCoordinateGeopotentialHeight= 1534, nullNonCoordinateGeopotentialHeight= 0, allNonCoordinateGeopotentialHeight= 1534
 GoodNonCoordinateGeopotentialHeight= 1536, nullNonCoordinateGeopotentialHeight= 0, allNonCoordinateGeopotentialHeight= 1536
 GoodNonCoordinateGeopotentialHeight= 1538, nullNonCoordinateGeopotentialHeight= 0, allNonCoordinateGeopotentialHeight= 1538
 GoodNonCoordinateGeopotentialHeight= 1539, nullNonCoordinateGeopotentialHeight= 0, allNonCoordinateGeopotentialHeight= 1539
 GoodNonCoordinateGeopotentialHeight= 1542, nullNonCoordinateGeopotentialHeight= 0, allNonCoordinateGeopotentialHeight= 1542
 GoodNonCoordinateGeopotentialHeight= 1543, nullNonCoordinateGeopotentialHeight= 0, allNonCoordinateGeopotentialHeight= 1543
 GoodNonCoordinateGeopotentialHeight= 1547, nullNonCoordinateGeopotentialHeight= 0, allNonCoordinateGeopotentialHeight= 1547
 GoodNonCoordinateGeopotentialHeight= 1548, nullNonCoordinateGeopotentialHeight= 0, allNonCoordinateGeopotentialHeight= 1548
 GoodNonCoordinateGeopotentialHeight= 1549, nullNonCoordinateGeopotentialHeight= 0, allNonCoordinateGeopotentialHeight= 1549
 GoodNonCoordinateGeopotentialHeight= 1550, nullNonCoordinateGeopotentialHeight= 0, allNonCoordinateGeopotentialHeight= 1550
 GoodNonCoordinateGeopotentialHeight= 1552, nullNonCoordinateGeopotentialHeight= 0, allNonCoordinateGeopotentialHeight= 1552
 GoodNonCoordinateGeopotentialHeight= 1553, nullNonCoordinateGeopotentialHeight= 0, allNonCoordinateGeopotentialHeight= 1553
 GoodNonCoordinateGeopotentialHeight= 1555, nullNonCoordinateGeopotentialHeight= 0, allNonCoordinateGeopotentialHeight= 1555
 GoodNonCoordinateGeopotentialHeight= 1556, nullNonCoordinateGeopotentialHeight= 0, allNonCoordinateGeopotentialHeight= 1556
 GoodNonCoordinateGeopotentialHeight= 1558, nullNonCoordinateGeopotentialHeight= 0, allNonCoordinateGeopotentialHeight= 1558
 GoodNonCoordinateGeopotentialHeight= 1559, nullNonCoordinateGeopotentialHeight= 0, allNonCoordinateGeopotentialHeight= 1559
 GoodNonCoordinateGeopotentialHeight= 1560, nullNonCoordinateGeopotentialHeight= 0, allNonCoordinateGeopotentialHeight= 1560
 GoodNonCoordinateGeopotentialHeight= 1562, nullNonCoordinateGeopotentialHeight= 0, allNonCoordinateGeopotentialHeight= 1562
 GoodNonCoordinateGeopotentialHeight= 1564, nullNonCoordinateGeopotentialHeight= 0, allNonCoordinateGeopotentialHeight= 1564
 GoodNonCoordinateGeopotentialHeight= 1565, nullNonCoordinateGeopotentialHeight= 0, allNonCoordinateGeopotentialHeight= 1565
 GoodNonCoordinateGeopotentialHeight= 1568, nullNonCoordinateGeopotentialHeight= 0, allNonCoordinateGeopotentialHeight= 1568
 GoodNonCoordinateGeopotentialHeight= 1569, nullNonCoordinateGeopotentialHeight= 0, allNonCoordinateGeopotentialHeight= 1569
 GoodNonCoordinateGeopotentialHeight= 1570, nullNonCoordinateGeopotentialHeight= 0, allNonCoordinateGeopotentialHeight= 1570
 GoodNonCoordinateGeopotentialHeight= 1571, nullNonCoordinateGeopotentialHeight= 0, allNonCoordinateGeopotentialHeight= 1571
 GoodNonCoordinateGeopotentialHeight= 1572, nullNonCoordinateGeopotentialHeight= 0, allNonCoordinateGeopotentialHeight= 1572
 GoodNonCoordinateGeopotentialHeight= 1573, nullNonCoordinateGeopotentialHeight= 0, allNonCoordinateGeopotentialHeight= 1573
 GoodNonCoordinateGeopotentialHeight= 1574, nullNonCoordinateGeopotentialHeight= 0, allNonCoordinateGeopotentialHeight= 1574
 GoodNonCoordinateGeopotentialHeight= 1576, nullNonCoordinateGeopotentialHeight= 0, allNonCoordinateGeopotentialHeight= 1576
 GoodNonCoordinateGeopotentialHeight= 1577, nullNonCoordinateGeopotentialHeight= 0, allNonCoordinateGeopotentialHeight= 1577
 GoodNonCoordinateGeopotentialHeight= 1578, nullNonCoordinateGeopotentialHeight= 0, allNonCoordinateGeopotentialHeight= 1578
 GoodNonCoordinateGeopotentialHeight= 1579, nullNonCoordinateGeopotentialHeight= 0, allNonCoordinateGeopotentialHeight= 1579
 GoodNonCoordinateGeopotentialHeight= 1580, nullNonCoordinateGeopotentialHeight= 0, allNonCoordinateGeopotentialHeight= 1580
 GoodNonCoordinateGeopotentialHeight= 1584, nullNonCoordinateGeopotentialHeight= 0, allNonCoordinateGeopotentialHeight= 1584
 GoodNonCoordinateGeopotentialHeight= 1587, nullNonCoordinateGeopotentialHeight= 0, allNonCoordinateGeopotentialHeight= 1587
 GoodNonCoordinateGeopotentialHeight= 1588, nullNonCoordinateGeopotentialHeight= 0, allNonCoordinateGeopotentialHeight= 1588
 GoodNonCoordinateGeopotentialHeight= 1589, nullNonCoordinateGeopotentialHeight= 0, allNonCoordinateGeopotentialHeight= 1589
 GoodNonCoordinateGeopotentialHeight= 1590, nullNonCoordinateGeopotentialHeight= 0, allNonCoordinateGeopotentialHeight= 1590
 GoodNonCoordinateGeopotentialHeight= 1593, nullNonCoordinateGeopotentialHeight= 0, allNonCoordinateGeopotentialHeight= 1593
 GoodNonCoordinateGeopotentialHeight= 1595, nullNonCoordinateGeopotentialHeight= 0, allNonCoordinateGeopotentialHeight= 1595
 GoodNonCoordinateGeopotentialHeight= 1596, nullNonCoordinateGeopotentialHeight= 0, allNonCoordinateGeopotentialHeight= 1596
 GoodNonCoordinateGeopotentialHeight= 1598, nullNonCoordinateGeopotentialHeight= 0, allNonCoordinateGeopotentialHeight= 1598
 GoodNonCoordinateGeopotentialHeight= 1599, nullNonCoordinateGeopotentialHeight= 0, allNonCoordinateGeopotentialHeight= 1599
 GoodNonCoordinateGeopotentialHeight= 1601, nullNonCoordinateGeopotentialHeight= 0, allNonCoordinateGeopotentialHeight= 1601
 GoodNonCoordinateGeopotentialHeight= 1602, nullNonCoordinateGeopotentialHeight= 0, allNonCoordinateGeopotentialHeight= 1602
 GoodNonCoordinateGeopotentialHeight= 1606, nullNonCoordinateGeopotentialHeight= 0, allNonCoordinateGeopotentialHeight= 1606
 GoodNonCoordinateGeopotentialHeight= 1607, nullNonCoordinateGeopotentialHeight= 0, allNonCoordinateGeopotentialHeight= 1607
 GoodNonCoordinateGeopotentialHeight= 1608, nullNonCoordinateGeopotentialHeight= 0, allNonCoordinateGeopotentialHeight= 1608
 GoodNonCoordinateGeopotentialHeight= 1611, nullNonCoordinateGeopotentialHeight= 0, allNonCoordinateGeopotentialHeight= 1611
 GoodNonCoordinateGeopotentialHeight= 1612, nullNonCoordinateGeopotentialHeight= 0, allNonCoordinateGeopotentialHeight= 1612
 GoodNonCoordinateGeopotentialHeight= 1614, nullNonCoordinateGeopotentialHeight= 0, allNonCoordinateGeopotentialHeight= 1614
 GoodNonCoordinateGeopotentialHeight= 1616, nullNonCoordinateGeopotentialHeight= 0, allNonCoordinateGeopotentialHeight= 1616
 GoodNonCoordinateGeopotentialHeight= 1618, nullNonCoordinateGeopotentialHeight= 0, allNonCoordinateGeopotentialHeight= 1618
 GoodNonCoordinateGeopotentialHeight= 1621, nullNonCoordinateGeopotentialHeight= 0, allNonCoordinateGeopotentialHeight= 1621
 GoodNonCoordinateGeopotentialHeight= 1622, nullNonCoordinateGeopotentialHeight= 0, allNonCoordinateGeopotentialHeight= 1622
 GoodNonCoordinateGeopotentialHeight= 1626, nullNonCoordinateGeopotentialHeight= 0, allNonCoordinateGeopotentialHeight= 1626
 GoodNonCoordinateGeopotentialHeight= 1627, nullNonCoordinateGeopotentialHeight= 0, allNonCoordinateGeopotentialHeight= 1627
 GoodNonCoordinateGeopotentialHeight= 1631, nullNonCoordinateGeopotentialHeight= 0, allNonCoordinateGeopotentialHeight= 1631
 GoodNonCoordinateGeopotentialHeight= 1632, nullNonCoordinateGeopotentialHeight= 0, allNonCoordinateGeopotentialHeight= 1632
 GoodNonCoordinateGeopotentialHeight= 1634, nullNonCoordinateGeopotentialHeight= 0, allNonCoordinateGeopotentialHeight= 1634
 GoodNonCoordinateGeopotentialHeight= 1638, nullNonCoordinateGeopotentialHeight= 0, allNonCoordinateGeopotentialHeight= 1638
 GoodNonCoordinateGeopotentialHeight= 1639, nullNonCoordinateGeopotentialHeight= 0, allNonCoordinateGeopotentialHeight= 1639
 GoodNonCoordinateGeopotentialHeight= 1640, nullNonCoordinateGeopotentialHeight= 0, allNonCoordinateGeopotentialHeight= 1640
 GoodNonCoordinateGeopotentialHeight= 1641, nullNonCoordinateGeopotentialHeight= 0, allNonCoordinateGeopotentialHeight= 1641
 GoodNonCoordinateGeopotentialHeight= 1642, nullNonCoordinateGeopotentialHeight= 0, allNonCoordinateGeopotentialHeight= 1642
 GoodNonCoordinateGeopotentialHeight= 1644, nullNonCoordinateGeopotentialHeight= 0, allNonCoordinateGeopotentialHeight= 1644
 GoodNonCoordinateGeopotentialHeight= 1647, nullNonCoordinateGeopotentialHeight= 0, allNonCoordinateGeopotentialHeight= 1647
 GoodNonCoordinateGeopotentialHeight= 1650, nullNonCoordinateGeopotentialHeight= 0, allNonCoordinateGeopotentialHeight= 1650
 GoodNonCoordinateGeopotentialHeight= 1651, nullNonCoordinateGeopotentialHeight= 0, allNonCoordinateGeopotentialHeight= 1651
 GoodNonCoordinateGeopotentialHeight= 1652, nullNonCoordinateGeopotentialHeight= 0, allNonCoordinateGeopotentialHeight= 1652
 GoodNonCoordinateGeopotentialHeight= 1654, nullNonCoordinateGeopotentialHeight= 0, allNonCoordinateGeopotentialHeight= 1654
 GoodNonCoordinateGeopotentialHeight= 1657, nullNonCoordinateGeopotentialHeight= 0, allNonCoordinateGeopotentialHeight= 1657
 GoodNonCoordinateGeopotentialHeight= 1659, nullNonCoordinateGeopotentialHeight= 0, allNonCoordinateGeopotentialHeight= 1659
 GoodNonCoordinateGeopotentialHeight= 1661, nullNonCoordinateGeopotentialHeight= 0, allNonCoordinateGeopotentialHeight= 1661
 GoodNonCoordinateGeopotentialHeight= 1663, nullNonCoordinateGeopotentialHeight= 0, allNonCoordinateGeopotentialHeight= 1663
 GoodNonCoordinateGeopotentialHeight= 1664, nullNonCoordinateGeopotentialHeight= 0, allNonCoordinateGeopotentialHeight= 1664
 GoodNonCoordinateGeopotentialHeight= 1665, nullNonCoordinateGeopotentialHeight= 0, allNonCoordinateGeopotentialHeight= 1665
 GoodNonCoordinateGeopotentialHeight= 1670, nullNonCoordinateGeopotentialHeight= 0, allNonCoordinateGeopotentialHeight= 1670
 GoodNonCoordinateGeopotentialHeight= 1673, nullNonCoordinateGeopotentialHeight= 0, allNonCoordinateGeopotentialHeight= 1673
 GoodNonCoordinateGeopotentialHeight= 1683, nullNonCoordinateGeopotentialHeight= 0, allNonCoordinateGeopotentialHeight= 1683
 GoodNonCoordinateGeopotentialHeight= 1685, nullNonCoordinateGeopotentialHeight= 0, allNonCoordinateGeopotentialHeight= 1685
 GoodNonCoordinateGeopotentialHeight= 1689, nullNonCoordinateGeopotentialHeight= 0, allNonCoordinateGeopotentialHeight= 1689
 GoodNonCoordinateGeopotentialHeight= 1692, nullNonCoordinateGeopotentialHeight= 0, allNonCoordinateGeopotentialHeight= 1692
 GoodNonCoordinateGeopotentialHeight= 1695, nullNonCoordinateGeopotentialHeight= 0, allNonCoordinateGeopotentialHeight= 1695
 GoodNonCoordinateGeopotentialHeight= 1705, nullNonCoordinateGeopotentialHeight= 0, allNonCoordinateGeopotentialHeight= 1705
 GoodNonCoordinateGeopotentialHeight= 1714, nullNonCoordinateGeopotentialHeight= 0, allNonCoordinateGeopotentialHeight= 1714
 GoodNonCoordinateGeopotentialHeight= 1715, nullNonCoordinateGeopotentialHeight= 0, allNonCoordinateGeopotentialHeight= 1715
 GoodNonCoordinateGeopotentialHeight= 1718, nullNonCoordinateGeopotentialHeight= 0, allNonCoordinateGeopotentialHeight= 1718
 GoodNonCoordinateGeopotentialHeight= 1727, nullNonCoordinateGeopotentialHeight= 0, allNonCoordinateGeopotentialHeight= 1727
 GoodNonCoordinateGeopotentialHeight= 1748, nullNonCoordinateGeopotentialHeight= 0, allNonCoordinateGeopotentialHeight= 1748
 GoodNonCoordinateGeopotentialHeight= 1763, nullNonCoordinateGeopotentialHeight= 0, allNonCoordinateGeopotentialHeight= 1763
 GoodNonCoordinateGeopotentialHeight= 1766, nullNonCoordinateGeopotentialHeight= 0, allNonCoordinateGeopotentialHeight= 1766
 GoodNonCoordinateGeopotentialHeight= 1769, nullNonCoordinateGeopotentialHeight= 0, allNonCoordinateGeopotentialHeight= 1769
 GoodNonCoordinateGeopotentialHeight= 1771, nullNonCoordinateGeopotentialHeight= 0, allNonCoordinateGeopotentialHeight= 1771
 GoodNonCoordinateGeopotentialHeight= 1779, nullNonCoordinateGeopotentialHeight= 0, allNonCoordinateGeopotentialHeight= 1779
 GoodNonCoordinateGeopotentialHeight= 1798, nullNonCoordinateGeopotentialHeight= 0, allNonCoordinateGeopotentialHeight= 1798
 GoodNonCoordinateGeopotentialHeight= 1802, nullNonCoordinateGeopotentialHeight= 0, allNonCoordinateGeopotentialHeight= 1802
 GoodNonCoordinateGeopotentialHeight= 1832, nullNonCoordinateGeopotentialHeight= 0, allNonCoordinateGeopotentialHeight= 1832
 GoodNonCoordinateGeopotentialHeight= 1892, nullNonCoordinateGeopotentialHeight= 0, allNonCoordinateGeopotentialHeight= 1892
 GoodNonCoordinateGeopotentialHeight= 1939, nullNonCoordinateGeopotentialHeight= 0, allNonCoordinateGeopotentialHeight= 1939
USED Footer Element non-null: geopotentialHeightCalculation = 0
