USED Footer Element non-null: radiosondeSerialNumber = "M1553026"
USED Footer Element non-null: radiosondeSerialNumber = "M1553027"
USED Footer Element non-null: radiosondeSerialNumber = "M1553029"
USED Footer Element non-null: radiosondeSerialNumber = "M1553033"
USED Footer Element non-null: radiosondeSerialNumber = "M1553034"
USED Footer Element non-null: radiosondeSerialNumber = "M1553036"
USED Footer Element non-null: radiosondeSerialNumber = "M1553037"
USED Footer Element non-null: radiosondeSerialNumber = "M1553038"
USED Footer Element non-null: radiosondeSerialNumber = "M1553041"
USED Footer Element non-null: radiosondeSerialNumber = "M1553042"
USED Footer Element non-null: radiosondeSerialNumber = "M1553047"
USED Footer Element non-null: radiosondeSerialNumber = "M1613590"
USED Footer Element non-null: radiosondeSerialNumber = "M1613592"
USED Footer Element non-null: radiosondeSerialNumber = "M1613603"
USED Footer Element non-null: radiosondeSerialNumber = "M1613606"
USED Footer Element non-null: radiosondeSerialNumber = "M1613618"
USED Footer Element non-null: radiosondeSerialNumber = "M1623647"
USED Footer Element non-null: radiosondeSerialNumber = "M1623652"
USED Footer Element non-null: radiosondeSerialNumber = "M1623657"
USED Footer Element non-null: radiosondeSerialNumber = "M1623679"
USED Footer Element non-null: radiosondeSerialNumber = "M1623685"
USED Footer Element non-null: radiosondeSerialNumber = "M1623691"
USED Footer Element non-null: radiosondeSerialNumber = "M1623692"
USED Footer Element non-null: radiosondeSerialNumber = "M1623694"
USED Footer Element non-null: radiosondeSerialNumber = "M1623695"
USED Footer Element non-null: radiosondeSerialNumber = "M1623698"
USED Footer Element non-null: radiosondeSerialNumber = "M1623822"
USED Footer Element non-null: radiosondeSerialNumber = "M1623826"
USED Footer Element non-null: radiosondeSerialNumber = "M1624091"
USED Footer Element non-null: radiosondeSerialNumber = "M1624093"
USED Footer Element non-null: radiosondeSerialNumber = "M1624116"
USED Footer Element non-null: radiosondeSerialNumber = "M1633068"
USED Footer Element non-null: radiosondeSerialNumber = "M1633085"
USED Footer Element non-null: radiosondeSerialNumber = "M1633087"
USED Footer Element non-null: radiosondeSerialNumber = "M1633090"
USED Footer Element non-null: radiosondeSerialNumber = "M1633094"
USED Footer Element non-null: radiosondeSerialNumber = "M1633097"
USED Footer Element non-null: radiosondeSerialNumber = "M1633098"
USED Footer Element non-null: radiosondeSerialNumber = "M1633099"
USED Footer Element non-null: radiosondeSerialNumber = "M1633108"
USED Footer Element non-null: radiosondeSerialNumber = "M1633109"
USED Footer Element non-null: radiosondeSerialNumber = "M1633112"
USED Footer Element non-null: radiosondeSerialNumber = "M1633113"
USED Footer Element non-null: radiosondeSerialNumber = "M1633117"
USED Footer Element non-null: radiosondeSerialNumber = "M1633118"
USED Footer Element non-null: radiosondeSerialNumber = "M1633185"
USED Footer Element non-null: radiosondeSerialNumber = "M1633188"
USED Footer Element non-null: radiosondeSerialNumber = "M1633192"
USED Footer Element non-null: radiosondeSerialNumber = "M1633200"
USED Footer Element non-null: radiosondeSerialNumber = "M1633204"
USED Footer Element non-null: radiosondeSerialNumber = "M1633208"
USED Footer Element non-null: radiosondeSerialNumber = "M1633209"
USED Footer Element non-null: radiosondeSerialNumber = "M1633212"
USED Footer Element non-null: radiosondeSerialNumber = "M1633216"
USED Footer Element non-null: radiosondeSerialNumber = "M1633217"
USED Footer Element non-null: radiosondeSerialNumber = "M1633218"
USED Footer Element non-null: radiosondeSerialNumber = "M1633221"
USED Footer Element non-null: radiosondeSerialNumber = "M1633226"
USED Footer Element non-null: radiosondeSerialNumber = "M1633228"
USED Footer Element non-null: radiosondeSerialNumber = "M1633230"
USED Footer Element non-null: radiosondeSerialNumber = "M1633236"
USED Footer Element non-null: radiosondeSerialNumber = "M1633237"
USED Footer Element non-null: radiosondeSerialNumber = "M1633238"
USED Footer Element non-null: radiosondeSerialNumber = "M1633240"
USED Footer Element non-null: radiosondeSerialNumber = "M1633241"
USED Footer Element non-null: radiosondeSerialNumber = "M1633245"
USED Footer Element non-null: radiosondeSerialNumber = "M1643200"
USED Footer Element non-null: radiosondeSerialNumber = "M1643307"
USED Footer Element non-null: radiosondeSerialNumber = "M1643308"
USED Footer Element non-null: radiosondeSerialNumber = "M1643309"
USED Footer Element non-null: radiosondeSerialNumber = "M1643311"
USED Footer Element non-null: radiosondeSerialNumber = "M1643313"
USED Footer Element non-null: radiosondeSerialNumber = "M1643340"
USED Footer Element non-null: radiosondeSerialNumber = "M1643414"
USED Footer Element non-null: radiosondeSerialNumber = "M1643423"
USED Footer Element non-null: radiosondeSerialNumber = "M1643438"
USED Footer Element non-null: radiosondeSerialNumber = "M1643443"
USED Footer Element non-null: radiosondeSerialNumber = "M1643444"
USED Footer Element non-null: radiosondeSerialNumber = "M1643470"
USED Footer Element non-null: radiosondeSerialNumber = "M1643485"
USED Footer Element non-null: radiosondeSerialNumber = "M1643492"
USED Footer Element non-null: radiosondeSerialNumber = "M1643495"
USED Footer Element non-null: radiosondeSerialNumber = "M1643503"
USED Footer Element non-null: radiosondeSerialNumber = "M1733069"
USED Footer Element non-null: radiosondeSerialNumber = "M1733490"
USED Footer Element non-null: radiosondeSerialNumber = "M1733588"
USED Footer Element non-null: radiosondeSerialNumber = "M1733600"
USED Footer Element non-null: radiosondeSerialNumber = "M1733615"
USED Footer Element non-null: radiosondeSerialNumber = "M1733618"
USED Footer Element non-null: radiosondeSerialNumber = "M1733633"
USED Footer Element non-null: radiosondeSerialNumber = "M1733640"
USED Footer Element non-null: radiosondeSerialNumber = "M1733817"
USED Footer Element non-null: radiosondeSerialNumber = "M1733819"
USED Footer Element non-null: radiosondeSerialNumber = "M1733830"
USED Footer Element non-null: radiosondeSerialNumber = "M1753916"
USED Footer Element non-null: radiosondeSerialNumber = "M1823003"
USED Footer Element non-null: radiosondeSerialNumber = "M1823006"
USED Footer Element non-null: radiosondeSerialNumber = "M1823008"
USED Footer Element non-null: radiosondeSerialNumber = "M1823019"
USED Footer Element non-null: radiosondeSerialNumber = "M1823024"
USED Footer Element non-null: radiosondeSerialNumber = "M1823027"
USED Footer Element non-null: radiosondeSerialNumber = "M1823030"
USED Footer Element non-null: radiosondeSerialNumber = "M1823033"
USED Footer Element non-null: radiosondeSerialNumber = "M1823038"
USED Footer Element non-null: radiosondeSerialNumber = "M1823643"
USED Footer Element non-null: radiosondeSerialNumber = "M1823714"
USED Footer Element non-null: radiosondeSerialNumber = "M1823721"
USED Footer Element non-null: radiosondeSerialNumber = "M1823748"
USED Footer Element non-null: radiosondeSerialNumber = "M1823752"
USED Footer Element non-null: radiosondeSerialNumber = "M1823753"
USED Footer Element non-null: radiosondeSerialNumber = "M1823754"
USED Footer Element non-null: radiosondeSerialNumber = "M1823757"
USED Footer Element non-null: radiosondeSerialNumber = "M1823759"
USED Footer Element non-null: radiosondeSerialNumber = "M1823764"
USED Footer Element non-null: radiosondeSerialNumber = "M1823796"
USED Footer Element non-null: radiosondeSerialNumber = "M1823798"
USED Footer Element non-null: radiosondeSerialNumber = "M1823802"
USED Footer Element non-null: radiosondeSerialNumber = "M1823816"
USED Footer Element non-null: radiosondeSerialNumber = "M1823831"
USED Footer Element non-null: radiosondeSerialNumber = "M1823837"
USED Footer Element non-null: radiosondeSerialNumber = "M1823842"
USED Footer Element non-null: radiosondeSerialNumber = "M1823864"
USED Footer Element non-null: radiosondeSerialNumber = "M1823878"
USED Footer Element non-null: radiosondeSerialNumber = "M1823887"
USED Footer Element non-null: radiosondeSerialNumber = "M1833145"
USED Footer Element non-null: radiosondeSerialNumber = "M1833150"
USED Footer Element non-null: radiosondeSerialNumber = "M1833159"
USED Footer Element non-null: radiosondeSerialNumber = "M1833163"
USED Footer Element non-null: radiosondeSerialNumber = "M1833184"
USED Footer Element non-null: radiosondeSerialNumber = "M1833245"
USED Footer Element non-null: radiosondeSerialNumber = "M1833417"
USED Footer Element non-null: radiosondeSerialNumber = "M3523310"
USED Footer Element non-null: radiosondeSerialNumber = "M3523393"
USED Footer Element non-null: radiosondeSerialNumber = "M3533088"
USED Footer Element non-null: radiosondeSerialNumber = "M3533099"
USED Footer Element non-null: radiosondeSerialNumber = "M3533118"
USED Footer Element non-null: radiosondeSerialNumber = "M3553585"
USED Footer Element non-null: radiosondeSerialNumber = "M3553587"
USED Footer Element non-null: radiosondeSerialNumber = "M3553588"
USED Footer Element non-null: radiosondeSerialNumber = "M3553590"
USED Footer Element non-null: radiosondeSerialNumber = "M3553600"
USED Footer Element non-null: radiosondeSerialNumber = "M3553603"
USED Footer Element non-null: radiosondeSerialNumber = "M3553606"
USED Footer Element non-null: radiosondeSerialNumber = "M3553612"
USED Footer Element non-null: radiosondeSerialNumber = "M3553620"
USED Footer Element non-null: radiosondeSerialNumber = "M3553625"
USED Footer Element non-null: radiosondeSerialNumber = "M3553627"
USED Footer Element non-null: radiosondeSerialNumber = "M3553628"
USED Footer Element non-null: radiosondeSerialNumber = "M3553631"
USED Footer Element non-null: radiosondeSerialNumber = "M3553635"
USED Footer Element non-null: radiosondeSerialNumber = "M3553638"
USED Footer Element non-null: radiosondeSerialNumber = "M3553639"
USED Footer Element non-null: radiosondeSerialNumber = "M3553640"
USED Footer Element non-null: radiosondeSerialNumber = "M3553705"
USED Footer Element non-null: radiosondeSerialNumber = "M3553711"
USED Footer Element non-null: radiosondeSerialNumber = "M3553716"
USED Footer Element non-null: radiosondeSerialNumber = "M3553719"
USED Footer Element non-null: radiosondeSerialNumber = "M3553725"
USED Footer Element non-null: radiosondeSerialNumber = "M3553727"
USED Footer Element non-null: radiosondeSerialNumber = "M3553728"
USED Footer Element non-null: radiosondeSerialNumber = "M3553729"
USED Footer Element non-null: radiosondeSerialNumber = "M3553730"
USED Footer Element non-null: radiosondeSerialNumber = "M3553732"
USED Footer Element non-null: radiosondeSerialNumber = "M3553733"
USED Footer Element non-null: radiosondeSerialNumber = "M3553737"
USED Footer Element non-null: radiosondeSerialNumber = "M3553739"
USED Footer Element non-null: radiosondeSerialNumber = "M3553742"
USED Footer Element non-null: radiosondeSerialNumber = "M3553743"
USED Footer Element non-null: radiosondeSerialNumber = "M3553748"
USED Footer Element non-null: radiosondeSerialNumber = "M3553749"
USED Footer Element non-null: radiosondeSerialNumber = "M3553758"
USED Footer Element non-null: radiosondeSerialNumber = "M4333138"
USED Footer Element non-null: radiosondeSerialNumber = "M4333139"
USED Footer Element non-null: radiosondeSerialNumber = "M4333147"
USED Footer Element non-null: radiosondeSerialNumber = "M4333152"
USED Footer Element non-null: radiosondeSerialNumber = "M4333164"
USED Footer Element non-null: radiosondeSerialNumber = "M4333169"
USED Footer Element non-null: radiosondeSerialNumber = "M4333172"
USED Footer Element non-null: radiosondeSerialNumber = "M4333174"
USED Footer Element non-null: radiosondeSerialNumber = "M4333218"
USED Footer Element non-null: radiosondeSerialNumber = "M4553846"
USED Footer Element non-null: radiosondeSerialNumber = "M4553948"
USED Footer Element non-null: radiosondeSerialNumber = "M4554061"
USED Footer Element non-null: radiosondeSerialNumber = "M4554069"
USED Footer Element non-null: radiosondeSerialNumber = "M4613140"
USED Footer Element non-null: radiosondeSerialNumber = "M4613156"
USED Footer Element non-null: radiosondeSerialNumber = "M4613161"
USED Footer Element non-null: radiosondeSerialNumber = "M4613163"
USED Footer Element non-null: radiosondeSerialNumber = "M4613164"
USED Footer Element non-null: radiosondeSerialNumber = "M4613165"
USED Footer Element non-null: radiosondeSerialNumber = "M4613166"
USED Footer Element non-null: radiosondeSerialNumber = "M4613169"
USED Footer Element non-null: radiosondeSerialNumber = "M4613171"
USED Footer Element non-null: radiosondeSerialNumber = "M4613172"
USED Footer Element non-null: radiosondeSerialNumber = "M4613177"
USED Footer Element non-null: radiosondeSerialNumber = "M4613178"
USED Footer Element non-null: radiosondeSerialNumber = "M4613181"
USED Footer Element non-null: radiosondeSerialNumber = "M4613183"
USED Footer Element non-null: radiosondeSerialNumber = "M4613184"
USED Footer Element non-null: radiosondeSerialNumber = "M4613186"
USED Footer Element non-null: radiosondeSerialNumber = "M4613190"
USED Footer Element non-null: radiosondeSerialNumber = "M4613191"
USED Footer Element non-null: radiosondeSerialNumber = "M4613193"
USED Footer Element non-null: radiosondeSerialNumber = "M4613195"
USED Footer Element non-null: radiosondeSerialNumber = "M4613196"
USED Footer Element non-null: radiosondeSerialNumber = "M4613198"
USED Footer Element non-null: radiosondeSerialNumber = "M4613227"
USED Footer Element non-null: radiosondeSerialNumber = "M4613228"
USED Footer Element non-null: radiosondeSerialNumber = "M4613233"
USED Footer Element non-null: radiosondeSerialNumber = "M4613253"
USED Footer Element non-null: radiosondeSerialNumber = "M4613300"
USED Footer Element non-null: radiosondeSerialNumber = "M5013365"
USED Footer Element non-null: radiosondeSerialNumber = "M5023557"
USED Footer Element non-null: radiosondeSerialNumber = "N0213213"
USED Footer Element non-null: radiosondeSerialNumber = "N0213220"
USED Footer Element non-null: radiosondeSerialNumber = "N0213224"
USED Footer Element non-null: radiosondeSerialNumber = "N0213225"
USED Footer Element non-null: radiosondeSerialNumber = "N0223387"
USED Footer Element non-null: radiosondeSerialNumber = "N1033218"
USED Footer Element non-null: radiosondeSerialNumber = "N1033224"
USED Footer Element non-null: radiosondeSerialNumber = "N1033324"
USED Footer Element non-null: radiosondeSerialNumber = "N1033519"
USED Footer Element non-null: radiosondeSerialNumber = "N1043586"
USED Footer Element non-null: radiosondeSerialNumber = "N1053772"
USED Footer Element non-null: radiosondeSerialNumber = "N1053815"
USED Footer Element non-null: radiosondeSerialNumber = "N1053849"
USED Footer Element non-null: radiosondeSerialNumber = "N1053859"
USED Footer Element non-null: radiosondeSerialNumber = "N1053862"
USED Footer Element non-null: radiosondeSerialNumber = "N1134109"
USED Footer Element non-null: radiosondeSerialNumber = "N1143067"
USED Footer Element non-null: radiosondeSerialNumber = "N1143099"
USED Footer Element non-null: radiosondeSerialNumber = "N1143326"
USED Footer Element non-null: radiosondeSerialNumber = "N1143335"
USED Footer Element non-null: radiosondeSerialNumber = "N1143356"
USED Footer Element non-null: radiosondeSerialNumber = "N1143363"
USED Footer Element non-null: radiosondeSerialNumber = "N1143374"
