USED Footer Element non-null: radiosondeSerialNumber = "M2013134"
USED Footer Element non-null: radiosondeSerialNumber = "M2523147"
USED Footer Element non-null: radiosondeSerialNumber = "M2523156"
USED Footer Element non-null: radiosondeSerialNumber = "M2523388"
USED Footer Element non-null: radiosondeSerialNumber = "M2523409"
USED Footer Element non-null: radiosondeSerialNumber = "M2523435"
USED Footer Element non-null: radiosondeSerialNumber = "M2713243"
USED Footer Element non-null: radiosondeSerialNumber = "M2713320"
USED Footer Element non-null: radiosondeSerialNumber = "M2753106"
USED Footer Element non-null: radiosondeSerialNumber = "M2753488"
USED Footer Element non-null: radiosondeSerialNumber = "M2753524"
USED Footer Element non-null: radiosondeSerialNumber = "M2753548"
USED Footer Element non-null: radiosondeSerialNumber = "M2753557"
USED Footer Element non-null: radiosondeSerialNumber = "M2753558"
USED Footer Element non-null: radiosondeSerialNumber = "M2753572"
USED Footer Element non-null: radiosondeSerialNumber = "M2753574"
USED Footer Element non-null: radiosondeSerialNumber = "M2753626"
USED Footer Element non-null: radiosondeSerialNumber = "M2813008"
USED Footer Element non-null: radiosondeSerialNumber = "M2813028"
USED Footer Element non-null: radiosondeSerialNumber = "M2813030"
USED Footer Element non-null: radiosondeSerialNumber = "M2843365"
USED Footer Element non-null: radiosondeSerialNumber = "M2853012"
USED Footer Element non-null: radiosondeSerialNumber = "M2853166"
USED Footer Element non-null: radiosondeSerialNumber = "M2853226"
USED Footer Element non-null: radiosondeSerialNumber = "M2853230"
USED Footer Element non-null: radiosondeSerialNumber = "M2853231"
USED Footer Element non-null: radiosondeSerialNumber = "M2853248"
USED Footer Element non-null: radiosondeSerialNumber = "M2853254"
USED Footer Element non-null: radiosondeSerialNumber = "M2853270"
USED Footer Element non-null: radiosondeSerialNumber = "M2913074"
USED Footer Element non-null: radiosondeSerialNumber = "M2913095"
USED Footer Element non-null: radiosondeSerialNumber = "M2913108"
USED Footer Element non-null: radiosondeSerialNumber = "M2913142"
USED Footer Element non-null: radiosondeSerialNumber = "M2913170"
USED Footer Element non-null: radiosondeSerialNumber = "M2913181"
USED Footer Element non-null: radiosondeSerialNumber = "M2923067"
USED Footer Element non-null: radiosondeSerialNumber = "M2923068"
USED Footer Element non-null: radiosondeSerialNumber = "M2923069"
USED Footer Element non-null: radiosondeSerialNumber = "M2923079"
USED Footer Element non-null: radiosondeSerialNumber = "M2923097"
USED Footer Element non-null: radiosondeSerialNumber = "M2923212"
USED Footer Element non-null: radiosondeSerialNumber = "M4233679"
USED Footer Element non-null: radiosondeSerialNumber = "M4313365"
USED Footer Element non-null: radiosondeSerialNumber = "M4333085"
USED Footer Element non-null: radiosondeSerialNumber = "M4333514"
USED Footer Element non-null: radiosondeSerialNumber = "M4343512"
USED Footer Element non-null: radiosondeSerialNumber = "M4343558"
USED Footer Element non-null: radiosondeSerialNumber = "M4343979"
USED Footer Element non-null: radiosondeSerialNumber = "M4353413"
USED Footer Element non-null: radiosondeSerialNumber = "M4353414"
USED Footer Element non-null: radiosondeSerialNumber = "M4353424"
USED Footer Element non-null: radiosondeSerialNumber = "M4353427"
USED Footer Element non-null: radiosondeSerialNumber = "M4353429"
USED Footer Element non-null: radiosondeSerialNumber = "M4353431"
USED Footer Element non-null: radiosondeSerialNumber = "M4353438"
USED Footer Element non-null: radiosondeSerialNumber = "M4353440"
USED Footer Element non-null: radiosondeSerialNumber = "M4353441"
USED Footer Element non-null: radiosondeSerialNumber = "M4353443"
USED Footer Element non-null: radiosondeSerialNumber = "M4353444"
USED Footer Element non-null: radiosondeSerialNumber = "M4353445"
USED Footer Element non-null: radiosondeSerialNumber = "M4353447"
USED Footer Element non-null: radiosondeSerialNumber = "M4353560"
USED Footer Element non-null: radiosondeSerialNumber = "M4413074"
USED Footer Element non-null: radiosondeSerialNumber = "M4413085"
USED Footer Element non-null: radiosondeSerialNumber = "M4413094"
USED Footer Element non-null: radiosondeSerialNumber = "M4413096"
USED Footer Element non-null: radiosondeSerialNumber = "M4413126"
USED Footer Element non-null: radiosondeSerialNumber = "M4413141"
USED Footer Element non-null: radiosondeSerialNumber = "M4413372"
USED Footer Element non-null: radiosondeSerialNumber = "M4413438"
USED Footer Element non-null: radiosondeSerialNumber = "M4413479"
USED Footer Element non-null: radiosondeSerialNumber = "M4423093"
USED Footer Element non-null: radiosondeSerialNumber = "M4423223"
USED Footer Element non-null: radiosondeSerialNumber = "M4423230"
USED Footer Element non-null: radiosondeSerialNumber = "M4423430"
USED Footer Element non-null: radiosondeSerialNumber = "M4423433"
USED Footer Element non-null: radiosondeSerialNumber = "M4423434"
USED Footer Element non-null: radiosondeSerialNumber = "M4423435"
USED Footer Element non-null: radiosondeSerialNumber = "M4423436"
USED Footer Element non-null: radiosondeSerialNumber = "M4423437"
USED Footer Element non-null: radiosondeSerialNumber = "M4423441"
USED Footer Element non-null: radiosondeSerialNumber = "M4423442"
USED Footer Element non-null: radiosondeSerialNumber = "M4433004"
USED Footer Element non-null: radiosondeSerialNumber = "M4433007"
USED Footer Element non-null: radiosondeSerialNumber = "M4433010"
USED Footer Element non-null: radiosondeSerialNumber = "M4433011"
USED Footer Element non-null: radiosondeSerialNumber = "M4433017"
USED Footer Element non-null: radiosondeSerialNumber = "M4433018"
USED Footer Element non-null: radiosondeSerialNumber = "M4433025"
USED Footer Element non-null: radiosondeSerialNumber = "M4433026"
USED Footer Element non-null: radiosondeSerialNumber = "M4433027"
USED Footer Element non-null: radiosondeSerialNumber = "M4433029"
USED Footer Element non-null: radiosondeSerialNumber = "M4433039"
USED Footer Element non-null: radiosondeSerialNumber = "M4433040"
USED Footer Element non-null: radiosondeSerialNumber = "M4433068"
USED Footer Element non-null: radiosondeSerialNumber = "M4433071"
USED Footer Element non-null: radiosondeSerialNumber = "M4433072"
USED Footer Element non-null: radiosondeSerialNumber = "M4433074"
USED Footer Element non-null: radiosondeSerialNumber = "M4433075"
USED Footer Element non-null: radiosondeSerialNumber = "M4433076"
USED Footer Element non-null: radiosondeSerialNumber = "M4433077"
USED Footer Element non-null: radiosondeSerialNumber = "M4433084"
USED Footer Element non-null: radiosondeSerialNumber = "M4433085"
USED Footer Element non-null: radiosondeSerialNumber = "M4433087"
USED Footer Element non-null: radiosondeSerialNumber = "M4433088"
USED Footer Element non-null: radiosondeSerialNumber = "M4433089"
USED Footer Element non-null: radiosondeSerialNumber = "M4433090"
USED Footer Element non-null: radiosondeSerialNumber = "M4433091"
USED Footer Element non-null: radiosondeSerialNumber = "M4433092"
USED Footer Element non-null: radiosondeSerialNumber = "M4433094"
USED Footer Element non-null: radiosondeSerialNumber = "M4433095"
USED Footer Element non-null: radiosondeSerialNumber = "M4433096"
USED Footer Element non-null: radiosondeSerialNumber = "M4433099"
USED Footer Element non-null: radiosondeSerialNumber = "M4433100"
USED Footer Element non-null: radiosondeSerialNumber = "M4433102"
USED Footer Element non-null: radiosondeSerialNumber = "M4433104"
USED Footer Element non-null: radiosondeSerialNumber = "M4433105"
USED Footer Element non-null: radiosondeSerialNumber = "M4433106"
USED Footer Element non-null: radiosondeSerialNumber = "M4433107"
USED Footer Element non-null: radiosondeSerialNumber = "M4433108"
USED Footer Element non-null: radiosondeSerialNumber = "M4433109"
USED Footer Element non-null: radiosondeSerialNumber = "M4433110"
USED Footer Element non-null: radiosondeSerialNumber = "M4433112"
USED Footer Element non-null: radiosondeSerialNumber = "M4433113"
USED Footer Element non-null: radiosondeSerialNumber = "M4433114"
USED Footer Element non-null: radiosondeSerialNumber = "M4433115"
USED Footer Element non-null: radiosondeSerialNumber = "M4433116"
USED Footer Element non-null: radiosondeSerialNumber = "M4433117"
USED Footer Element non-null: radiosondeSerialNumber = "M4433118"
USED Footer Element non-null: radiosondeSerialNumber = "M4433119"
USED Footer Element non-null: radiosondeSerialNumber = "M4433120"
USED Footer Element non-null: radiosondeSerialNumber = "M4433121"
USED Footer Element non-null: radiosondeSerialNumber = "M4433122"
USED Footer Element non-null: radiosondeSerialNumber = "M4433123"
USED Footer Element non-null: radiosondeSerialNumber = "M4433125"
USED Footer Element non-null: radiosondeSerialNumber = "M4433128"
USED Footer Element non-null: radiosondeSerialNumber = "M4433133"
USED Footer Element non-null: radiosondeSerialNumber = "M4433134"
USED Footer Element non-null: radiosondeSerialNumber = "M4433141"
USED Footer Element non-null: radiosondeSerialNumber = "M4433142"
USED Footer Element non-null: radiosondeSerialNumber = "M4433143"
USED Footer Element non-null: radiosondeSerialNumber = "M4433144"
USED Footer Element non-null: radiosondeSerialNumber = "M4433147"
USED Footer Element non-null: radiosondeSerialNumber = "M4433148"
USED Footer Element non-null: radiosondeSerialNumber = "M4433149"
USED Footer Element non-null: radiosondeSerialNumber = "M4433150"
USED Footer Element non-null: radiosondeSerialNumber = "M4433151"
USED Footer Element non-null: radiosondeSerialNumber = "M4433156"
USED Footer Element non-null: radiosondeSerialNumber = "M4433158"
USED Footer Element non-null: radiosondeSerialNumber = "M4433159"
USED Footer Element non-null: radiosondeSerialNumber = "M4433160"
USED Footer Element non-null: radiosondeSerialNumber = "M4433164"
USED Footer Element non-null: radiosondeSerialNumber = "M4433165"
USED Footer Element non-null: radiosondeSerialNumber = "M4433166"
USED Footer Element non-null: radiosondeSerialNumber = "M4433167"
USED Footer Element non-null: radiosondeSerialNumber = "M4433171"
USED Footer Element non-null: radiosondeSerialNumber = "M4433172"
USED Footer Element non-null: radiosondeSerialNumber = "M4433173"
USED Footer Element non-null: radiosondeSerialNumber = "M4433176"
USED Footer Element non-null: radiosondeSerialNumber = "M4433178"
USED Footer Element non-null: radiosondeSerialNumber = "M4433182"
USED Footer Element non-null: radiosondeSerialNumber = "M4433189"
USED Footer Element non-null: radiosondeSerialNumber = "M4433190"
USED Footer Element non-null: radiosondeSerialNumber = "M4433403"
USED Footer Element non-null: radiosondeSerialNumber = "M4453002"
USED Footer Element non-null: radiosondeSerialNumber = "M4453006"
USED Footer Element non-null: radiosondeSerialNumber = "M4453011"
USED Footer Element non-null: radiosondeSerialNumber = "M4453014"
USED Footer Element non-null: radiosondeSerialNumber = "M4453018"
USED Footer Element non-null: radiosondeSerialNumber = "M4453020"
USED Footer Element non-null: radiosondeSerialNumber = "M4453030"
USED Footer Element non-null: radiosondeSerialNumber = "M4453031"
USED Footer Element non-null: radiosondeSerialNumber = "M4453035"
USED Footer Element non-null: radiosondeSerialNumber = "M4453038"
USED Footer Element non-null: radiosondeSerialNumber = "M4453046"
USED Footer Element non-null: radiosondeSerialNumber = "M4453049"
USED Footer Element non-null: radiosondeSerialNumber = "M4453053"
USED Footer Element non-null: radiosondeSerialNumber = "M4453063"
USED Footer Element non-null: radiosondeSerialNumber = "M4453146"
USED Footer Element non-null: radiosondeSerialNumber = "M4453147"
USED Footer Element non-null: radiosondeSerialNumber = "M4456072"
USED Footer Element non-null: radiosondeSerialNumber = "M4456074"
USED Footer Element non-null: radiosondeSerialNumber = "M4456077"
USED Footer Element non-null: radiosondeSerialNumber = "M4456085"
USED Footer Element non-null: radiosondeSerialNumber = "M4456091"
USED Footer Element non-null: radiosondeSerialNumber = "M4456093"
USED Footer Element non-null: radiosondeSerialNumber = "M4456097"
USED Footer Element non-null: radiosondeSerialNumber = "M4456124"
USED Footer Element non-null: radiosondeSerialNumber = "M4513290"
USED Footer Element non-null: radiosondeSerialNumber = "M4513293"
USED Footer Element non-null: radiosondeSerialNumber = "M4513309"
USED Footer Element non-null: radiosondeSerialNumber = "M4513310"
USED Footer Element non-null: radiosondeSerialNumber = "M4513311"
USED Footer Element non-null: radiosondeSerialNumber = "M4523207"
USED Footer Element non-null: radiosondeSerialNumber = "M4523227"
USED Footer Element non-null: radiosondeSerialNumber = "M4523232"
USED Footer Element non-null: radiosondeSerialNumber = "M4523239"
USED Footer Element non-null: radiosondeSerialNumber = "M4523242"
USED Footer Element non-null: radiosondeSerialNumber = "M4523355"
USED Footer Element non-null: radiosondeSerialNumber = "M4523641"
USED Footer Element non-null: radiosondeSerialNumber = "M4523808"
USED Footer Element non-null: radiosondeSerialNumber = "M4523820"
USED Footer Element non-null: radiosondeSerialNumber = "M4523822"
USED Footer Element non-null: radiosondeSerialNumber = "M4523823"
USED Footer Element non-null: radiosondeSerialNumber = "M4544048"
USED Footer Element non-null: radiosondeSerialNumber = "M4613065"
USED Footer Element non-null: radiosondeSerialNumber = "M4613066"
USED Footer Element non-null: radiosondeSerialNumber = "M4613067"
USED Footer Element non-null: radiosondeSerialNumber = "M4613068"
USED Footer Element non-null: radiosondeSerialNumber = "M4613071"
USED Footer Element non-null: radiosondeSerialNumber = "M4613072"
USED Footer Element non-null: radiosondeSerialNumber = "M4613073"
USED Footer Element non-null: radiosondeSerialNumber = "M4613076"
USED Footer Element non-null: radiosondeSerialNumber = "M4613080"
USED Footer Element non-null: radiosondeSerialNumber = "M4613081"
USED Footer Element non-null: radiosondeSerialNumber = "M4613083"
USED Footer Element non-null: radiosondeSerialNumber = "M4613085"
USED Footer Element non-null: radiosondeSerialNumber = "M4613089"
USED Footer Element non-null: radiosondeSerialNumber = "M4613092"
USED Footer Element non-null: radiosondeSerialNumber = "M4613099"
USED Footer Element non-null: radiosondeSerialNumber = "M4613106"
USED Footer Element non-null: radiosondeSerialNumber = "M4613107"
USED Footer Element non-null: radiosondeSerialNumber = "M4613112"
USED Footer Element non-null: radiosondeSerialNumber = "M4613121"
USED Footer Element non-null: radiosondeSerialNumber = "M4613122"
USED Footer Element non-null: radiosondeSerialNumber = "M4613200"
USED Footer Element non-null: radiosondeSerialNumber = "M4613214"
USED Footer Element non-null: radiosondeSerialNumber = "M4613222"
USED Footer Element non-null: radiosondeSerialNumber = "M4613238"
USED Footer Element non-null: radiosondeSerialNumber = "M4613450"
USED Footer Element non-null: radiosondeSerialNumber = "M4613459"
USED Footer Element non-null: radiosondeSerialNumber = "M4613471"
USED Footer Element non-null: radiosondeSerialNumber = "M4613475"
USED Footer Element non-null: radiosondeSerialNumber = "M4613476"
USED Footer Element non-null: radiosondeSerialNumber = "M4613486"
USED Footer Element non-null: radiosondeSerialNumber = "M4613488"
USED Footer Element non-null: radiosondeSerialNumber = "M4613504"
USED Footer Element non-null: radiosondeSerialNumber = "M4613655"
USED Footer Element non-null: radiosondeSerialNumber = "M4616025"
USED Footer Element non-null: radiosondeSerialNumber = "N1043482"
USED Footer Element non-null: radiosondeSerialNumber = "N1043491"
USED Footer Element non-null: radiosondeSerialNumber = "N1113550"
USED Footer Element non-null: radiosondeSerialNumber = "N1133202"
USED Footer Element non-null: radiosondeSerialNumber = "N1133203"
USED Footer Element non-null: radiosondeSerialNumber = "N1133212"
USED Footer Element non-null: radiosondeSerialNumber = "N1133226"
USED Footer Element non-null: radiosondeSerialNumber = "N1133231"
USED Footer Element non-null: radiosondeSerialNumber = "N1133233"
USED Footer Element non-null: radiosondeSerialNumber = "N1133239"
USED Footer Element non-null: radiosondeSerialNumber = "N1133240"
USED Footer Element non-null: radiosondeSerialNumber = "N1133242"
USED Footer Element non-null: radiosondeSerialNumber = "N1133664"
USED Footer Element non-null: radiosondeSerialNumber = "N1133668"
USED Footer Element non-null: radiosondeSerialNumber = "N1133677"
USED Footer Element non-null: radiosondeSerialNumber = "N1133679"
USED Footer Element non-null: radiosondeSerialNumber = "N1133856"
USED Footer Element non-null: radiosondeSerialNumber = "N1133869"
USED Footer Element non-null: radiosondeSerialNumber = "N1133897"
USED Footer Element non-null: radiosondeSerialNumber = "N1133898"
USED Footer Element non-null: radiosondeSerialNumber = "N1133910"
USED Footer Element non-null: radiosondeSerialNumber = "N1133921"
USED Footer Element non-null: radiosondeSerialNumber = "N1133935"
USED Footer Element non-null: radiosondeSerialNumber = "N1133936"
USED Footer Element non-null: radiosondeSerialNumber = "N1133954"
USED Footer Element non-null: radiosondeSerialNumber = "N1133956"
USED Footer Element non-null: radiosondeSerialNumber = "N1133959"
USED Footer Element non-null: radiosondeSerialNumber = "N1143138"
USED Footer Element non-null: radiosondeSerialNumber = "N1143205"
USED Footer Element non-null: radiosondeSerialNumber = "N1143212"
USED Footer Element non-null: radiosondeSerialNumber = "N1143529"
USED Footer Element non-null: radiosondeSerialNumber = "N1143541"
USED Footer Element non-null: radiosondeSerialNumber = "N1143547"
USED Footer Element non-null: radiosondeSerialNumber = "N1143555"
USED Footer Element non-null: radiosondeSerialNumber = "N1143557"
USED Footer Element non-null: radiosondeSerialNumber = "N1143571"
USED Footer Element non-null: radiosondeSerialNumber = "N1143575"
USED Footer Element non-null: radiosondeSerialNumber = "N1153521"
USED Footer Element non-null: radiosondeSerialNumber = "N1223476"
USED Footer Element non-null: radiosondeSerialNumber = "N1233089"
USED Footer Element non-null: radiosondeSerialNumber = "N1353070"
USED Footer Element non-null: radiosondeSerialNumber = "N1353094"
USED Footer Element non-null: radiosondeSerialNumber = "N1353111"
USED Footer Element non-null: radiosondeSerialNumber = "N1353112"
USED Footer Element non-null: radiosondeSerialNumber = "N1353114"
USED Footer Element non-null: radiosondeSerialNumber = "N1353115"
USED Footer Element non-null: radiosondeSerialNumber = "N1353117"
USED Footer Element non-null: radiosondeSerialNumber = "N1353118"
USED Footer Element non-null: radiosondeSerialNumber = "N1353123"
