 GoodGeopotentialHeight= 0, 		 nullGeopotentialHeight= 0, 		 allGeopotentialHeight= 0
 GoodGeopotentialHeight= 1467, 		 nullGeopotentialHeight= 0, 		 allGeopotentialHeight= 1467
 GoodGeopotentialHeight= 1480, 		 nullGeopotentialHeight= 0, 		 allGeopotentialHeight= 1480
 GoodGeopotentialHeight= 1495, 		 nullGeopotentialHeight= 0, 		 allGeopotentialHeight= 1495
 GoodGeopotentialHeight= 1503, 		 nullGeopotentialHeight= 0, 		 allGeopotentialHeight= 1503
 GoodGeopotentialHeight= 1509, 		 nullGeopotentialHeight= 0, 		 allGeopotentialHeight= 1509
 GoodGeopotentialHeight= 1514, 		 nullGeopotentialHeight= 0, 		 allGeopotentialHeight= 1514
 GoodGeopotentialHeight= 1516, 		 nullGeopotentialHeight= 0, 		 allGeopotentialHeight= 1516
 GoodGeopotentialHeight= 1519, 		 nullGeopotentialHeight= 0, 		 allGeopotentialHeight= 1519
 GoodGeopotentialHeight= 1533, 		 nullGeopotentialHeight= 0, 		 allGeopotentialHeight= 1533
 GoodGeopotentialHeight= 1535, 		 nullGeopotentialHeight= 0, 		 allGeopotentialHeight= 1535
 GoodGeopotentialHeight= 1536, 		 nullGeopotentialHeight= 0, 		 allGeopotentialHeight= 1536
 GoodGeopotentialHeight= 1544, 		 nullGeopotentialHeight= 0, 		 allGeopotentialHeight= 1544
 GoodGeopotentialHeight= 1548, 		 nullGeopotentialHeight= 0, 		 allGeopotentialHeight= 1548
 GoodGeopotentialHeight= 1549, 		 nullGeopotentialHeight= 0, 		 allGeopotentialHeight= 1549
 GoodGeopotentialHeight= 1550, 		 nullGeopotentialHeight= 0, 		 allGeopotentialHeight= 1550
 GoodGeopotentialHeight= 1551, 		 nullGeopotentialHeight= 0, 		 allGeopotentialHeight= 1551
 GoodGeopotentialHeight= 1553, 		 nullGeopotentialHeight= 0, 		 allGeopotentialHeight= 1553
 GoodGeopotentialHeight= 1555, 		 nullGeopotentialHeight= 0, 		 allGeopotentialHeight= 1555
 GoodGeopotentialHeight= 1556, 		 nullGeopotentialHeight= 0, 		 allGeopotentialHeight= 1556
 GoodGeopotentialHeight= 1560, 		 nullGeopotentialHeight= 0, 		 allGeopotentialHeight= 1560
 GoodGeopotentialHeight= 1562, 		 nullGeopotentialHeight= 0, 		 allGeopotentialHeight= 1562
 GoodGeopotentialHeight= 1564, 		 nullGeopotentialHeight= 0, 		 allGeopotentialHeight= 1564
 GoodGeopotentialHeight= 1566, 		 nullGeopotentialHeight= 0, 		 allGeopotentialHeight= 1566
 GoodGeopotentialHeight= 1567, 		 nullGeopotentialHeight= 0, 		 allGeopotentialHeight= 1567
 GoodGeopotentialHeight= 1568, 		 nullGeopotentialHeight= 0, 		 allGeopotentialHeight= 1568
 GoodGeopotentialHeight= 1571, 		 nullGeopotentialHeight= 0, 		 allGeopotentialHeight= 1571
 GoodGeopotentialHeight= 1572, 		 nullGeopotentialHeight= 0, 		 allGeopotentialHeight= 1572
 GoodGeopotentialHeight= 1576, 		 nullGeopotentialHeight= 0, 		 allGeopotentialHeight= 1576
 GoodGeopotentialHeight= 1577, 		 nullGeopotentialHeight= 0, 		 allGeopotentialHeight= 1577
 GoodGeopotentialHeight= 1578, 		 nullGeopotentialHeight= 0, 		 allGeopotentialHeight= 1578
 GoodGeopotentialHeight= 1580, 		 nullGeopotentialHeight= 0, 		 allGeopotentialHeight= 1580
 GoodGeopotentialHeight= 1581, 		 nullGeopotentialHeight= 0, 		 allGeopotentialHeight= 1581
 GoodGeopotentialHeight= 1585, 		 nullGeopotentialHeight= 0, 		 allGeopotentialHeight= 1585
 GoodGeopotentialHeight= 1587, 		 nullGeopotentialHeight= 0, 		 allGeopotentialHeight= 1587
 GoodGeopotentialHeight= 1588, 		 nullGeopotentialHeight= 0, 		 allGeopotentialHeight= 1588
 GoodGeopotentialHeight= 1590, 		 nullGeopotentialHeight= 0, 		 allGeopotentialHeight= 1590
 GoodGeopotentialHeight= 1591, 		 nullGeopotentialHeight= 0, 		 allGeopotentialHeight= 1591
 GoodGeopotentialHeight= 1592, 		 nullGeopotentialHeight= 0, 		 allGeopotentialHeight= 1592
 GoodGeopotentialHeight= 1595, 		 nullGeopotentialHeight= 0, 		 allGeopotentialHeight= 1595
 GoodGeopotentialHeight= 1597, 		 nullGeopotentialHeight= 0, 		 allGeopotentialHeight= 1597
 GoodGeopotentialHeight= 1598, 		 nullGeopotentialHeight= 0, 		 allGeopotentialHeight= 1598
 GoodGeopotentialHeight= 1599, 		 nullGeopotentialHeight= 0, 		 allGeopotentialHeight= 1599
 GoodGeopotentialHeight= 1601, 		 nullGeopotentialHeight= 0, 		 allGeopotentialHeight= 1601
 GoodGeopotentialHeight= 1602, 		 nullGeopotentialHeight= 0, 		 allGeopotentialHeight= 1602
 GoodGeopotentialHeight= 1603, 		 nullGeopotentialHeight= 0, 		 allGeopotentialHeight= 1603
 GoodGeopotentialHeight= 1604, 		 nullGeopotentialHeight= 0, 		 allGeopotentialHeight= 1604
 GoodGeopotentialHeight= 1609, 		 nullGeopotentialHeight= 0, 		 allGeopotentialHeight= 1609
 GoodGeopotentialHeight= 1610, 		 nullGeopotentialHeight= 0, 		 allGeopotentialHeight= 1610
 GoodGeopotentialHeight= 1612, 		 nullGeopotentialHeight= 0, 		 allGeopotentialHeight= 1612
 GoodGeopotentialHeight= 1613, 		 nullGeopotentialHeight= 0, 		 allGeopotentialHeight= 1613
 GoodGeopotentialHeight= 1615, 		 nullGeopotentialHeight= 0, 		 allGeopotentialHeight= 1615
 GoodGeopotentialHeight= 1616, 		 nullGeopotentialHeight= 0, 		 allGeopotentialHeight= 1616
 GoodGeopotentialHeight= 1617, 		 nullGeopotentialHeight= 0, 		 allGeopotentialHeight= 1617
 GoodGeopotentialHeight= 1619, 		 nullGeopotentialHeight= 0, 		 allGeopotentialHeight= 1619
 GoodGeopotentialHeight= 1621, 		 nullGeopotentialHeight= 0, 		 allGeopotentialHeight= 1621
 GoodGeopotentialHeight= 1622, 		 nullGeopotentialHeight= 0, 		 allGeopotentialHeight= 1622
 GoodGeopotentialHeight= 1623, 		 nullGeopotentialHeight= 0, 		 allGeopotentialHeight= 1623
 GoodGeopotentialHeight= 1624, 		 nullGeopotentialHeight= 0, 		 allGeopotentialHeight= 1624
 GoodGeopotentialHeight= 1625, 		 nullGeopotentialHeight= 0, 		 allGeopotentialHeight= 1625
 GoodGeopotentialHeight= 1626, 		 nullGeopotentialHeight= 0, 		 allGeopotentialHeight= 1626
 GoodGeopotentialHeight= 1628, 		 nullGeopotentialHeight= 0, 		 allGeopotentialHeight= 1628
 GoodGeopotentialHeight= 1631, 		 nullGeopotentialHeight= 0, 		 allGeopotentialHeight= 1631
 GoodGeopotentialHeight= 1632, 		 nullGeopotentialHeight= 0, 		 allGeopotentialHeight= 1632
 GoodGeopotentialHeight= 1633, 		 nullGeopotentialHeight= 0, 		 allGeopotentialHeight= 1633
 GoodGeopotentialHeight= 1634, 		 nullGeopotentialHeight= 0, 		 allGeopotentialHeight= 1634
 GoodGeopotentialHeight= 1635, 		 nullGeopotentialHeight= 0, 		 allGeopotentialHeight= 1635
 GoodGeopotentialHeight= 1637, 		 nullGeopotentialHeight= 0, 		 allGeopotentialHeight= 1637
 GoodGeopotentialHeight= 1638, 		 nullGeopotentialHeight= 0, 		 allGeopotentialHeight= 1638
 GoodGeopotentialHeight= 1639, 		 nullGeopotentialHeight= 0, 		 allGeopotentialHeight= 1639
 GoodGeopotentialHeight= 1640, 		 nullGeopotentialHeight= 0, 		 allGeopotentialHeight= 1640
 GoodGeopotentialHeight= 1642, 		 nullGeopotentialHeight= 0, 		 allGeopotentialHeight= 1642
 GoodGeopotentialHeight= 1643, 		 nullGeopotentialHeight= 0, 		 allGeopotentialHeight= 1643
 GoodGeopotentialHeight= 1644, 		 nullGeopotentialHeight= 0, 		 allGeopotentialHeight= 1644
 GoodGeopotentialHeight= 1645, 		 nullGeopotentialHeight= 0, 		 allGeopotentialHeight= 1645
 GoodGeopotentialHeight= 1646, 		 nullGeopotentialHeight= 0, 		 allGeopotentialHeight= 1646
 GoodGeopotentialHeight= 1647, 		 nullGeopotentialHeight= 0, 		 allGeopotentialHeight= 1647
 GoodGeopotentialHeight= 1648, 		 nullGeopotentialHeight= 0, 		 allGeopotentialHeight= 1648
 GoodGeopotentialHeight= 1649, 		 nullGeopotentialHeight= 0, 		 allGeopotentialHeight= 1649
 GoodGeopotentialHeight= 1651, 		 nullGeopotentialHeight= 0, 		 allGeopotentialHeight= 1651
 GoodGeopotentialHeight= 1652, 		 nullGeopotentialHeight= 0, 		 allGeopotentialHeight= 1652
 GoodGeopotentialHeight= 1653, 		 nullGeopotentialHeight= 0, 		 allGeopotentialHeight= 1653
 GoodGeopotentialHeight= 1654, 		 nullGeopotentialHeight= 0, 		 allGeopotentialHeight= 1654
 GoodGeopotentialHeight= 1656, 		 nullGeopotentialHeight= 0, 		 allGeopotentialHeight= 1656
 GoodGeopotentialHeight= 1658, 		 nullGeopotentialHeight= 0, 		 allGeopotentialHeight= 1658
 GoodGeopotentialHeight= 1659, 		 nullGeopotentialHeight= 0, 		 allGeopotentialHeight= 1659
 GoodGeopotentialHeight= 1660, 		 nullGeopotentialHeight= 0, 		 allGeopotentialHeight= 1660
 GoodGeopotentialHeight= 1661, 		 nullGeopotentialHeight= 0, 		 allGeopotentialHeight= 1661
 GoodGeopotentialHeight= 1662, 		 nullGeopotentialHeight= 0, 		 allGeopotentialHeight= 1662
 GoodGeopotentialHeight= 1664, 		 nullGeopotentialHeight= 0, 		 allGeopotentialHeight= 1664
 GoodGeopotentialHeight= 1665, 		 nullGeopotentialHeight= 0, 		 allGeopotentialHeight= 1665
 GoodGeopotentialHeight= 1666, 		 nullGeopotentialHeight= 0, 		 allGeopotentialHeight= 1666
 GoodGeopotentialHeight= 1673, 		 nullGeopotentialHeight= 0, 		 allGeopotentialHeight= 1673
 GoodGeopotentialHeight= 1675, 		 nullGeopotentialHeight= 0, 		 allGeopotentialHeight= 1675
 GoodGeopotentialHeight= 1676, 		 nullGeopotentialHeight= 0, 		 allGeopotentialHeight= 1676
 GoodGeopotentialHeight= 1677, 		 nullGeopotentialHeight= 0, 		 allGeopotentialHeight= 1677
 GoodGeopotentialHeight= 1679, 		 nullGeopotentialHeight= 0, 		 allGeopotentialHeight= 1679
 GoodGeopotentialHeight= 1680, 		 nullGeopotentialHeight= 0, 		 allGeopotentialHeight= 1680
 GoodGeopotentialHeight= 1681, 		 nullGeopotentialHeight= 0, 		 allGeopotentialHeight= 1681
 GoodGeopotentialHeight= 1682, 		 nullGeopotentialHeight= 0, 		 allGeopotentialHeight= 1682
 GoodGeopotentialHeight= 1683, 		 nullGeopotentialHeight= 0, 		 allGeopotentialHeight= 1683
 GoodGeopotentialHeight= 1687, 		 nullGeopotentialHeight= 0, 		 allGeopotentialHeight= 1687
 GoodGeopotentialHeight= 1690, 		 nullGeopotentialHeight= 0, 		 allGeopotentialHeight= 1690
 GoodGeopotentialHeight= 1692, 		 nullGeopotentialHeight= 0, 		 allGeopotentialHeight= 1692
 GoodGeopotentialHeight= 1693, 		 nullGeopotentialHeight= 0, 		 allGeopotentialHeight= 1693
 GoodGeopotentialHeight= 1694, 		 nullGeopotentialHeight= 0, 		 allGeopotentialHeight= 1694
 GoodGeopotentialHeight= 1695, 		 nullGeopotentialHeight= 0, 		 allGeopotentialHeight= 1695
 GoodGeopotentialHeight= 1697, 		 nullGeopotentialHeight= 0, 		 allGeopotentialHeight= 1697
 GoodGeopotentialHeight= 1699, 		 nullGeopotentialHeight= 0, 		 allGeopotentialHeight= 1699
 GoodGeopotentialHeight= 1700, 		 nullGeopotentialHeight= 0, 		 allGeopotentialHeight= 1700
 GoodGeopotentialHeight= 1701, 		 nullGeopotentialHeight= 0, 		 allGeopotentialHeight= 1701
 GoodGeopotentialHeight= 1703, 		 nullGeopotentialHeight= 0, 		 allGeopotentialHeight= 1703
 GoodGeopotentialHeight= 1704, 		 nullGeopotentialHeight= 0, 		 allGeopotentialHeight= 1704
 GoodGeopotentialHeight= 1706, 		 nullGeopotentialHeight= 0, 		 allGeopotentialHeight= 1706
 GoodGeopotentialHeight= 1707, 		 nullGeopotentialHeight= 0, 		 allGeopotentialHeight= 1707
 GoodGeopotentialHeight= 1709, 		 nullGeopotentialHeight= 0, 		 allGeopotentialHeight= 1709
 GoodGeopotentialHeight= 1710, 		 nullGeopotentialHeight= 0, 		 allGeopotentialHeight= 1710
 GoodGeopotentialHeight= 1715, 		 nullGeopotentialHeight= 0, 		 allGeopotentialHeight= 1715
 GoodGeopotentialHeight= 1720, 		 nullGeopotentialHeight= 0, 		 allGeopotentialHeight= 1720
 GoodGeopotentialHeight= 1721, 		 nullGeopotentialHeight= 0, 		 allGeopotentialHeight= 1721
 GoodGeopotentialHeight= 1722, 		 nullGeopotentialHeight= 0, 		 allGeopotentialHeight= 1722
 GoodGeopotentialHeight= 1723, 		 nullGeopotentialHeight= 0, 		 allGeopotentialHeight= 1723
 GoodGeopotentialHeight= 1724, 		 nullGeopotentialHeight= 0, 		 allGeopotentialHeight= 1724
 GoodGeopotentialHeight= 1726, 		 nullGeopotentialHeight= 0, 		 allGeopotentialHeight= 1726
 GoodGeopotentialHeight= 1727, 		 nullGeopotentialHeight= 0, 		 allGeopotentialHeight= 1727
 GoodGeopotentialHeight= 1729, 		 nullGeopotentialHeight= 0, 		 allGeopotentialHeight= 1729
 GoodGeopotentialHeight= 1732, 		 nullGeopotentialHeight= 0, 		 allGeopotentialHeight= 1732
 GoodGeopotentialHeight= 1735, 		 nullGeopotentialHeight= 0, 		 allGeopotentialHeight= 1735
 GoodGeopotentialHeight= 1737, 		 nullGeopotentialHeight= 0, 		 allGeopotentialHeight= 1737
 GoodGeopotentialHeight= 1738, 		 nullGeopotentialHeight= 0, 		 allGeopotentialHeight= 1738
 GoodGeopotentialHeight= 1740, 		 nullGeopotentialHeight= 0, 		 allGeopotentialHeight= 1740
 GoodGeopotentialHeight= 1741, 		 nullGeopotentialHeight= 0, 		 allGeopotentialHeight= 1741
 GoodGeopotentialHeight= 1745, 		 nullGeopotentialHeight= 0, 		 allGeopotentialHeight= 1745
 GoodGeopotentialHeight= 1746, 		 nullGeopotentialHeight= 0, 		 allGeopotentialHeight= 1746
 GoodGeopotentialHeight= 1747, 		 nullGeopotentialHeight= 0, 		 allGeopotentialHeight= 1747
 GoodGeopotentialHeight= 1748, 		 nullGeopotentialHeight= 0, 		 allGeopotentialHeight= 1748
 GoodGeopotentialHeight= 1751, 		 nullGeopotentialHeight= 0, 		 allGeopotentialHeight= 1751
 GoodGeopotentialHeight= 1753, 		 nullGeopotentialHeight= 0, 		 allGeopotentialHeight= 1753
 GoodGeopotentialHeight= 1757, 		 nullGeopotentialHeight= 0, 		 allGeopotentialHeight= 1757
 GoodGeopotentialHeight= 1760, 		 nullGeopotentialHeight= 0, 		 allGeopotentialHeight= 1760
 GoodGeopotentialHeight= 1762, 		 nullGeopotentialHeight= 0, 		 allGeopotentialHeight= 1762
 GoodGeopotentialHeight= 1764, 		 nullGeopotentialHeight= 0, 		 allGeopotentialHeight= 1764
 GoodGeopotentialHeight= 1771, 		 nullGeopotentialHeight= 0, 		 allGeopotentialHeight= 1771
 GoodGeopotentialHeight= 1774, 		 nullGeopotentialHeight= 0, 		 allGeopotentialHeight= 1774
 GoodGeopotentialHeight= 1780, 		 nullGeopotentialHeight= 0, 		 allGeopotentialHeight= 1780
 GoodGeopotentialHeight= 1782, 		 nullGeopotentialHeight= 0, 		 allGeopotentialHeight= 1782
 GoodGeopotentialHeight= 1783, 		 nullGeopotentialHeight= 0, 		 allGeopotentialHeight= 1783
 GoodGeopotentialHeight= 1787, 		 nullGeopotentialHeight= 0, 		 allGeopotentialHeight= 1787
 GoodGeopotentialHeight= 1788, 		 nullGeopotentialHeight= 0, 		 allGeopotentialHeight= 1788
 GoodGeopotentialHeight= 1792, 		 nullGeopotentialHeight= 0, 		 allGeopotentialHeight= 1792
 GoodGeopotentialHeight= 1796, 		 nullGeopotentialHeight= 0, 		 allGeopotentialHeight= 1796
 GoodGeopotentialHeight= 1797, 		 nullGeopotentialHeight= 0, 		 allGeopotentialHeight= 1797
 GoodGeopotentialHeight= 1800, 		 nullGeopotentialHeight= 0, 		 allGeopotentialHeight= 1800
 GoodGeopotentialHeight= 1801, 		 nullGeopotentialHeight= 0, 		 allGeopotentialHeight= 1801
 GoodGeopotentialHeight= 1804, 		 nullGeopotentialHeight= 0, 		 allGeopotentialHeight= 1804
 GoodGeopotentialHeight= 1809, 		 nullGeopotentialHeight= 0, 		 allGeopotentialHeight= 1809
 GoodGeopotentialHeight= 1824, 		 nullGeopotentialHeight= 0, 		 allGeopotentialHeight= 1824
 GoodGeopotentialHeight= 1827, 		 nullGeopotentialHeight= 0, 		 allGeopotentialHeight= 1827
 GoodGeopotentialHeight= 1834, 		 nullGeopotentialHeight= 0, 		 allGeopotentialHeight= 1834
 GoodGeopotentialHeight= 1837, 		 nullGeopotentialHeight= 0, 		 allGeopotentialHeight= 1837
 GoodGeopotentialHeight= 1838, 		 nullGeopotentialHeight= 0, 		 allGeopotentialHeight= 1838
 GoodGeopotentialHeight= 1840, 		 nullGeopotentialHeight= 0, 		 allGeopotentialHeight= 1840
 GoodGeopotentialHeight= 1859, 		 nullGeopotentialHeight= 0, 		 allGeopotentialHeight= 1859
 GoodGeopotentialHeight= 1860, 		 nullGeopotentialHeight= 0, 		 allGeopotentialHeight= 1860
 GoodGeopotentialHeight= 1863, 		 nullGeopotentialHeight= 0, 		 allGeopotentialHeight= 1863
 GoodGeopotentialHeight= 1864, 		 nullGeopotentialHeight= 0, 		 allGeopotentialHeight= 1864
 GoodGeopotentialHeight= 1873, 		 nullGeopotentialHeight= 0, 		 allGeopotentialHeight= 1873
 GoodGeopotentialHeight= 1882, 		 nullGeopotentialHeight= 0, 		 allGeopotentialHeight= 1882
 GoodGeopotentialHeight= 1886, 		 nullGeopotentialHeight= 0, 		 allGeopotentialHeight= 1886
 GoodGeopotentialHeight= 1939, 		 nullGeopotentialHeight= 0, 		 allGeopotentialHeight= 1939
 GoodGeopotentialHeight= 1952, 		 nullGeopotentialHeight= 0, 		 allGeopotentialHeight= 1952
 GoodGeopotentialHeight= 1967, 		 nullGeopotentialHeight= 0, 		 allGeopotentialHeight= 1967
 GoodGeopotentialHeight= 1979, 		 nullGeopotentialHeight= 0, 		 allGeopotentialHeight= 1979
 GoodGeopotentialHeight= 1982, 		 nullGeopotentialHeight= 0, 		 allGeopotentialHeight= 1982
 GoodGeopotentialHeight= 2072, 		 nullGeopotentialHeight= 0, 		 allGeopotentialHeight= 2072
 GoodNonCoordinateGeopotentialHeight= 0, nullNonCoordinateGeopotentialHeight= 0, allNonCoordinateGeopotentialHeight= 0
 GoodNonCoordinateGeopotentialHeight= 1201, nullNonCoordinateGeopotentialHeight= 0, allNonCoordinateGeopotentialHeight= 1201
 GoodNonCoordinateGeopotentialHeight= 1205, nullNonCoordinateGeopotentialHeight= 0, allNonCoordinateGeopotentialHeight= 1205
 GoodNonCoordinateGeopotentialHeight= 1233, nullNonCoordinateGeopotentialHeight= 0, allNonCoordinateGeopotentialHeight= 1233
 GoodNonCoordinateGeopotentialHeight= 1235, nullNonCoordinateGeopotentialHeight= 0, allNonCoordinateGeopotentialHeight= 1235
 GoodNonCoordinateGeopotentialHeight= 1245, nullNonCoordinateGeopotentialHeight= 0, allNonCoordinateGeopotentialHeight= 1245
 GoodNonCoordinateGeopotentialHeight= 1247, nullNonCoordinateGeopotentialHeight= 0, allNonCoordinateGeopotentialHeight= 1247
 GoodNonCoordinateGeopotentialHeight= 1252, nullNonCoordinateGeopotentialHeight= 0, allNonCoordinateGeopotentialHeight= 1252
 GoodNonCoordinateGeopotentialHeight= 1260, nullNonCoordinateGeopotentialHeight= 0, allNonCoordinateGeopotentialHeight= 1260
 GoodNonCoordinateGeopotentialHeight= 1261, nullNonCoordinateGeopotentialHeight= 0, allNonCoordinateGeopotentialHeight= 1261
 GoodNonCoordinateGeopotentialHeight= 1262, nullNonCoordinateGeopotentialHeight= 0, allNonCoordinateGeopotentialHeight= 1262
 GoodNonCoordinateGeopotentialHeight= 1267, nullNonCoordinateGeopotentialHeight= 0, allNonCoordinateGeopotentialHeight= 1267
 GoodNonCoordinateGeopotentialHeight= 1268, nullNonCoordinateGeopotentialHeight= 0, allNonCoordinateGeopotentialHeight= 1268
 GoodNonCoordinateGeopotentialHeight= 1269, nullNonCoordinateGeopotentialHeight= 0, allNonCoordinateGeopotentialHeight= 1269
 GoodNonCoordinateGeopotentialHeight= 1270, nullNonCoordinateGeopotentialHeight= 0, allNonCoordinateGeopotentialHeight= 1270
 GoodNonCoordinateGeopotentialHeight= 1272, nullNonCoordinateGeopotentialHeight= 0, allNonCoordinateGeopotentialHeight= 1272
 GoodNonCoordinateGeopotentialHeight= 1275, nullNonCoordinateGeopotentialHeight= 0, allNonCoordinateGeopotentialHeight= 1275
 GoodNonCoordinateGeopotentialHeight= 1276, nullNonCoordinateGeopotentialHeight= 0, allNonCoordinateGeopotentialHeight= 1276
 GoodNonCoordinateGeopotentialHeight= 1277, nullNonCoordinateGeopotentialHeight= 0, allNonCoordinateGeopotentialHeight= 1277
 GoodNonCoordinateGeopotentialHeight= 1279, nullNonCoordinateGeopotentialHeight= 0, allNonCoordinateGeopotentialHeight= 1279
 GoodNonCoordinateGeopotentialHeight= 1280, nullNonCoordinateGeopotentialHeight= 0, allNonCoordinateGeopotentialHeight= 1280
 GoodNonCoordinateGeopotentialHeight= 1281, nullNonCoordinateGeopotentialHeight= 0, allNonCoordinateGeopotentialHeight= 1281
 GoodNonCoordinateGeopotentialHeight= 1282, nullNonCoordinateGeopotentialHeight= 0, allNonCoordinateGeopotentialHeight= 1282
 GoodNonCoordinateGeopotentialHeight= 1286, nullNonCoordinateGeopotentialHeight= 0, allNonCoordinateGeopotentialHeight= 1286
 GoodNonCoordinateGeopotentialHeight= 1288, nullNonCoordinateGeopotentialHeight= 0, allNonCoordinateGeopotentialHeight= 1288
 GoodNonCoordinateGeopotentialHeight= 1289, nullNonCoordinateGeopotentialHeight= 0, allNonCoordinateGeopotentialHeight= 1289
 GoodNonCoordinateGeopotentialHeight= 1290, nullNonCoordinateGeopotentialHeight= 0, allNonCoordinateGeopotentialHeight= 1290
 GoodNonCoordinateGeopotentialHeight= 1295, nullNonCoordinateGeopotentialHeight= 0, allNonCoordinateGeopotentialHeight= 1295
 GoodNonCoordinateGeopotentialHeight= 1297, nullNonCoordinateGeopotentialHeight= 0, allNonCoordinateGeopotentialHeight= 1297
 GoodNonCoordinateGeopotentialHeight= 1298, nullNonCoordinateGeopotentialHeight= 0, allNonCoordinateGeopotentialHeight= 1298
 GoodNonCoordinateGeopotentialHeight= 1299, nullNonCoordinateGeopotentialHeight= 0, allNonCoordinateGeopotentialHeight= 1299
 GoodNonCoordinateGeopotentialHeight= 1300, nullNonCoordinateGeopotentialHeight= 0, allNonCoordinateGeopotentialHeight= 1300
 GoodNonCoordinateGeopotentialHeight= 1302, nullNonCoordinateGeopotentialHeight= 0, allNonCoordinateGeopotentialHeight= 1302
 GoodNonCoordinateGeopotentialHeight= 1303, nullNonCoordinateGeopotentialHeight= 0, allNonCoordinateGeopotentialHeight= 1303
 GoodNonCoordinateGeopotentialHeight= 1304, nullNonCoordinateGeopotentialHeight= 0, allNonCoordinateGeopotentialHeight= 1304
 GoodNonCoordinateGeopotentialHeight= 1305, nullNonCoordinateGeopotentialHeight= 0, allNonCoordinateGeopotentialHeight= 1305
 GoodNonCoordinateGeopotentialHeight= 1306, nullNonCoordinateGeopotentialHeight= 0, allNonCoordinateGeopotentialHeight= 1306
 GoodNonCoordinateGeopotentialHeight= 1309, nullNonCoordinateGeopotentialHeight= 0, allNonCoordinateGeopotentialHeight= 1309
 GoodNonCoordinateGeopotentialHeight= 1310, nullNonCoordinateGeopotentialHeight= 0, allNonCoordinateGeopotentialHeight= 1310
 GoodNonCoordinateGeopotentialHeight= 1313, nullNonCoordinateGeopotentialHeight= 0, allNonCoordinateGeopotentialHeight= 1313
 GoodNonCoordinateGeopotentialHeight= 1316, nullNonCoordinateGeopotentialHeight= 0, allNonCoordinateGeopotentialHeight= 1316
 GoodNonCoordinateGeopotentialHeight= 1317, nullNonCoordinateGeopotentialHeight= 0, allNonCoordinateGeopotentialHeight= 1317
 GoodNonCoordinateGeopotentialHeight= 1318, nullNonCoordinateGeopotentialHeight= 0, allNonCoordinateGeopotentialHeight= 1318
 GoodNonCoordinateGeopotentialHeight= 1319, nullNonCoordinateGeopotentialHeight= 0, allNonCoordinateGeopotentialHeight= 1319
 GoodNonCoordinateGeopotentialHeight= 1320, nullNonCoordinateGeopotentialHeight= 0, allNonCoordinateGeopotentialHeight= 1320
 GoodNonCoordinateGeopotentialHeight= 1322, nullNonCoordinateGeopotentialHeight= 0, allNonCoordinateGeopotentialHeight= 1322
 GoodNonCoordinateGeopotentialHeight= 1325, nullNonCoordinateGeopotentialHeight= 0, allNonCoordinateGeopotentialHeight= 1325
 GoodNonCoordinateGeopotentialHeight= 1327, nullNonCoordinateGeopotentialHeight= 0, allNonCoordinateGeopotentialHeight= 1327
 GoodNonCoordinateGeopotentialHeight= 1331, nullNonCoordinateGeopotentialHeight= 0, allNonCoordinateGeopotentialHeight= 1331
 GoodNonCoordinateGeopotentialHeight= 1334, nullNonCoordinateGeopotentialHeight= 0, allNonCoordinateGeopotentialHeight= 1334
 GoodNonCoordinateGeopotentialHeight= 1336, nullNonCoordinateGeopotentialHeight= 0, allNonCoordinateGeopotentialHeight= 1336
 GoodNonCoordinateGeopotentialHeight= 1337, nullNonCoordinateGeopotentialHeight= 0, allNonCoordinateGeopotentialHeight= 1337
 GoodNonCoordinateGeopotentialHeight= 1339, nullNonCoordinateGeopotentialHeight= 0, allNonCoordinateGeopotentialHeight= 1339
 GoodNonCoordinateGeopotentialHeight= 1340, nullNonCoordinateGeopotentialHeight= 0, allNonCoordinateGeopotentialHeight= 1340
 GoodNonCoordinateGeopotentialHeight= 1341, nullNonCoordinateGeopotentialHeight= 0, allNonCoordinateGeopotentialHeight= 1341
 GoodNonCoordinateGeopotentialHeight= 1342, nullNonCoordinateGeopotentialHeight= 0, allNonCoordinateGeopotentialHeight= 1342
 GoodNonCoordinateGeopotentialHeight= 1344, nullNonCoordinateGeopotentialHeight= 0, allNonCoordinateGeopotentialHeight= 1344
 GoodNonCoordinateGeopotentialHeight= 1348, nullNonCoordinateGeopotentialHeight= 0, allNonCoordinateGeopotentialHeight= 1348
 GoodNonCoordinateGeopotentialHeight= 1349, nullNonCoordinateGeopotentialHeight= 0, allNonCoordinateGeopotentialHeight= 1349
 GoodNonCoordinateGeopotentialHeight= 1350, nullNonCoordinateGeopotentialHeight= 0, allNonCoordinateGeopotentialHeight= 1350
 GoodNonCoordinateGeopotentialHeight= 1351, nullNonCoordinateGeopotentialHeight= 0, allNonCoordinateGeopotentialHeight= 1351
 GoodNonCoordinateGeopotentialHeight= 1352, nullNonCoordinateGeopotentialHeight= 0, allNonCoordinateGeopotentialHeight= 1352
 GoodNonCoordinateGeopotentialHeight= 1353, nullNonCoordinateGeopotentialHeight= 0, allNonCoordinateGeopotentialHeight= 1353
 GoodNonCoordinateGeopotentialHeight= 1355, nullNonCoordinateGeopotentialHeight= 0, allNonCoordinateGeopotentialHeight= 1355
 GoodNonCoordinateGeopotentialHeight= 1356, nullNonCoordinateGeopotentialHeight= 0, allNonCoordinateGeopotentialHeight= 1356
 GoodNonCoordinateGeopotentialHeight= 1357, nullNonCoordinateGeopotentialHeight= 0, allNonCoordinateGeopotentialHeight= 1357
 GoodNonCoordinateGeopotentialHeight= 1358, nullNonCoordinateGeopotentialHeight= 0, allNonCoordinateGeopotentialHeight= 1358
 GoodNonCoordinateGeopotentialHeight= 1360, nullNonCoordinateGeopotentialHeight= 0, allNonCoordinateGeopotentialHeight= 1360
 GoodNonCoordinateGeopotentialHeight= 1362, nullNonCoordinateGeopotentialHeight= 0, allNonCoordinateGeopotentialHeight= 1362
 GoodNonCoordinateGeopotentialHeight= 1365, nullNonCoordinateGeopotentialHeight= 0, allNonCoordinateGeopotentialHeight= 1365
 GoodNonCoordinateGeopotentialHeight= 1366, nullNonCoordinateGeopotentialHeight= 0, allNonCoordinateGeopotentialHeight= 1366
 GoodNonCoordinateGeopotentialHeight= 1367, nullNonCoordinateGeopotentialHeight= 0, allNonCoordinateGeopotentialHeight= 1367
 GoodNonCoordinateGeopotentialHeight= 1373, nullNonCoordinateGeopotentialHeight= 0, allNonCoordinateGeopotentialHeight= 1373
 GoodNonCoordinateGeopotentialHeight= 1374, nullNonCoordinateGeopotentialHeight= 0, allNonCoordinateGeopotentialHeight= 1374
 GoodNonCoordinateGeopotentialHeight= 1377, nullNonCoordinateGeopotentialHeight= 0, allNonCoordinateGeopotentialHeight= 1377
 GoodNonCoordinateGeopotentialHeight= 1378, nullNonCoordinateGeopotentialHeight= 0, allNonCoordinateGeopotentialHeight= 1378
 GoodNonCoordinateGeopotentialHeight= 1384, nullNonCoordinateGeopotentialHeight= 0, allNonCoordinateGeopotentialHeight= 1384
 GoodNonCoordinateGeopotentialHeight= 1386, nullNonCoordinateGeopotentialHeight= 0, allNonCoordinateGeopotentialHeight= 1386
 GoodNonCoordinateGeopotentialHeight= 1387, nullNonCoordinateGeopotentialHeight= 0, allNonCoordinateGeopotentialHeight= 1387
 GoodNonCoordinateGeopotentialHeight= 1388, nullNonCoordinateGeopotentialHeight= 0, allNonCoordinateGeopotentialHeight= 1388
 GoodNonCoordinateGeopotentialHeight= 1389, nullNonCoordinateGeopotentialHeight= 0, allNonCoordinateGeopotentialHeight= 1389
 GoodNonCoordinateGeopotentialHeight= 1390, nullNonCoordinateGeopotentialHeight= 0, allNonCoordinateGeopotentialHeight= 1390
 GoodNonCoordinateGeopotentialHeight= 1395, nullNonCoordinateGeopotentialHeight= 0, allNonCoordinateGeopotentialHeight= 1395
 GoodNonCoordinateGeopotentialHeight= 1396, nullNonCoordinateGeopotentialHeight= 0, allNonCoordinateGeopotentialHeight= 1396
 GoodNonCoordinateGeopotentialHeight= 1398, nullNonCoordinateGeopotentialHeight= 0, allNonCoordinateGeopotentialHeight= 1398
 GoodNonCoordinateGeopotentialHeight= 1400, nullNonCoordinateGeopotentialHeight= 0, allNonCoordinateGeopotentialHeight= 1400
 GoodNonCoordinateGeopotentialHeight= 1402, nullNonCoordinateGeopotentialHeight= 0, allNonCoordinateGeopotentialHeight= 1402
 GoodNonCoordinateGeopotentialHeight= 1404, nullNonCoordinateGeopotentialHeight= 0, allNonCoordinateGeopotentialHeight= 1404
 GoodNonCoordinateGeopotentialHeight= 1408, nullNonCoordinateGeopotentialHeight= 0, allNonCoordinateGeopotentialHeight= 1408
 GoodNonCoordinateGeopotentialHeight= 1417, nullNonCoordinateGeopotentialHeight= 0, allNonCoordinateGeopotentialHeight= 1417
 GoodNonCoordinateGeopotentialHeight= 1419, nullNonCoordinateGeopotentialHeight= 0, allNonCoordinateGeopotentialHeight= 1419
 GoodNonCoordinateGeopotentialHeight= 1420, nullNonCoordinateGeopotentialHeight= 0, allNonCoordinateGeopotentialHeight= 1420
 GoodNonCoordinateGeopotentialHeight= 1421, nullNonCoordinateGeopotentialHeight= 0, allNonCoordinateGeopotentialHeight= 1421
 GoodNonCoordinateGeopotentialHeight= 1422, nullNonCoordinateGeopotentialHeight= 0, allNonCoordinateGeopotentialHeight= 1422
 GoodNonCoordinateGeopotentialHeight= 1425, nullNonCoordinateGeopotentialHeight= 0, allNonCoordinateGeopotentialHeight= 1425
 GoodNonCoordinateGeopotentialHeight= 1426, nullNonCoordinateGeopotentialHeight= 0, allNonCoordinateGeopotentialHeight= 1426
 GoodNonCoordinateGeopotentialHeight= 1429, nullNonCoordinateGeopotentialHeight= 0, allNonCoordinateGeopotentialHeight= 1429
 GoodNonCoordinateGeopotentialHeight= 1434, nullNonCoordinateGeopotentialHeight= 0, allNonCoordinateGeopotentialHeight= 1434
 GoodNonCoordinateGeopotentialHeight= 1435, nullNonCoordinateGeopotentialHeight= 0, allNonCoordinateGeopotentialHeight= 1435
 GoodNonCoordinateGeopotentialHeight= 1436, nullNonCoordinateGeopotentialHeight= 0, allNonCoordinateGeopotentialHeight= 1436
 GoodNonCoordinateGeopotentialHeight= 1437, nullNonCoordinateGeopotentialHeight= 0, allNonCoordinateGeopotentialHeight= 1437
 GoodNonCoordinateGeopotentialHeight= 1439, nullNonCoordinateGeopotentialHeight= 0, allNonCoordinateGeopotentialHeight= 1439
 GoodNonCoordinateGeopotentialHeight= 1440, nullNonCoordinateGeopotentialHeight= 0, allNonCoordinateGeopotentialHeight= 1440
 GoodNonCoordinateGeopotentialHeight= 1443, nullNonCoordinateGeopotentialHeight= 0, allNonCoordinateGeopotentialHeight= 1443
 GoodNonCoordinateGeopotentialHeight= 1444, nullNonCoordinateGeopotentialHeight= 0, allNonCoordinateGeopotentialHeight= 1444
 GoodNonCoordinateGeopotentialHeight= 1446, nullNonCoordinateGeopotentialHeight= 0, allNonCoordinateGeopotentialHeight= 1446
 GoodNonCoordinateGeopotentialHeight= 1447, nullNonCoordinateGeopotentialHeight= 0, allNonCoordinateGeopotentialHeight= 1447
 GoodNonCoordinateGeopotentialHeight= 1448, nullNonCoordinateGeopotentialHeight= 0, allNonCoordinateGeopotentialHeight= 1448
 GoodNonCoordinateGeopotentialHeight= 1452, nullNonCoordinateGeopotentialHeight= 0, allNonCoordinateGeopotentialHeight= 1452
 GoodNonCoordinateGeopotentialHeight= 1455, nullNonCoordinateGeopotentialHeight= 0, allNonCoordinateGeopotentialHeight= 1455
 GoodNonCoordinateGeopotentialHeight= 1456, nullNonCoordinateGeopotentialHeight= 0, allNonCoordinateGeopotentialHeight= 1456
 GoodNonCoordinateGeopotentialHeight= 1461, nullNonCoordinateGeopotentialHeight= 0, allNonCoordinateGeopotentialHeight= 1461
 GoodNonCoordinateGeopotentialHeight= 1469, nullNonCoordinateGeopotentialHeight= 0, allNonCoordinateGeopotentialHeight= 1469
 GoodNonCoordinateGeopotentialHeight= 1471, nullNonCoordinateGeopotentialHeight= 0, allNonCoordinateGeopotentialHeight= 1471
 GoodNonCoordinateGeopotentialHeight= 1472, nullNonCoordinateGeopotentialHeight= 0, allNonCoordinateGeopotentialHeight= 1472
 GoodNonCoordinateGeopotentialHeight= 1474, nullNonCoordinateGeopotentialHeight= 0, allNonCoordinateGeopotentialHeight= 1474
 GoodNonCoordinateGeopotentialHeight= 1479, nullNonCoordinateGeopotentialHeight= 0, allNonCoordinateGeopotentialHeight= 1479
 GoodNonCoordinateGeopotentialHeight= 1481, nullNonCoordinateGeopotentialHeight= 0, allNonCoordinateGeopotentialHeight= 1481
 GoodNonCoordinateGeopotentialHeight= 1482, nullNonCoordinateGeopotentialHeight= 0, allNonCoordinateGeopotentialHeight= 1482
 GoodNonCoordinateGeopotentialHeight= 1485, nullNonCoordinateGeopotentialHeight= 0, allNonCoordinateGeopotentialHeight= 1485
 GoodNonCoordinateGeopotentialHeight= 1492, nullNonCoordinateGeopotentialHeight= 0, allNonCoordinateGeopotentialHeight= 1492
 GoodNonCoordinateGeopotentialHeight= 1493, nullNonCoordinateGeopotentialHeight= 0, allNonCoordinateGeopotentialHeight= 1493
 GoodNonCoordinateGeopotentialHeight= 1502, nullNonCoordinateGeopotentialHeight= 0, allNonCoordinateGeopotentialHeight= 1502
 GoodNonCoordinateGeopotentialHeight= 1510, nullNonCoordinateGeopotentialHeight= 0, allNonCoordinateGeopotentialHeight= 1510
 GoodNonCoordinateGeopotentialHeight= 1511, nullNonCoordinateGeopotentialHeight= 0, allNonCoordinateGeopotentialHeight= 1511
 GoodNonCoordinateGeopotentialHeight= 1512, nullNonCoordinateGeopotentialHeight= 0, allNonCoordinateGeopotentialHeight= 1512
 GoodNonCoordinateGeopotentialHeight= 1518, nullNonCoordinateGeopotentialHeight= 0, allNonCoordinateGeopotentialHeight= 1518
 GoodNonCoordinateGeopotentialHeight= 1525, nullNonCoordinateGeopotentialHeight= 0, allNonCoordinateGeopotentialHeight= 1525
 GoodNonCoordinateGeopotentialHeight= 1535, nullNonCoordinateGeopotentialHeight= 0, allNonCoordinateGeopotentialHeight= 1535
 GoodNonCoordinateGeopotentialHeight= 1536, nullNonCoordinateGeopotentialHeight= 0, allNonCoordinateGeopotentialHeight= 1536
 GoodNonCoordinateGeopotentialHeight= 1548, nullNonCoordinateGeopotentialHeight= 0, allNonCoordinateGeopotentialHeight= 1548
 GoodNonCoordinateGeopotentialHeight= 1557, nullNonCoordinateGeopotentialHeight= 0, allNonCoordinateGeopotentialHeight= 1557
 GoodNonCoordinateGeopotentialHeight= 1558, nullNonCoordinateGeopotentialHeight= 0, allNonCoordinateGeopotentialHeight= 1558
 GoodNonCoordinateGeopotentialHeight= 1562, nullNonCoordinateGeopotentialHeight= 0, allNonCoordinateGeopotentialHeight= 1562
 GoodNonCoordinateGeopotentialHeight= 1563, nullNonCoordinateGeopotentialHeight= 0, allNonCoordinateGeopotentialHeight= 1563
 GoodNonCoordinateGeopotentialHeight= 1569, nullNonCoordinateGeopotentialHeight= 0, allNonCoordinateGeopotentialHeight= 1569
 GoodNonCoordinateGeopotentialHeight= 1571, nullNonCoordinateGeopotentialHeight= 0, allNonCoordinateGeopotentialHeight= 1571
 GoodNonCoordinateGeopotentialHeight= 1572, nullNonCoordinateGeopotentialHeight= 0, allNonCoordinateGeopotentialHeight= 1572
 GoodNonCoordinateGeopotentialHeight= 1575, nullNonCoordinateGeopotentialHeight= 0, allNonCoordinateGeopotentialHeight= 1575
 GoodNonCoordinateGeopotentialHeight= 1576, nullNonCoordinateGeopotentialHeight= 0, allNonCoordinateGeopotentialHeight= 1576
 GoodNonCoordinateGeopotentialHeight= 1580, nullNonCoordinateGeopotentialHeight= 0, allNonCoordinateGeopotentialHeight= 1580
 GoodNonCoordinateGeopotentialHeight= 1584, nullNonCoordinateGeopotentialHeight= 0, allNonCoordinateGeopotentialHeight= 1584
 GoodNonCoordinateGeopotentialHeight= 1585, nullNonCoordinateGeopotentialHeight= 0, allNonCoordinateGeopotentialHeight= 1585
 GoodNonCoordinateGeopotentialHeight= 1589, nullNonCoordinateGeopotentialHeight= 0, allNonCoordinateGeopotentialHeight= 1589
 GoodNonCoordinateGeopotentialHeight= 1592, nullNonCoordinateGeopotentialHeight= 0, allNonCoordinateGeopotentialHeight= 1592
 GoodNonCoordinateGeopotentialHeight= 1595, nullNonCoordinateGeopotentialHeight= 0, allNonCoordinateGeopotentialHeight= 1595
 GoodNonCoordinateGeopotentialHeight= 1600, nullNonCoordinateGeopotentialHeight= 0, allNonCoordinateGeopotentialHeight= 1600
 GoodNonCoordinateGeopotentialHeight= 1603, nullNonCoordinateGeopotentialHeight= 0, allNonCoordinateGeopotentialHeight= 1603
 GoodNonCoordinateGeopotentialHeight= 1605, nullNonCoordinateGeopotentialHeight= 0, allNonCoordinateGeopotentialHeight= 1605
 GoodNonCoordinateGeopotentialHeight= 1607, nullNonCoordinateGeopotentialHeight= 0, allNonCoordinateGeopotentialHeight= 1607
 GoodNonCoordinateGeopotentialHeight= 1613, nullNonCoordinateGeopotentialHeight= 0, allNonCoordinateGeopotentialHeight= 1613
 GoodNonCoordinateGeopotentialHeight= 1616, nullNonCoordinateGeopotentialHeight= 0, allNonCoordinateGeopotentialHeight= 1616
 GoodNonCoordinateGeopotentialHeight= 1617, nullNonCoordinateGeopotentialHeight= 0, allNonCoordinateGeopotentialHeight= 1617
 GoodNonCoordinateGeopotentialHeight= 1618, nullNonCoordinateGeopotentialHeight= 0, allNonCoordinateGeopotentialHeight= 1618
 GoodNonCoordinateGeopotentialHeight= 1621, nullNonCoordinateGeopotentialHeight= 0, allNonCoordinateGeopotentialHeight= 1621
 GoodNonCoordinateGeopotentialHeight= 1629, nullNonCoordinateGeopotentialHeight= 0, allNonCoordinateGeopotentialHeight= 1629
 GoodNonCoordinateGeopotentialHeight= 1631, nullNonCoordinateGeopotentialHeight= 0, allNonCoordinateGeopotentialHeight= 1631
 GoodNonCoordinateGeopotentialHeight= 1632, nullNonCoordinateGeopotentialHeight= 0, allNonCoordinateGeopotentialHeight= 1632
 GoodNonCoordinateGeopotentialHeight= 1633, nullNonCoordinateGeopotentialHeight= 0, allNonCoordinateGeopotentialHeight= 1633
 GoodNonCoordinateGeopotentialHeight= 1634, nullNonCoordinateGeopotentialHeight= 0, allNonCoordinateGeopotentialHeight= 1634
 GoodNonCoordinateGeopotentialHeight= 1637, nullNonCoordinateGeopotentialHeight= 0, allNonCoordinateGeopotentialHeight= 1637
 GoodNonCoordinateGeopotentialHeight= 1644, nullNonCoordinateGeopotentialHeight= 0, allNonCoordinateGeopotentialHeight= 1644
 GoodNonCoordinateGeopotentialHeight= 1645, nullNonCoordinateGeopotentialHeight= 0, allNonCoordinateGeopotentialHeight= 1645
 GoodNonCoordinateGeopotentialHeight= 1648, nullNonCoordinateGeopotentialHeight= 0, allNonCoordinateGeopotentialHeight= 1648
 GoodNonCoordinateGeopotentialHeight= 1650, nullNonCoordinateGeopotentialHeight= 0, allNonCoordinateGeopotentialHeight= 1650
 GoodNonCoordinateGeopotentialHeight= 1656, nullNonCoordinateGeopotentialHeight= 0, allNonCoordinateGeopotentialHeight= 1656
 GoodNonCoordinateGeopotentialHeight= 1659, nullNonCoordinateGeopotentialHeight= 0, allNonCoordinateGeopotentialHeight= 1659
 GoodNonCoordinateGeopotentialHeight= 1663, nullNonCoordinateGeopotentialHeight= 0, allNonCoordinateGeopotentialHeight= 1663
 GoodNonCoordinateGeopotentialHeight= 1665, nullNonCoordinateGeopotentialHeight= 0, allNonCoordinateGeopotentialHeight= 1665
 GoodNonCoordinateGeopotentialHeight= 1668, nullNonCoordinateGeopotentialHeight= 0, allNonCoordinateGeopotentialHeight= 1668
 GoodNonCoordinateGeopotentialHeight= 1669, nullNonCoordinateGeopotentialHeight= 0, allNonCoordinateGeopotentialHeight= 1669
 GoodNonCoordinateGeopotentialHeight= 1671, nullNonCoordinateGeopotentialHeight= 0, allNonCoordinateGeopotentialHeight= 1671
 GoodNonCoordinateGeopotentialHeight= 1672, nullNonCoordinateGeopotentialHeight= 0, allNonCoordinateGeopotentialHeight= 1672
 GoodNonCoordinateGeopotentialHeight= 1677, nullNonCoordinateGeopotentialHeight= 0, allNonCoordinateGeopotentialHeight= 1677
 GoodNonCoordinateGeopotentialHeight= 1679, nullNonCoordinateGeopotentialHeight= 0, allNonCoordinateGeopotentialHeight= 1679
 GoodNonCoordinateGeopotentialHeight= 1681, nullNonCoordinateGeopotentialHeight= 0, allNonCoordinateGeopotentialHeight= 1681
 GoodNonCoordinateGeopotentialHeight= 1682, nullNonCoordinateGeopotentialHeight= 0, allNonCoordinateGeopotentialHeight= 1682
 GoodNonCoordinateGeopotentialHeight= 1683, nullNonCoordinateGeopotentialHeight= 0, allNonCoordinateGeopotentialHeight= 1683
 GoodNonCoordinateGeopotentialHeight= 1684, nullNonCoordinateGeopotentialHeight= 0, allNonCoordinateGeopotentialHeight= 1684
 GoodNonCoordinateGeopotentialHeight= 1688, nullNonCoordinateGeopotentialHeight= 0, allNonCoordinateGeopotentialHeight= 1688
 GoodNonCoordinateGeopotentialHeight= 1690, nullNonCoordinateGeopotentialHeight= 0, allNonCoordinateGeopotentialHeight= 1690
 GoodNonCoordinateGeopotentialHeight= 1699, nullNonCoordinateGeopotentialHeight= 0, allNonCoordinateGeopotentialHeight= 1699
 GoodNonCoordinateGeopotentialHeight= 1702, nullNonCoordinateGeopotentialHeight= 0, allNonCoordinateGeopotentialHeight= 1702
 GoodNonCoordinateGeopotentialHeight= 1704, nullNonCoordinateGeopotentialHeight= 0, allNonCoordinateGeopotentialHeight= 1704
 GoodNonCoordinateGeopotentialHeight= 1705, nullNonCoordinateGeopotentialHeight= 0, allNonCoordinateGeopotentialHeight= 1705
 GoodNonCoordinateGeopotentialHeight= 1709, nullNonCoordinateGeopotentialHeight= 0, allNonCoordinateGeopotentialHeight= 1709
 GoodNonCoordinateGeopotentialHeight= 1712, nullNonCoordinateGeopotentialHeight= 0, allNonCoordinateGeopotentialHeight= 1712
 GoodNonCoordinateGeopotentialHeight= 1716, nullNonCoordinateGeopotentialHeight= 0, allNonCoordinateGeopotentialHeight= 1716
 GoodNonCoordinateGeopotentialHeight= 1717, nullNonCoordinateGeopotentialHeight= 0, allNonCoordinateGeopotentialHeight= 1717
 GoodNonCoordinateGeopotentialHeight= 1718, nullNonCoordinateGeopotentialHeight= 0, allNonCoordinateGeopotentialHeight= 1718
 GoodNonCoordinateGeopotentialHeight= 1719, nullNonCoordinateGeopotentialHeight= 0, allNonCoordinateGeopotentialHeight= 1719
 GoodNonCoordinateGeopotentialHeight= 1722, nullNonCoordinateGeopotentialHeight= 0, allNonCoordinateGeopotentialHeight= 1722
 GoodNonCoordinateGeopotentialHeight= 1724, nullNonCoordinateGeopotentialHeight= 0, allNonCoordinateGeopotentialHeight= 1724
 GoodNonCoordinateGeopotentialHeight= 1732, nullNonCoordinateGeopotentialHeight= 0, allNonCoordinateGeopotentialHeight= 1732
 GoodNonCoordinateGeopotentialHeight= 1733, nullNonCoordinateGeopotentialHeight= 0, allNonCoordinateGeopotentialHeight= 1733
 GoodNonCoordinateGeopotentialHeight= 1736, nullNonCoordinateGeopotentialHeight= 0, allNonCoordinateGeopotentialHeight= 1736
 GoodNonCoordinateGeopotentialHeight= 1737, nullNonCoordinateGeopotentialHeight= 0, allNonCoordinateGeopotentialHeight= 1737
 GoodNonCoordinateGeopotentialHeight= 1741, nullNonCoordinateGeopotentialHeight= 0, allNonCoordinateGeopotentialHeight= 1741
 GoodNonCoordinateGeopotentialHeight= 1754, nullNonCoordinateGeopotentialHeight= 0, allNonCoordinateGeopotentialHeight= 1754
 GoodNonCoordinateGeopotentialHeight= 1756, nullNonCoordinateGeopotentialHeight= 0, allNonCoordinateGeopotentialHeight= 1756
 GoodNonCoordinateGeopotentialHeight= 1760, nullNonCoordinateGeopotentialHeight= 0, allNonCoordinateGeopotentialHeight= 1760
 GoodNonCoordinateGeopotentialHeight= 1765, nullNonCoordinateGeopotentialHeight= 0, allNonCoordinateGeopotentialHeight= 1765
 GoodNonCoordinateGeopotentialHeight= 1771, nullNonCoordinateGeopotentialHeight= 0, allNonCoordinateGeopotentialHeight= 1771
 GoodNonCoordinateGeopotentialHeight= 1777, nullNonCoordinateGeopotentialHeight= 0, allNonCoordinateGeopotentialHeight= 1777
 GoodNonCoordinateGeopotentialHeight= 1778, nullNonCoordinateGeopotentialHeight= 0, allNonCoordinateGeopotentialHeight= 1778
 GoodNonCoordinateGeopotentialHeight= 1779, nullNonCoordinateGeopotentialHeight= 0, allNonCoordinateGeopotentialHeight= 1779
 GoodNonCoordinateGeopotentialHeight= 1785, nullNonCoordinateGeopotentialHeight= 0, allNonCoordinateGeopotentialHeight= 1785
 GoodNonCoordinateGeopotentialHeight= 1786, nullNonCoordinateGeopotentialHeight= 0, allNonCoordinateGeopotentialHeight= 1786
 GoodNonCoordinateGeopotentialHeight= 1802, nullNonCoordinateGeopotentialHeight= 0, allNonCoordinateGeopotentialHeight= 1802
 GoodNonCoordinateGeopotentialHeight= 1810, nullNonCoordinateGeopotentialHeight= 0, allNonCoordinateGeopotentialHeight= 1810
 GoodNonCoordinateGeopotentialHeight= 1819, nullNonCoordinateGeopotentialHeight= 0, allNonCoordinateGeopotentialHeight= 1819
 GoodNonCoordinateGeopotentialHeight= 1822, nullNonCoordinateGeopotentialHeight= 0, allNonCoordinateGeopotentialHeight= 1822
 GoodNonCoordinateGeopotentialHeight= 1851, nullNonCoordinateGeopotentialHeight= 0, allNonCoordinateGeopotentialHeight= 1851
 GoodNonCoordinateGeopotentialHeight= 1855, nullNonCoordinateGeopotentialHeight= 0, allNonCoordinateGeopotentialHeight= 1855
 GoodNonCoordinateGeopotentialHeight= 1881, nullNonCoordinateGeopotentialHeight= 0, allNonCoordinateGeopotentialHeight= 1881
 GoodNonCoordinateGeopotentialHeight= 1892, nullNonCoordinateGeopotentialHeight= 0, allNonCoordinateGeopotentialHeight= 1892
 GoodNonCoordinateGeopotentialHeight= 1901, nullNonCoordinateGeopotentialHeight= 0, allNonCoordinateGeopotentialHeight= 1901
 GoodNonCoordinateGeopotentialHeight= 1946, nullNonCoordinateGeopotentialHeight= 0, allNonCoordinateGeopotentialHeight= 1946
 GoodNonCoordinateGeopotentialHeight= 1951, nullNonCoordinateGeopotentialHeight= 0, allNonCoordinateGeopotentialHeight= 1951
 GoodNonCoordinateGeopotentialHeight= 2003, nullNonCoordinateGeopotentialHeight= 0, allNonCoordinateGeopotentialHeight= 2003
 GoodNonCoordinateGeopotentialHeight= 2004, nullNonCoordinateGeopotentialHeight= 0, allNonCoordinateGeopotentialHeight= 2004
 GoodNonCoordinateGeopotentialHeight= 2008, nullNonCoordinateGeopotentialHeight= 0, allNonCoordinateGeopotentialHeight= 2008
 GoodNonCoordinateGeopotentialHeight= 2057, nullNonCoordinateGeopotentialHeight= 0, allNonCoordinateGeopotentialHeight= 2057
 GoodNonCoordinateGeopotentialHeight= 2059, nullNonCoordinateGeopotentialHeight= 0, allNonCoordinateGeopotentialHeight= 2059
 GoodNonCoordinateGeopotentialHeight= 2089, nullNonCoordinateGeopotentialHeight= 0, allNonCoordinateGeopotentialHeight= 2089
 GoodNonCoordinateGeopotentialHeight= 2091, nullNonCoordinateGeopotentialHeight= 0, allNonCoordinateGeopotentialHeight= 2091
 GoodNonCoordinateGeopotentialHeight= 2093, nullNonCoordinateGeopotentialHeight= 0, allNonCoordinateGeopotentialHeight= 2093
USED Footer Element non-null: geopotentialHeightCalculation = 0
