USED Footer Element non-null: radiosondeSerialNumber = "M0430404"
USED Footer Element non-null: radiosondeSerialNumber = "M0430405"
USED Footer Element non-null: radiosondeSerialNumber = "M0430406"
USED Footer Element non-null: radiosondeSerialNumber = "M0430447"
USED Footer Element non-null: radiosondeSerialNumber = "M0430456"
USED Footer Element non-null: radiosondeSerialNumber = "M0430458"
USED Footer Element non-null: radiosondeSerialNumber = "M0430459"
USED Footer Element non-null: radiosondeSerialNumber = "M0430464"
USED Footer Element non-null: radiosondeSerialNumber = "M0430466"
USED Footer Element non-null: radiosondeSerialNumber = "M0430468"
USED Footer Element non-null: radiosondeSerialNumber = "M0430470"
USED Footer Element non-null: radiosondeSerialNumber = "M0430472"
USED Footer Element non-null: radiosondeSerialNumber = "M0430473"
USED Footer Element non-null: radiosondeSerialNumber = "M0430535"
USED Footer Element non-null: radiosondeSerialNumber = "M0430536"
USED Footer Element non-null: radiosondeSerialNumber = "M0430537"
USED Footer Element non-null: radiosondeSerialNumber = "M0430538"
USED Footer Element non-null: radiosondeSerialNumber = "M0430539"
USED Footer Element non-null: radiosondeSerialNumber = "M0430540"
USED Footer Element non-null: radiosondeSerialNumber = "M0430555"
USED Footer Element non-null: radiosondeSerialNumber = "M0430567"
USED Footer Element non-null: radiosondeSerialNumber = "M0430568"
USED Footer Element non-null: radiosondeSerialNumber = "M0430569"
USED Footer Element non-null: radiosondeSerialNumber = "M0430570"
USED Footer Element non-null: radiosondeSerialNumber = "M0430583"
USED Footer Element non-null: radiosondeSerialNumber = "M0430584"
USED Footer Element non-null: radiosondeSerialNumber = "M0430585"
USED Footer Element non-null: radiosondeSerialNumber = "M0430586"
USED Footer Element non-null: radiosondeSerialNumber = "M0430587"
USED Footer Element non-null: radiosondeSerialNumber = "M0430588"
USED Footer Element non-null: radiosondeSerialNumber = "M0430589"
USED Footer Element non-null: radiosondeSerialNumber = "M0430590"
USED Footer Element non-null: radiosondeSerialNumber = "M0430591"
USED Footer Element non-null: radiosondeSerialNumber = "M0430592"
USED Footer Element non-null: radiosondeSerialNumber = "M0430593"
USED Footer Element non-null: radiosondeSerialNumber = "M0430594"
USED Footer Element non-null: radiosondeSerialNumber = "M0720252"
USED Footer Element non-null: radiosondeSerialNumber = "M1120108"
USED Footer Element non-null: radiosondeSerialNumber = "M1120130"
USED Footer Element non-null: radiosondeSerialNumber = "M1120131"
USED Footer Element non-null: radiosondeSerialNumber = "M1120133"
USED Footer Element non-null: radiosondeSerialNumber = "M1120134"
USED Footer Element non-null: radiosondeSerialNumber = "M1120136"
USED Footer Element non-null: radiosondeSerialNumber = "M1120138"
USED Footer Element non-null: radiosondeSerialNumber = "M1120139"
USED Footer Element non-null: radiosondeSerialNumber = "M1120144"
USED Footer Element non-null: radiosondeSerialNumber = "M1140327"
USED Footer Element non-null: radiosondeSerialNumber = "M2310047"
USED Footer Element non-null: radiosondeSerialNumber = "M2310048"
USED Footer Element non-null: radiosondeSerialNumber = "M2310050"
USED Footer Element non-null: radiosondeSerialNumber = "M2310239"
