 GoodGeopotentialHeight= 0, 		 nullGeopotentialHeight= 0, 		 allGeopotentialHeight= 0
 GoodNonCoordinateGeopotentialHeight= 1020, nullNonCoordinateGeopotentialHeight= 0, allNonCoordinateGeopotentialHeight= 1020
 GoodNonCoordinateGeopotentialHeight= 1051, nullNonCoordinateGeopotentialHeight= 0, allNonCoordinateGeopotentialHeight= 1051
 GoodNonCoordinateGeopotentialHeight= 1066, nullNonCoordinateGeopotentialHeight= 0, allNonCoordinateGeopotentialHeight= 1066
 GoodNonCoordinateGeopotentialHeight= 1095, nullNonCoordinateGeopotentialHeight= 0, allNonCoordinateGeopotentialHeight= 1095
 GoodNonCoordinateGeopotentialHeight= 1103, nullNonCoordinateGeopotentialHeight= 0, allNonCoordinateGeopotentialHeight= 1103
 GoodNonCoordinateGeopotentialHeight= 1115, nullNonCoordinateGeopotentialHeight= 0, allNonCoordinateGeopotentialHeight= 1115
 GoodNonCoordinateGeopotentialHeight= 1147, nullNonCoordinateGeopotentialHeight= 0, allNonCoordinateGeopotentialHeight= 1147
 GoodNonCoordinateGeopotentialHeight= 1163, nullNonCoordinateGeopotentialHeight= 0, allNonCoordinateGeopotentialHeight= 1163
 GoodNonCoordinateGeopotentialHeight= 1215, nullNonCoordinateGeopotentialHeight= 0, allNonCoordinateGeopotentialHeight= 1215
 GoodNonCoordinateGeopotentialHeight= 1256, nullNonCoordinateGeopotentialHeight= 0, allNonCoordinateGeopotentialHeight= 1256
 GoodNonCoordinateGeopotentialHeight= 1262, nullNonCoordinateGeopotentialHeight= 0, allNonCoordinateGeopotentialHeight= 1262
 GoodNonCoordinateGeopotentialHeight= 1275, nullNonCoordinateGeopotentialHeight= 0, allNonCoordinateGeopotentialHeight= 1275
 GoodNonCoordinateGeopotentialHeight= 1276, nullNonCoordinateGeopotentialHeight= 0, allNonCoordinateGeopotentialHeight= 1276
 GoodNonCoordinateGeopotentialHeight= 1283, nullNonCoordinateGeopotentialHeight= 0, allNonCoordinateGeopotentialHeight= 1283
 GoodNonCoordinateGeopotentialHeight= 1286, nullNonCoordinateGeopotentialHeight= 0, allNonCoordinateGeopotentialHeight= 1286
 GoodNonCoordinateGeopotentialHeight= 1294, nullNonCoordinateGeopotentialHeight= 0, allNonCoordinateGeopotentialHeight= 1294
 GoodNonCoordinateGeopotentialHeight= 1317, nullNonCoordinateGeopotentialHeight= 0, allNonCoordinateGeopotentialHeight= 1317
 GoodNonCoordinateGeopotentialHeight= 1345, nullNonCoordinateGeopotentialHeight= 0, allNonCoordinateGeopotentialHeight= 1345
 GoodNonCoordinateGeopotentialHeight= 1376, nullNonCoordinateGeopotentialHeight= 0, allNonCoordinateGeopotentialHeight= 1376
 GoodNonCoordinateGeopotentialHeight= 1419, nullNonCoordinateGeopotentialHeight= 0, allNonCoordinateGeopotentialHeight= 1419
 GoodNonCoordinateGeopotentialHeight= 1450, nullNonCoordinateGeopotentialHeight= 0, allNonCoordinateGeopotentialHeight= 1450
 GoodNonCoordinateGeopotentialHeight= 1461, nullNonCoordinateGeopotentialHeight= 0, allNonCoordinateGeopotentialHeight= 1461
 GoodNonCoordinateGeopotentialHeight= 1466, nullNonCoordinateGeopotentialHeight= 0, allNonCoordinateGeopotentialHeight= 1466
 GoodNonCoordinateGeopotentialHeight= 1473, nullNonCoordinateGeopotentialHeight= 0, allNonCoordinateGeopotentialHeight= 1473
 GoodNonCoordinateGeopotentialHeight= 1497, nullNonCoordinateGeopotentialHeight= 0, allNonCoordinateGeopotentialHeight= 1497
 GoodNonCoordinateGeopotentialHeight= 1503, nullNonCoordinateGeopotentialHeight= 0, allNonCoordinateGeopotentialHeight= 1503
 GoodNonCoordinateGeopotentialHeight= 1510, nullNonCoordinateGeopotentialHeight= 0, allNonCoordinateGeopotentialHeight= 1510
 GoodNonCoordinateGeopotentialHeight= 1513, nullNonCoordinateGeopotentialHeight= 0, allNonCoordinateGeopotentialHeight= 1513
 GoodNonCoordinateGeopotentialHeight= 1516, nullNonCoordinateGeopotentialHeight= 0, allNonCoordinateGeopotentialHeight= 1516
 GoodNonCoordinateGeopotentialHeight= 1521, nullNonCoordinateGeopotentialHeight= 0, allNonCoordinateGeopotentialHeight= 1521
 GoodNonCoordinateGeopotentialHeight= 1527, nullNonCoordinateGeopotentialHeight= 0, allNonCoordinateGeopotentialHeight= 1527
 GoodNonCoordinateGeopotentialHeight= 1537, nullNonCoordinateGeopotentialHeight= 0, allNonCoordinateGeopotentialHeight= 1537
 GoodNonCoordinateGeopotentialHeight= 1542, nullNonCoordinateGeopotentialHeight= 0, allNonCoordinateGeopotentialHeight= 1542
 GoodNonCoordinateGeopotentialHeight= 1549, nullNonCoordinateGeopotentialHeight= 0, allNonCoordinateGeopotentialHeight= 1549
 GoodNonCoordinateGeopotentialHeight= 1559, nullNonCoordinateGeopotentialHeight= 0, allNonCoordinateGeopotentialHeight= 1559
 GoodNonCoordinateGeopotentialHeight= 1560, nullNonCoordinateGeopotentialHeight= 0, allNonCoordinateGeopotentialHeight= 1560
 GoodNonCoordinateGeopotentialHeight= 1575, nullNonCoordinateGeopotentialHeight= 0, allNonCoordinateGeopotentialHeight= 1575
 GoodNonCoordinateGeopotentialHeight= 1585, nullNonCoordinateGeopotentialHeight= 0, allNonCoordinateGeopotentialHeight= 1585
 GoodNonCoordinateGeopotentialHeight= 1591, nullNonCoordinateGeopotentialHeight= 0, allNonCoordinateGeopotentialHeight= 1591
 GoodNonCoordinateGeopotentialHeight= 1622, nullNonCoordinateGeopotentialHeight= 0, allNonCoordinateGeopotentialHeight= 1622
 GoodNonCoordinateGeopotentialHeight= 1624, nullNonCoordinateGeopotentialHeight= 0, allNonCoordinateGeopotentialHeight= 1624
 GoodNonCoordinateGeopotentialHeight= 1626, nullNonCoordinateGeopotentialHeight= 0, allNonCoordinateGeopotentialHeight= 1626
 GoodNonCoordinateGeopotentialHeight= 1636, nullNonCoordinateGeopotentialHeight= 0, allNonCoordinateGeopotentialHeight= 1636
 GoodNonCoordinateGeopotentialHeight= 1648, nullNonCoordinateGeopotentialHeight= 0, allNonCoordinateGeopotentialHeight= 1648
 GoodNonCoordinateGeopotentialHeight= 1654, nullNonCoordinateGeopotentialHeight= 0, allNonCoordinateGeopotentialHeight= 1654
 GoodNonCoordinateGeopotentialHeight= 1669, nullNonCoordinateGeopotentialHeight= 0, allNonCoordinateGeopotentialHeight= 1669
 GoodNonCoordinateGeopotentialHeight= 1699, nullNonCoordinateGeopotentialHeight= 0, allNonCoordinateGeopotentialHeight= 1699
 GoodNonCoordinateGeopotentialHeight= 1727, nullNonCoordinateGeopotentialHeight= 0, allNonCoordinateGeopotentialHeight= 1727
 GoodNonCoordinateGeopotentialHeight= 1746, nullNonCoordinateGeopotentialHeight= 0, allNonCoordinateGeopotentialHeight= 1746
 GoodNonCoordinateGeopotentialHeight= 1750, nullNonCoordinateGeopotentialHeight= 0, allNonCoordinateGeopotentialHeight= 1750
 GoodNonCoordinateGeopotentialHeight= 1758, nullNonCoordinateGeopotentialHeight= 0, allNonCoordinateGeopotentialHeight= 1758
 GoodNonCoordinateGeopotentialHeight= 1773, nullNonCoordinateGeopotentialHeight= 0, allNonCoordinateGeopotentialHeight= 1773
 GoodNonCoordinateGeopotentialHeight= 1791, nullNonCoordinateGeopotentialHeight= 0, allNonCoordinateGeopotentialHeight= 1791
 GoodNonCoordinateGeopotentialHeight= 1794, nullNonCoordinateGeopotentialHeight= 0, allNonCoordinateGeopotentialHeight= 1794
 GoodNonCoordinateGeopotentialHeight= 1815, nullNonCoordinateGeopotentialHeight= 0, allNonCoordinateGeopotentialHeight= 1815
 GoodNonCoordinateGeopotentialHeight= 1818, nullNonCoordinateGeopotentialHeight= 0, allNonCoordinateGeopotentialHeight= 1818
 GoodNonCoordinateGeopotentialHeight= 1826, nullNonCoordinateGeopotentialHeight= 0, allNonCoordinateGeopotentialHeight= 1826
 GoodNonCoordinateGeopotentialHeight= 1834, nullNonCoordinateGeopotentialHeight= 0, allNonCoordinateGeopotentialHeight= 1834
 GoodNonCoordinateGeopotentialHeight= 1838, nullNonCoordinateGeopotentialHeight= 0, allNonCoordinateGeopotentialHeight= 1838
 GoodNonCoordinateGeopotentialHeight= 1866, nullNonCoordinateGeopotentialHeight= 0, allNonCoordinateGeopotentialHeight= 1866
 GoodNonCoordinateGeopotentialHeight= 1879, nullNonCoordinateGeopotentialHeight= 0, allNonCoordinateGeopotentialHeight= 1879
 GoodNonCoordinateGeopotentialHeight= 1881, nullNonCoordinateGeopotentialHeight= 0, allNonCoordinateGeopotentialHeight= 1881
 GoodNonCoordinateGeopotentialHeight= 1917, nullNonCoordinateGeopotentialHeight= 0, allNonCoordinateGeopotentialHeight= 1917
 GoodNonCoordinateGeopotentialHeight= 1921, nullNonCoordinateGeopotentialHeight= 0, allNonCoordinateGeopotentialHeight= 1921
 GoodNonCoordinateGeopotentialHeight= 1928, nullNonCoordinateGeopotentialHeight= 0, allNonCoordinateGeopotentialHeight= 1928
 GoodNonCoordinateGeopotentialHeight= 1933, nullNonCoordinateGeopotentialHeight= 0, allNonCoordinateGeopotentialHeight= 1933
 GoodNonCoordinateGeopotentialHeight= 1972, nullNonCoordinateGeopotentialHeight= 0, allNonCoordinateGeopotentialHeight= 1972
 GoodNonCoordinateGeopotentialHeight= 1997, nullNonCoordinateGeopotentialHeight= 0, allNonCoordinateGeopotentialHeight= 1997
 GoodNonCoordinateGeopotentialHeight= 2001, nullNonCoordinateGeopotentialHeight= 0, allNonCoordinateGeopotentialHeight= 2001
 GoodNonCoordinateGeopotentialHeight= 2005, nullNonCoordinateGeopotentialHeight= 0, allNonCoordinateGeopotentialHeight= 2005
 GoodNonCoordinateGeopotentialHeight= 2010, nullNonCoordinateGeopotentialHeight= 0, allNonCoordinateGeopotentialHeight= 2010
 GoodNonCoordinateGeopotentialHeight= 2028, nullNonCoordinateGeopotentialHeight= 0, allNonCoordinateGeopotentialHeight= 2028
 GoodNonCoordinateGeopotentialHeight= 2039, nullNonCoordinateGeopotentialHeight= 0, allNonCoordinateGeopotentialHeight= 2039
 GoodNonCoordinateGeopotentialHeight= 2054, nullNonCoordinateGeopotentialHeight= 0, allNonCoordinateGeopotentialHeight= 2054
 GoodNonCoordinateGeopotentialHeight= 2078, nullNonCoordinateGeopotentialHeight= 0, allNonCoordinateGeopotentialHeight= 2078
 GoodNonCoordinateGeopotentialHeight= 2082, nullNonCoordinateGeopotentialHeight= 0, allNonCoordinateGeopotentialHeight= 2082
 GoodNonCoordinateGeopotentialHeight= 2088, nullNonCoordinateGeopotentialHeight= 0, allNonCoordinateGeopotentialHeight= 2088
 GoodNonCoordinateGeopotentialHeight= 2098, nullNonCoordinateGeopotentialHeight= 0, allNonCoordinateGeopotentialHeight= 2098
 GoodNonCoordinateGeopotentialHeight= 2102, nullNonCoordinateGeopotentialHeight= 0, allNonCoordinateGeopotentialHeight= 2102
 GoodNonCoordinateGeopotentialHeight= 2104, nullNonCoordinateGeopotentialHeight= 0, allNonCoordinateGeopotentialHeight= 2104
 GoodNonCoordinateGeopotentialHeight= 2106, nullNonCoordinateGeopotentialHeight= 0, allNonCoordinateGeopotentialHeight= 2106
 GoodNonCoordinateGeopotentialHeight= 2107, nullNonCoordinateGeopotentialHeight= 0, allNonCoordinateGeopotentialHeight= 2107
 GoodNonCoordinateGeopotentialHeight= 2114, nullNonCoordinateGeopotentialHeight= 0, allNonCoordinateGeopotentialHeight= 2114
 GoodNonCoordinateGeopotentialHeight= 2116, nullNonCoordinateGeopotentialHeight= 0, allNonCoordinateGeopotentialHeight= 2116
 GoodNonCoordinateGeopotentialHeight= 2120, nullNonCoordinateGeopotentialHeight= 0, allNonCoordinateGeopotentialHeight= 2120
 GoodNonCoordinateGeopotentialHeight= 2121, nullNonCoordinateGeopotentialHeight= 0, allNonCoordinateGeopotentialHeight= 2121
 GoodNonCoordinateGeopotentialHeight= 2122, nullNonCoordinateGeopotentialHeight= 0, allNonCoordinateGeopotentialHeight= 2122
 GoodNonCoordinateGeopotentialHeight= 2124, nullNonCoordinateGeopotentialHeight= 0, allNonCoordinateGeopotentialHeight= 2124
 GoodNonCoordinateGeopotentialHeight= 2130, nullNonCoordinateGeopotentialHeight= 0, allNonCoordinateGeopotentialHeight= 2130
 GoodNonCoordinateGeopotentialHeight= 2138, nullNonCoordinateGeopotentialHeight= 0, allNonCoordinateGeopotentialHeight= 2138
 GoodNonCoordinateGeopotentialHeight= 2142, nullNonCoordinateGeopotentialHeight= 0, allNonCoordinateGeopotentialHeight= 2142
 GoodNonCoordinateGeopotentialHeight= 2146, nullNonCoordinateGeopotentialHeight= 0, allNonCoordinateGeopotentialHeight= 2146
 GoodNonCoordinateGeopotentialHeight= 2152, nullNonCoordinateGeopotentialHeight= 0, allNonCoordinateGeopotentialHeight= 2152
 GoodNonCoordinateGeopotentialHeight= 2154, nullNonCoordinateGeopotentialHeight= 0, allNonCoordinateGeopotentialHeight= 2154
 GoodNonCoordinateGeopotentialHeight= 2155, nullNonCoordinateGeopotentialHeight= 0, allNonCoordinateGeopotentialHeight= 2155
 GoodNonCoordinateGeopotentialHeight= 2157, nullNonCoordinateGeopotentialHeight= 0, allNonCoordinateGeopotentialHeight= 2157
 GoodNonCoordinateGeopotentialHeight= 2165, nullNonCoordinateGeopotentialHeight= 0, allNonCoordinateGeopotentialHeight= 2165
 GoodNonCoordinateGeopotentialHeight= 2167, nullNonCoordinateGeopotentialHeight= 0, allNonCoordinateGeopotentialHeight= 2167
 GoodNonCoordinateGeopotentialHeight= 2168, nullNonCoordinateGeopotentialHeight= 0, allNonCoordinateGeopotentialHeight= 2168
 GoodNonCoordinateGeopotentialHeight= 2170, nullNonCoordinateGeopotentialHeight= 0, allNonCoordinateGeopotentialHeight= 2170
 GoodNonCoordinateGeopotentialHeight= 2171, nullNonCoordinateGeopotentialHeight= 0, allNonCoordinateGeopotentialHeight= 2171
 GoodNonCoordinateGeopotentialHeight= 2173, nullNonCoordinateGeopotentialHeight= 0, allNonCoordinateGeopotentialHeight= 2173
 GoodNonCoordinateGeopotentialHeight= 2175, nullNonCoordinateGeopotentialHeight= 0, allNonCoordinateGeopotentialHeight= 2175
 GoodNonCoordinateGeopotentialHeight= 2178, nullNonCoordinateGeopotentialHeight= 0, allNonCoordinateGeopotentialHeight= 2178
 GoodNonCoordinateGeopotentialHeight= 2183, nullNonCoordinateGeopotentialHeight= 0, allNonCoordinateGeopotentialHeight= 2183
 GoodNonCoordinateGeopotentialHeight= 2184, nullNonCoordinateGeopotentialHeight= 0, allNonCoordinateGeopotentialHeight= 2184
 GoodNonCoordinateGeopotentialHeight= 2185, nullNonCoordinateGeopotentialHeight= 0, allNonCoordinateGeopotentialHeight= 2185
 GoodNonCoordinateGeopotentialHeight= 2186, nullNonCoordinateGeopotentialHeight= 0, allNonCoordinateGeopotentialHeight= 2186
 GoodNonCoordinateGeopotentialHeight= 2192, nullNonCoordinateGeopotentialHeight= 0, allNonCoordinateGeopotentialHeight= 2192
 GoodNonCoordinateGeopotentialHeight= 2194, nullNonCoordinateGeopotentialHeight= 0, allNonCoordinateGeopotentialHeight= 2194
 GoodNonCoordinateGeopotentialHeight= 2197, nullNonCoordinateGeopotentialHeight= 0, allNonCoordinateGeopotentialHeight= 2197
 GoodNonCoordinateGeopotentialHeight= 2198, nullNonCoordinateGeopotentialHeight= 0, allNonCoordinateGeopotentialHeight= 2198
 GoodNonCoordinateGeopotentialHeight= 2199, nullNonCoordinateGeopotentialHeight= 0, allNonCoordinateGeopotentialHeight= 2199
 GoodNonCoordinateGeopotentialHeight= 2200, nullNonCoordinateGeopotentialHeight= 0, allNonCoordinateGeopotentialHeight= 2200
 GoodNonCoordinateGeopotentialHeight= 2201, nullNonCoordinateGeopotentialHeight= 0, allNonCoordinateGeopotentialHeight= 2201
 GoodNonCoordinateGeopotentialHeight= 2202, nullNonCoordinateGeopotentialHeight= 0, allNonCoordinateGeopotentialHeight= 2202
 GoodNonCoordinateGeopotentialHeight= 2203, nullNonCoordinateGeopotentialHeight= 0, allNonCoordinateGeopotentialHeight= 2203
 GoodNonCoordinateGeopotentialHeight= 2205, nullNonCoordinateGeopotentialHeight= 0, allNonCoordinateGeopotentialHeight= 2205
 GoodNonCoordinateGeopotentialHeight= 2209, nullNonCoordinateGeopotentialHeight= 0, allNonCoordinateGeopotentialHeight= 2209
 GoodNonCoordinateGeopotentialHeight= 2210, nullNonCoordinateGeopotentialHeight= 0, allNonCoordinateGeopotentialHeight= 2210
 GoodNonCoordinateGeopotentialHeight= 2213, nullNonCoordinateGeopotentialHeight= 0, allNonCoordinateGeopotentialHeight= 2213
 GoodNonCoordinateGeopotentialHeight= 2215, nullNonCoordinateGeopotentialHeight= 0, allNonCoordinateGeopotentialHeight= 2215
 GoodNonCoordinateGeopotentialHeight= 2217, nullNonCoordinateGeopotentialHeight= 0, allNonCoordinateGeopotentialHeight= 2217
 GoodNonCoordinateGeopotentialHeight= 2218, nullNonCoordinateGeopotentialHeight= 0, allNonCoordinateGeopotentialHeight= 2218
 GoodNonCoordinateGeopotentialHeight= 2219, nullNonCoordinateGeopotentialHeight= 0, allNonCoordinateGeopotentialHeight= 2219
 GoodNonCoordinateGeopotentialHeight= 2220, nullNonCoordinateGeopotentialHeight= 0, allNonCoordinateGeopotentialHeight= 2220
 GoodNonCoordinateGeopotentialHeight= 2222, nullNonCoordinateGeopotentialHeight= 0, allNonCoordinateGeopotentialHeight= 2222
 GoodNonCoordinateGeopotentialHeight= 2223, nullNonCoordinateGeopotentialHeight= 0, allNonCoordinateGeopotentialHeight= 2223
 GoodNonCoordinateGeopotentialHeight= 2224, nullNonCoordinateGeopotentialHeight= 0, allNonCoordinateGeopotentialHeight= 2224
 GoodNonCoordinateGeopotentialHeight= 2225, nullNonCoordinateGeopotentialHeight= 0, allNonCoordinateGeopotentialHeight= 2225
 GoodNonCoordinateGeopotentialHeight= 2226, nullNonCoordinateGeopotentialHeight= 0, allNonCoordinateGeopotentialHeight= 2226
 GoodNonCoordinateGeopotentialHeight= 2228, nullNonCoordinateGeopotentialHeight= 0, allNonCoordinateGeopotentialHeight= 2228
 GoodNonCoordinateGeopotentialHeight= 2229, nullNonCoordinateGeopotentialHeight= 0, allNonCoordinateGeopotentialHeight= 2229
 GoodNonCoordinateGeopotentialHeight= 2230, nullNonCoordinateGeopotentialHeight= 0, allNonCoordinateGeopotentialHeight= 2230
 GoodNonCoordinateGeopotentialHeight= 2234, nullNonCoordinateGeopotentialHeight= 0, allNonCoordinateGeopotentialHeight= 2234
 GoodNonCoordinateGeopotentialHeight= 2236, nullNonCoordinateGeopotentialHeight= 0, allNonCoordinateGeopotentialHeight= 2236
 GoodNonCoordinateGeopotentialHeight= 2237, nullNonCoordinateGeopotentialHeight= 0, allNonCoordinateGeopotentialHeight= 2237
 GoodNonCoordinateGeopotentialHeight= 2238, nullNonCoordinateGeopotentialHeight= 0, allNonCoordinateGeopotentialHeight= 2238
 GoodNonCoordinateGeopotentialHeight= 2241, nullNonCoordinateGeopotentialHeight= 0, allNonCoordinateGeopotentialHeight= 2241
 GoodNonCoordinateGeopotentialHeight= 2242, nullNonCoordinateGeopotentialHeight= 0, allNonCoordinateGeopotentialHeight= 2242
 GoodNonCoordinateGeopotentialHeight= 2244, nullNonCoordinateGeopotentialHeight= 0, allNonCoordinateGeopotentialHeight= 2244
 GoodNonCoordinateGeopotentialHeight= 2246, nullNonCoordinateGeopotentialHeight= 0, allNonCoordinateGeopotentialHeight= 2246
 GoodNonCoordinateGeopotentialHeight= 2247, nullNonCoordinateGeopotentialHeight= 0, allNonCoordinateGeopotentialHeight= 2247
 GoodNonCoordinateGeopotentialHeight= 2250, nullNonCoordinateGeopotentialHeight= 0, allNonCoordinateGeopotentialHeight= 2250
 GoodNonCoordinateGeopotentialHeight= 2253, nullNonCoordinateGeopotentialHeight= 0, allNonCoordinateGeopotentialHeight= 2253
 GoodNonCoordinateGeopotentialHeight= 2254, nullNonCoordinateGeopotentialHeight= 0, allNonCoordinateGeopotentialHeight= 2254
 GoodNonCoordinateGeopotentialHeight= 2256, nullNonCoordinateGeopotentialHeight= 0, allNonCoordinateGeopotentialHeight= 2256
 GoodNonCoordinateGeopotentialHeight= 2257, nullNonCoordinateGeopotentialHeight= 0, allNonCoordinateGeopotentialHeight= 2257
 GoodNonCoordinateGeopotentialHeight= 2261, nullNonCoordinateGeopotentialHeight= 0, allNonCoordinateGeopotentialHeight= 2261
 GoodNonCoordinateGeopotentialHeight= 2262, nullNonCoordinateGeopotentialHeight= 0, allNonCoordinateGeopotentialHeight= 2262
 GoodNonCoordinateGeopotentialHeight= 2264, nullNonCoordinateGeopotentialHeight= 0, allNonCoordinateGeopotentialHeight= 2264
 GoodNonCoordinateGeopotentialHeight= 2265, nullNonCoordinateGeopotentialHeight= 0, allNonCoordinateGeopotentialHeight= 2265
 GoodNonCoordinateGeopotentialHeight= 2268, nullNonCoordinateGeopotentialHeight= 0, allNonCoordinateGeopotentialHeight= 2268
 GoodNonCoordinateGeopotentialHeight= 2269, nullNonCoordinateGeopotentialHeight= 0, allNonCoordinateGeopotentialHeight= 2269
 GoodNonCoordinateGeopotentialHeight= 2270, nullNonCoordinateGeopotentialHeight= 0, allNonCoordinateGeopotentialHeight= 2270
 GoodNonCoordinateGeopotentialHeight= 2271, nullNonCoordinateGeopotentialHeight= 0, allNonCoordinateGeopotentialHeight= 2271
 GoodNonCoordinateGeopotentialHeight= 2273, nullNonCoordinateGeopotentialHeight= 0, allNonCoordinateGeopotentialHeight= 2273
 GoodNonCoordinateGeopotentialHeight= 2274, nullNonCoordinateGeopotentialHeight= 0, allNonCoordinateGeopotentialHeight= 2274
 GoodNonCoordinateGeopotentialHeight= 2276, nullNonCoordinateGeopotentialHeight= 0, allNonCoordinateGeopotentialHeight= 2276
 GoodNonCoordinateGeopotentialHeight= 2281, nullNonCoordinateGeopotentialHeight= 0, allNonCoordinateGeopotentialHeight= 2281
 GoodNonCoordinateGeopotentialHeight= 2283, nullNonCoordinateGeopotentialHeight= 0, allNonCoordinateGeopotentialHeight= 2283
 GoodNonCoordinateGeopotentialHeight= 2284, nullNonCoordinateGeopotentialHeight= 0, allNonCoordinateGeopotentialHeight= 2284
 GoodNonCoordinateGeopotentialHeight= 2286, nullNonCoordinateGeopotentialHeight= 0, allNonCoordinateGeopotentialHeight= 2286
 GoodNonCoordinateGeopotentialHeight= 2287, nullNonCoordinateGeopotentialHeight= 0, allNonCoordinateGeopotentialHeight= 2287
 GoodNonCoordinateGeopotentialHeight= 2289, nullNonCoordinateGeopotentialHeight= 0, allNonCoordinateGeopotentialHeight= 2289
 GoodNonCoordinateGeopotentialHeight= 2290, nullNonCoordinateGeopotentialHeight= 0, allNonCoordinateGeopotentialHeight= 2290
 GoodNonCoordinateGeopotentialHeight= 2291, nullNonCoordinateGeopotentialHeight= 0, allNonCoordinateGeopotentialHeight= 2291
 GoodNonCoordinateGeopotentialHeight= 2292, nullNonCoordinateGeopotentialHeight= 0, allNonCoordinateGeopotentialHeight= 2292
 GoodNonCoordinateGeopotentialHeight= 2293, nullNonCoordinateGeopotentialHeight= 0, allNonCoordinateGeopotentialHeight= 2293
 GoodNonCoordinateGeopotentialHeight= 2294, nullNonCoordinateGeopotentialHeight= 0, allNonCoordinateGeopotentialHeight= 2294
 GoodNonCoordinateGeopotentialHeight= 2299, nullNonCoordinateGeopotentialHeight= 0, allNonCoordinateGeopotentialHeight= 2299
 GoodNonCoordinateGeopotentialHeight= 2300, nullNonCoordinateGeopotentialHeight= 0, allNonCoordinateGeopotentialHeight= 2300
 GoodNonCoordinateGeopotentialHeight= 2302, nullNonCoordinateGeopotentialHeight= 0, allNonCoordinateGeopotentialHeight= 2302
 GoodNonCoordinateGeopotentialHeight= 2312, nullNonCoordinateGeopotentialHeight= 0, allNonCoordinateGeopotentialHeight= 2312
 GoodNonCoordinateGeopotentialHeight= 2313, nullNonCoordinateGeopotentialHeight= 0, allNonCoordinateGeopotentialHeight= 2313
 GoodNonCoordinateGeopotentialHeight= 2314, nullNonCoordinateGeopotentialHeight= 0, allNonCoordinateGeopotentialHeight= 2314
 GoodNonCoordinateGeopotentialHeight= 2315, nullNonCoordinateGeopotentialHeight= 0, allNonCoordinateGeopotentialHeight= 2315
 GoodNonCoordinateGeopotentialHeight= 2316, nullNonCoordinateGeopotentialHeight= 0, allNonCoordinateGeopotentialHeight= 2316
 GoodNonCoordinateGeopotentialHeight= 2317, nullNonCoordinateGeopotentialHeight= 0, allNonCoordinateGeopotentialHeight= 2317
 GoodNonCoordinateGeopotentialHeight= 2319, nullNonCoordinateGeopotentialHeight= 0, allNonCoordinateGeopotentialHeight= 2319
 GoodNonCoordinateGeopotentialHeight= 2321, nullNonCoordinateGeopotentialHeight= 0, allNonCoordinateGeopotentialHeight= 2321
 GoodNonCoordinateGeopotentialHeight= 2324, nullNonCoordinateGeopotentialHeight= 0, allNonCoordinateGeopotentialHeight= 2324
 GoodNonCoordinateGeopotentialHeight= 2325, nullNonCoordinateGeopotentialHeight= 0, allNonCoordinateGeopotentialHeight= 2325
 GoodNonCoordinateGeopotentialHeight= 2327, nullNonCoordinateGeopotentialHeight= 0, allNonCoordinateGeopotentialHeight= 2327
 GoodNonCoordinateGeopotentialHeight= 2328, nullNonCoordinateGeopotentialHeight= 0, allNonCoordinateGeopotentialHeight= 2328
 GoodNonCoordinateGeopotentialHeight= 2329, nullNonCoordinateGeopotentialHeight= 0, allNonCoordinateGeopotentialHeight= 2329
 GoodNonCoordinateGeopotentialHeight= 2330, nullNonCoordinateGeopotentialHeight= 0, allNonCoordinateGeopotentialHeight= 2330
 GoodNonCoordinateGeopotentialHeight= 2332, nullNonCoordinateGeopotentialHeight= 0, allNonCoordinateGeopotentialHeight= 2332
 GoodNonCoordinateGeopotentialHeight= 2334, nullNonCoordinateGeopotentialHeight= 0, allNonCoordinateGeopotentialHeight= 2334
 GoodNonCoordinateGeopotentialHeight= 2336, nullNonCoordinateGeopotentialHeight= 0, allNonCoordinateGeopotentialHeight= 2336
 GoodNonCoordinateGeopotentialHeight= 2337, nullNonCoordinateGeopotentialHeight= 0, allNonCoordinateGeopotentialHeight= 2337
 GoodNonCoordinateGeopotentialHeight= 2338, nullNonCoordinateGeopotentialHeight= 0, allNonCoordinateGeopotentialHeight= 2338
 GoodNonCoordinateGeopotentialHeight= 2339, nullNonCoordinateGeopotentialHeight= 0, allNonCoordinateGeopotentialHeight= 2339
 GoodNonCoordinateGeopotentialHeight= 2340, nullNonCoordinateGeopotentialHeight= 0, allNonCoordinateGeopotentialHeight= 2340
 GoodNonCoordinateGeopotentialHeight= 2346, nullNonCoordinateGeopotentialHeight= 0, allNonCoordinateGeopotentialHeight= 2346
 GoodNonCoordinateGeopotentialHeight= 2347, nullNonCoordinateGeopotentialHeight= 0, allNonCoordinateGeopotentialHeight= 2347
 GoodNonCoordinateGeopotentialHeight= 2348, nullNonCoordinateGeopotentialHeight= 0, allNonCoordinateGeopotentialHeight= 2348
 GoodNonCoordinateGeopotentialHeight= 2351, nullNonCoordinateGeopotentialHeight= 0, allNonCoordinateGeopotentialHeight= 2351
 GoodNonCoordinateGeopotentialHeight= 2353, nullNonCoordinateGeopotentialHeight= 0, allNonCoordinateGeopotentialHeight= 2353
 GoodNonCoordinateGeopotentialHeight= 2354, nullNonCoordinateGeopotentialHeight= 0, allNonCoordinateGeopotentialHeight= 2354
 GoodNonCoordinateGeopotentialHeight= 2355, nullNonCoordinateGeopotentialHeight= 0, allNonCoordinateGeopotentialHeight= 2355
 GoodNonCoordinateGeopotentialHeight= 2356, nullNonCoordinateGeopotentialHeight= 0, allNonCoordinateGeopotentialHeight= 2356
 GoodNonCoordinateGeopotentialHeight= 2358, nullNonCoordinateGeopotentialHeight= 0, allNonCoordinateGeopotentialHeight= 2358
 GoodNonCoordinateGeopotentialHeight= 2362, nullNonCoordinateGeopotentialHeight= 0, allNonCoordinateGeopotentialHeight= 2362
 GoodNonCoordinateGeopotentialHeight= 2363, nullNonCoordinateGeopotentialHeight= 0, allNonCoordinateGeopotentialHeight= 2363
 GoodNonCoordinateGeopotentialHeight= 2366, nullNonCoordinateGeopotentialHeight= 0, allNonCoordinateGeopotentialHeight= 2366
 GoodNonCoordinateGeopotentialHeight= 2367, nullNonCoordinateGeopotentialHeight= 0, allNonCoordinateGeopotentialHeight= 2367
 GoodNonCoordinateGeopotentialHeight= 2368, nullNonCoordinateGeopotentialHeight= 0, allNonCoordinateGeopotentialHeight= 2368
 GoodNonCoordinateGeopotentialHeight= 2369, nullNonCoordinateGeopotentialHeight= 0, allNonCoordinateGeopotentialHeight= 2369
 GoodNonCoordinateGeopotentialHeight= 2370, nullNonCoordinateGeopotentialHeight= 0, allNonCoordinateGeopotentialHeight= 2370
 GoodNonCoordinateGeopotentialHeight= 2371, nullNonCoordinateGeopotentialHeight= 0, allNonCoordinateGeopotentialHeight= 2371
 GoodNonCoordinateGeopotentialHeight= 2373, nullNonCoordinateGeopotentialHeight= 0, allNonCoordinateGeopotentialHeight= 2373
 GoodNonCoordinateGeopotentialHeight= 2375, nullNonCoordinateGeopotentialHeight= 0, allNonCoordinateGeopotentialHeight= 2375
 GoodNonCoordinateGeopotentialHeight= 2377, nullNonCoordinateGeopotentialHeight= 0, allNonCoordinateGeopotentialHeight= 2377
 GoodNonCoordinateGeopotentialHeight= 2378, nullNonCoordinateGeopotentialHeight= 0, allNonCoordinateGeopotentialHeight= 2378
 GoodNonCoordinateGeopotentialHeight= 2379, nullNonCoordinateGeopotentialHeight= 0, allNonCoordinateGeopotentialHeight= 2379
 GoodNonCoordinateGeopotentialHeight= 2380, nullNonCoordinateGeopotentialHeight= 0, allNonCoordinateGeopotentialHeight= 2380
 GoodNonCoordinateGeopotentialHeight= 2383, nullNonCoordinateGeopotentialHeight= 0, allNonCoordinateGeopotentialHeight= 2383
 GoodNonCoordinateGeopotentialHeight= 2384, nullNonCoordinateGeopotentialHeight= 0, allNonCoordinateGeopotentialHeight= 2384
 GoodNonCoordinateGeopotentialHeight= 2388, nullNonCoordinateGeopotentialHeight= 0, allNonCoordinateGeopotentialHeight= 2388
 GoodNonCoordinateGeopotentialHeight= 2390, nullNonCoordinateGeopotentialHeight= 0, allNonCoordinateGeopotentialHeight= 2390
 GoodNonCoordinateGeopotentialHeight= 2392, nullNonCoordinateGeopotentialHeight= 0, allNonCoordinateGeopotentialHeight= 2392
 GoodNonCoordinateGeopotentialHeight= 2393, nullNonCoordinateGeopotentialHeight= 0, allNonCoordinateGeopotentialHeight= 2393
 GoodNonCoordinateGeopotentialHeight= 2395, nullNonCoordinateGeopotentialHeight= 0, allNonCoordinateGeopotentialHeight= 2395
 GoodNonCoordinateGeopotentialHeight= 2396, nullNonCoordinateGeopotentialHeight= 0, allNonCoordinateGeopotentialHeight= 2396
 GoodNonCoordinateGeopotentialHeight= 2397, nullNonCoordinateGeopotentialHeight= 0, allNonCoordinateGeopotentialHeight= 2397
 GoodNonCoordinateGeopotentialHeight= 2400, nullNonCoordinateGeopotentialHeight= 0, allNonCoordinateGeopotentialHeight= 2400
 GoodNonCoordinateGeopotentialHeight= 2401, nullNonCoordinateGeopotentialHeight= 0, allNonCoordinateGeopotentialHeight= 2401
 GoodNonCoordinateGeopotentialHeight= 2402, nullNonCoordinateGeopotentialHeight= 0, allNonCoordinateGeopotentialHeight= 2402
 GoodNonCoordinateGeopotentialHeight= 2403, nullNonCoordinateGeopotentialHeight= 0, allNonCoordinateGeopotentialHeight= 2403
 GoodNonCoordinateGeopotentialHeight= 2404, nullNonCoordinateGeopotentialHeight= 0, allNonCoordinateGeopotentialHeight= 2404
 GoodNonCoordinateGeopotentialHeight= 2406, nullNonCoordinateGeopotentialHeight= 0, allNonCoordinateGeopotentialHeight= 2406
 GoodNonCoordinateGeopotentialHeight= 2407, nullNonCoordinateGeopotentialHeight= 0, allNonCoordinateGeopotentialHeight= 2407
 GoodNonCoordinateGeopotentialHeight= 2408, nullNonCoordinateGeopotentialHeight= 0, allNonCoordinateGeopotentialHeight= 2408
 GoodNonCoordinateGeopotentialHeight= 2409, nullNonCoordinateGeopotentialHeight= 0, allNonCoordinateGeopotentialHeight= 2409
 GoodNonCoordinateGeopotentialHeight= 2410, nullNonCoordinateGeopotentialHeight= 0, allNonCoordinateGeopotentialHeight= 2410
 GoodNonCoordinateGeopotentialHeight= 2412, nullNonCoordinateGeopotentialHeight= 0, allNonCoordinateGeopotentialHeight= 2412
 GoodNonCoordinateGeopotentialHeight= 2414, nullNonCoordinateGeopotentialHeight= 0, allNonCoordinateGeopotentialHeight= 2414
 GoodNonCoordinateGeopotentialHeight= 2415, nullNonCoordinateGeopotentialHeight= 0, allNonCoordinateGeopotentialHeight= 2415
 GoodNonCoordinateGeopotentialHeight= 2418, nullNonCoordinateGeopotentialHeight= 0, allNonCoordinateGeopotentialHeight= 2418
 GoodNonCoordinateGeopotentialHeight= 2420, nullNonCoordinateGeopotentialHeight= 0, allNonCoordinateGeopotentialHeight= 2420
 GoodNonCoordinateGeopotentialHeight= 2421, nullNonCoordinateGeopotentialHeight= 0, allNonCoordinateGeopotentialHeight= 2421
 GoodNonCoordinateGeopotentialHeight= 2422, nullNonCoordinateGeopotentialHeight= 0, allNonCoordinateGeopotentialHeight= 2422
 GoodNonCoordinateGeopotentialHeight= 2423, nullNonCoordinateGeopotentialHeight= 0, allNonCoordinateGeopotentialHeight= 2423
 GoodNonCoordinateGeopotentialHeight= 2425, nullNonCoordinateGeopotentialHeight= 0, allNonCoordinateGeopotentialHeight= 2425
 GoodNonCoordinateGeopotentialHeight= 2426, nullNonCoordinateGeopotentialHeight= 0, allNonCoordinateGeopotentialHeight= 2426
 GoodNonCoordinateGeopotentialHeight= 2427, nullNonCoordinateGeopotentialHeight= 0, allNonCoordinateGeopotentialHeight= 2427
 GoodNonCoordinateGeopotentialHeight= 2429, nullNonCoordinateGeopotentialHeight= 0, allNonCoordinateGeopotentialHeight= 2429
 GoodNonCoordinateGeopotentialHeight= 2430, nullNonCoordinateGeopotentialHeight= 0, allNonCoordinateGeopotentialHeight= 2430
 GoodNonCoordinateGeopotentialHeight= 2431, nullNonCoordinateGeopotentialHeight= 0, allNonCoordinateGeopotentialHeight= 2431
 GoodNonCoordinateGeopotentialHeight= 2432, nullNonCoordinateGeopotentialHeight= 0, allNonCoordinateGeopotentialHeight= 2432
 GoodNonCoordinateGeopotentialHeight= 2433, nullNonCoordinateGeopotentialHeight= 0, allNonCoordinateGeopotentialHeight= 2433
 GoodNonCoordinateGeopotentialHeight= 2434, nullNonCoordinateGeopotentialHeight= 0, allNonCoordinateGeopotentialHeight= 2434
 GoodNonCoordinateGeopotentialHeight= 2435, nullNonCoordinateGeopotentialHeight= 0, allNonCoordinateGeopotentialHeight= 2435
 GoodNonCoordinateGeopotentialHeight= 2437, nullNonCoordinateGeopotentialHeight= 0, allNonCoordinateGeopotentialHeight= 2437
 GoodNonCoordinateGeopotentialHeight= 2438, nullNonCoordinateGeopotentialHeight= 0, allNonCoordinateGeopotentialHeight= 2438
 GoodNonCoordinateGeopotentialHeight= 2439, nullNonCoordinateGeopotentialHeight= 0, allNonCoordinateGeopotentialHeight= 2439
 GoodNonCoordinateGeopotentialHeight= 2440, nullNonCoordinateGeopotentialHeight= 0, allNonCoordinateGeopotentialHeight= 2440
 GoodNonCoordinateGeopotentialHeight= 2441, nullNonCoordinateGeopotentialHeight= 0, allNonCoordinateGeopotentialHeight= 2441
 GoodNonCoordinateGeopotentialHeight= 2442, nullNonCoordinateGeopotentialHeight= 0, allNonCoordinateGeopotentialHeight= 2442
 GoodNonCoordinateGeopotentialHeight= 2443, nullNonCoordinateGeopotentialHeight= 0, allNonCoordinateGeopotentialHeight= 2443
 GoodNonCoordinateGeopotentialHeight= 2444, nullNonCoordinateGeopotentialHeight= 0, allNonCoordinateGeopotentialHeight= 2444
 GoodNonCoordinateGeopotentialHeight= 2446, nullNonCoordinateGeopotentialHeight= 0, allNonCoordinateGeopotentialHeight= 2446
 GoodNonCoordinateGeopotentialHeight= 2447, nullNonCoordinateGeopotentialHeight= 0, allNonCoordinateGeopotentialHeight= 2447
 GoodNonCoordinateGeopotentialHeight= 2448, nullNonCoordinateGeopotentialHeight= 0, allNonCoordinateGeopotentialHeight= 2448
 GoodNonCoordinateGeopotentialHeight= 2451, nullNonCoordinateGeopotentialHeight= 0, allNonCoordinateGeopotentialHeight= 2451
 GoodNonCoordinateGeopotentialHeight= 2454, nullNonCoordinateGeopotentialHeight= 0, allNonCoordinateGeopotentialHeight= 2454
 GoodNonCoordinateGeopotentialHeight= 2456, nullNonCoordinateGeopotentialHeight= 0, allNonCoordinateGeopotentialHeight= 2456
 GoodNonCoordinateGeopotentialHeight= 2457, nullNonCoordinateGeopotentialHeight= 0, allNonCoordinateGeopotentialHeight= 2457
 GoodNonCoordinateGeopotentialHeight= 2458, nullNonCoordinateGeopotentialHeight= 0, allNonCoordinateGeopotentialHeight= 2458
 GoodNonCoordinateGeopotentialHeight= 2459, nullNonCoordinateGeopotentialHeight= 0, allNonCoordinateGeopotentialHeight= 2459
 GoodNonCoordinateGeopotentialHeight= 2460, nullNonCoordinateGeopotentialHeight= 0, allNonCoordinateGeopotentialHeight= 2460
 GoodNonCoordinateGeopotentialHeight= 2461, nullNonCoordinateGeopotentialHeight= 0, allNonCoordinateGeopotentialHeight= 2461
 GoodNonCoordinateGeopotentialHeight= 2462, nullNonCoordinateGeopotentialHeight= 0, allNonCoordinateGeopotentialHeight= 2462
 GoodNonCoordinateGeopotentialHeight= 2463, nullNonCoordinateGeopotentialHeight= 0, allNonCoordinateGeopotentialHeight= 2463
 GoodNonCoordinateGeopotentialHeight= 2465, nullNonCoordinateGeopotentialHeight= 0, allNonCoordinateGeopotentialHeight= 2465
 GoodNonCoordinateGeopotentialHeight= 2467, nullNonCoordinateGeopotentialHeight= 0, allNonCoordinateGeopotentialHeight= 2467
 GoodNonCoordinateGeopotentialHeight= 2468, nullNonCoordinateGeopotentialHeight= 0, allNonCoordinateGeopotentialHeight= 2468
 GoodNonCoordinateGeopotentialHeight= 2469, nullNonCoordinateGeopotentialHeight= 0, allNonCoordinateGeopotentialHeight= 2469
 GoodNonCoordinateGeopotentialHeight= 2471, nullNonCoordinateGeopotentialHeight= 0, allNonCoordinateGeopotentialHeight= 2471
 GoodNonCoordinateGeopotentialHeight= 2472, nullNonCoordinateGeopotentialHeight= 0, allNonCoordinateGeopotentialHeight= 2472
 GoodNonCoordinateGeopotentialHeight= 2473, nullNonCoordinateGeopotentialHeight= 0, allNonCoordinateGeopotentialHeight= 2473
 GoodNonCoordinateGeopotentialHeight= 2474, nullNonCoordinateGeopotentialHeight= 0, allNonCoordinateGeopotentialHeight= 2474
 GoodNonCoordinateGeopotentialHeight= 2475, nullNonCoordinateGeopotentialHeight= 0, allNonCoordinateGeopotentialHeight= 2475
 GoodNonCoordinateGeopotentialHeight= 2478, nullNonCoordinateGeopotentialHeight= 0, allNonCoordinateGeopotentialHeight= 2478
 GoodNonCoordinateGeopotentialHeight= 2479, nullNonCoordinateGeopotentialHeight= 0, allNonCoordinateGeopotentialHeight= 2479
 GoodNonCoordinateGeopotentialHeight= 2481, nullNonCoordinateGeopotentialHeight= 0, allNonCoordinateGeopotentialHeight= 2481
 GoodNonCoordinateGeopotentialHeight= 2482, nullNonCoordinateGeopotentialHeight= 0, allNonCoordinateGeopotentialHeight= 2482
 GoodNonCoordinateGeopotentialHeight= 2483, nullNonCoordinateGeopotentialHeight= 0, allNonCoordinateGeopotentialHeight= 2483
 GoodNonCoordinateGeopotentialHeight= 2484, nullNonCoordinateGeopotentialHeight= 0, allNonCoordinateGeopotentialHeight= 2484
 GoodNonCoordinateGeopotentialHeight= 2485, nullNonCoordinateGeopotentialHeight= 0, allNonCoordinateGeopotentialHeight= 2485
 GoodNonCoordinateGeopotentialHeight= 2486, nullNonCoordinateGeopotentialHeight= 0, allNonCoordinateGeopotentialHeight= 2486
 GoodNonCoordinateGeopotentialHeight= 2487, nullNonCoordinateGeopotentialHeight= 0, allNonCoordinateGeopotentialHeight= 2487
 GoodNonCoordinateGeopotentialHeight= 2488, nullNonCoordinateGeopotentialHeight= 0, allNonCoordinateGeopotentialHeight= 2488
 GoodNonCoordinateGeopotentialHeight= 2490, nullNonCoordinateGeopotentialHeight= 0, allNonCoordinateGeopotentialHeight= 2490
 GoodNonCoordinateGeopotentialHeight= 2492, nullNonCoordinateGeopotentialHeight= 0, allNonCoordinateGeopotentialHeight= 2492
 GoodNonCoordinateGeopotentialHeight= 2493, nullNonCoordinateGeopotentialHeight= 0, allNonCoordinateGeopotentialHeight= 2493
 GoodNonCoordinateGeopotentialHeight= 2494, nullNonCoordinateGeopotentialHeight= 0, allNonCoordinateGeopotentialHeight= 2494
 GoodNonCoordinateGeopotentialHeight= 2495, nullNonCoordinateGeopotentialHeight= 0, allNonCoordinateGeopotentialHeight= 2495
 GoodNonCoordinateGeopotentialHeight= 2497, nullNonCoordinateGeopotentialHeight= 0, allNonCoordinateGeopotentialHeight= 2497
 GoodNonCoordinateGeopotentialHeight= 2498, nullNonCoordinateGeopotentialHeight= 0, allNonCoordinateGeopotentialHeight= 2498
 GoodNonCoordinateGeopotentialHeight= 2499, nullNonCoordinateGeopotentialHeight= 0, allNonCoordinateGeopotentialHeight= 2499
 GoodNonCoordinateGeopotentialHeight= 2500, nullNonCoordinateGeopotentialHeight= 0, allNonCoordinateGeopotentialHeight= 2500
 GoodNonCoordinateGeopotentialHeight= 2501, nullNonCoordinateGeopotentialHeight= 0, allNonCoordinateGeopotentialHeight= 2501
 GoodNonCoordinateGeopotentialHeight= 2502, nullNonCoordinateGeopotentialHeight= 0, allNonCoordinateGeopotentialHeight= 2502
 GoodNonCoordinateGeopotentialHeight= 2503, nullNonCoordinateGeopotentialHeight= 0, allNonCoordinateGeopotentialHeight= 2503
 GoodNonCoordinateGeopotentialHeight= 2504, nullNonCoordinateGeopotentialHeight= 0, allNonCoordinateGeopotentialHeight= 2504
 GoodNonCoordinateGeopotentialHeight= 2506, nullNonCoordinateGeopotentialHeight= 0, allNonCoordinateGeopotentialHeight= 2506
 GoodNonCoordinateGeopotentialHeight= 2508, nullNonCoordinateGeopotentialHeight= 0, allNonCoordinateGeopotentialHeight= 2508
 GoodNonCoordinateGeopotentialHeight= 2509, nullNonCoordinateGeopotentialHeight= 0, allNonCoordinateGeopotentialHeight= 2509
 GoodNonCoordinateGeopotentialHeight= 2510, nullNonCoordinateGeopotentialHeight= 0, allNonCoordinateGeopotentialHeight= 2510
 GoodNonCoordinateGeopotentialHeight= 2512, nullNonCoordinateGeopotentialHeight= 0, allNonCoordinateGeopotentialHeight= 2512
 GoodNonCoordinateGeopotentialHeight= 2513, nullNonCoordinateGeopotentialHeight= 0, allNonCoordinateGeopotentialHeight= 2513
 GoodNonCoordinateGeopotentialHeight= 2514, nullNonCoordinateGeopotentialHeight= 0, allNonCoordinateGeopotentialHeight= 2514
 GoodNonCoordinateGeopotentialHeight= 2515, nullNonCoordinateGeopotentialHeight= 0, allNonCoordinateGeopotentialHeight= 2515
 GoodNonCoordinateGeopotentialHeight= 2516, nullNonCoordinateGeopotentialHeight= 0, allNonCoordinateGeopotentialHeight= 2516
 GoodNonCoordinateGeopotentialHeight= 2519, nullNonCoordinateGeopotentialHeight= 0, allNonCoordinateGeopotentialHeight= 2519
 GoodNonCoordinateGeopotentialHeight= 2520, nullNonCoordinateGeopotentialHeight= 0, allNonCoordinateGeopotentialHeight= 2520
 GoodNonCoordinateGeopotentialHeight= 2521, nullNonCoordinateGeopotentialHeight= 0, allNonCoordinateGeopotentialHeight= 2521
 GoodNonCoordinateGeopotentialHeight= 2522, nullNonCoordinateGeopotentialHeight= 0, allNonCoordinateGeopotentialHeight= 2522
 GoodNonCoordinateGeopotentialHeight= 2523, nullNonCoordinateGeopotentialHeight= 0, allNonCoordinateGeopotentialHeight= 2523
 GoodNonCoordinateGeopotentialHeight= 2525, nullNonCoordinateGeopotentialHeight= 0, allNonCoordinateGeopotentialHeight= 2525
 GoodNonCoordinateGeopotentialHeight= 2526, nullNonCoordinateGeopotentialHeight= 0, allNonCoordinateGeopotentialHeight= 2526
 GoodNonCoordinateGeopotentialHeight= 2527, nullNonCoordinateGeopotentialHeight= 0, allNonCoordinateGeopotentialHeight= 2527
 GoodNonCoordinateGeopotentialHeight= 2528, nullNonCoordinateGeopotentialHeight= 0, allNonCoordinateGeopotentialHeight= 2528
 GoodNonCoordinateGeopotentialHeight= 2529, nullNonCoordinateGeopotentialHeight= 0, allNonCoordinateGeopotentialHeight= 2529
 GoodNonCoordinateGeopotentialHeight= 2530, nullNonCoordinateGeopotentialHeight= 0, allNonCoordinateGeopotentialHeight= 2530
 GoodNonCoordinateGeopotentialHeight= 2531, nullNonCoordinateGeopotentialHeight= 0, allNonCoordinateGeopotentialHeight= 2531
 GoodNonCoordinateGeopotentialHeight= 2532, nullNonCoordinateGeopotentialHeight= 0, allNonCoordinateGeopotentialHeight= 2532
 GoodNonCoordinateGeopotentialHeight= 2533, nullNonCoordinateGeopotentialHeight= 0, allNonCoordinateGeopotentialHeight= 2533
 GoodNonCoordinateGeopotentialHeight= 2535, nullNonCoordinateGeopotentialHeight= 0, allNonCoordinateGeopotentialHeight= 2535
 GoodNonCoordinateGeopotentialHeight= 2536, nullNonCoordinateGeopotentialHeight= 0, allNonCoordinateGeopotentialHeight= 2536
 GoodNonCoordinateGeopotentialHeight= 2537, nullNonCoordinateGeopotentialHeight= 0, allNonCoordinateGeopotentialHeight= 2537
 GoodNonCoordinateGeopotentialHeight= 2540, nullNonCoordinateGeopotentialHeight= 0, allNonCoordinateGeopotentialHeight= 2540
 GoodNonCoordinateGeopotentialHeight= 2542, nullNonCoordinateGeopotentialHeight= 0, allNonCoordinateGeopotentialHeight= 2542
 GoodNonCoordinateGeopotentialHeight= 2543, nullNonCoordinateGeopotentialHeight= 0, allNonCoordinateGeopotentialHeight= 2543
 GoodNonCoordinateGeopotentialHeight= 2544, nullNonCoordinateGeopotentialHeight= 0, allNonCoordinateGeopotentialHeight= 2544
 GoodNonCoordinateGeopotentialHeight= 2545, nullNonCoordinateGeopotentialHeight= 0, allNonCoordinateGeopotentialHeight= 2545
 GoodNonCoordinateGeopotentialHeight= 2549, nullNonCoordinateGeopotentialHeight= 0, allNonCoordinateGeopotentialHeight= 2549
 GoodNonCoordinateGeopotentialHeight= 2550, nullNonCoordinateGeopotentialHeight= 0, allNonCoordinateGeopotentialHeight= 2550
 GoodNonCoordinateGeopotentialHeight= 2552, nullNonCoordinateGeopotentialHeight= 0, allNonCoordinateGeopotentialHeight= 2552
 GoodNonCoordinateGeopotentialHeight= 2553, nullNonCoordinateGeopotentialHeight= 0, allNonCoordinateGeopotentialHeight= 2553
 GoodNonCoordinateGeopotentialHeight= 2555, nullNonCoordinateGeopotentialHeight= 0, allNonCoordinateGeopotentialHeight= 2555
 GoodNonCoordinateGeopotentialHeight= 2556, nullNonCoordinateGeopotentialHeight= 0, allNonCoordinateGeopotentialHeight= 2556
 GoodNonCoordinateGeopotentialHeight= 2558, nullNonCoordinateGeopotentialHeight= 0, allNonCoordinateGeopotentialHeight= 2558
 GoodNonCoordinateGeopotentialHeight= 2559, nullNonCoordinateGeopotentialHeight= 0, allNonCoordinateGeopotentialHeight= 2559
 GoodNonCoordinateGeopotentialHeight= 2560, nullNonCoordinateGeopotentialHeight= 0, allNonCoordinateGeopotentialHeight= 2560
 GoodNonCoordinateGeopotentialHeight= 2562, nullNonCoordinateGeopotentialHeight= 0, allNonCoordinateGeopotentialHeight= 2562
 GoodNonCoordinateGeopotentialHeight= 2563, nullNonCoordinateGeopotentialHeight= 0, allNonCoordinateGeopotentialHeight= 2563
 GoodNonCoordinateGeopotentialHeight= 2564, nullNonCoordinateGeopotentialHeight= 0, allNonCoordinateGeopotentialHeight= 2564
 GoodNonCoordinateGeopotentialHeight= 2566, nullNonCoordinateGeopotentialHeight= 0, allNonCoordinateGeopotentialHeight= 2566
 GoodNonCoordinateGeopotentialHeight= 2568, nullNonCoordinateGeopotentialHeight= 0, allNonCoordinateGeopotentialHeight= 2568
 GoodNonCoordinateGeopotentialHeight= 2569, nullNonCoordinateGeopotentialHeight= 0, allNonCoordinateGeopotentialHeight= 2569
 GoodNonCoordinateGeopotentialHeight= 2570, nullNonCoordinateGeopotentialHeight= 0, allNonCoordinateGeopotentialHeight= 2570
 GoodNonCoordinateGeopotentialHeight= 2571, nullNonCoordinateGeopotentialHeight= 0, allNonCoordinateGeopotentialHeight= 2571
 GoodNonCoordinateGeopotentialHeight= 2572, nullNonCoordinateGeopotentialHeight= 0, allNonCoordinateGeopotentialHeight= 2572
 GoodNonCoordinateGeopotentialHeight= 2574, nullNonCoordinateGeopotentialHeight= 0, allNonCoordinateGeopotentialHeight= 2574
 GoodNonCoordinateGeopotentialHeight= 2575, nullNonCoordinateGeopotentialHeight= 0, allNonCoordinateGeopotentialHeight= 2575
 GoodNonCoordinateGeopotentialHeight= 2577, nullNonCoordinateGeopotentialHeight= 0, allNonCoordinateGeopotentialHeight= 2577
 GoodNonCoordinateGeopotentialHeight= 2578, nullNonCoordinateGeopotentialHeight= 0, allNonCoordinateGeopotentialHeight= 2578
 GoodNonCoordinateGeopotentialHeight= 2580, nullNonCoordinateGeopotentialHeight= 0, allNonCoordinateGeopotentialHeight= 2580
 GoodNonCoordinateGeopotentialHeight= 2581, nullNonCoordinateGeopotentialHeight= 0, allNonCoordinateGeopotentialHeight= 2581
 GoodNonCoordinateGeopotentialHeight= 2582, nullNonCoordinateGeopotentialHeight= 0, allNonCoordinateGeopotentialHeight= 2582
 GoodNonCoordinateGeopotentialHeight= 2583, nullNonCoordinateGeopotentialHeight= 0, allNonCoordinateGeopotentialHeight= 2583
 GoodNonCoordinateGeopotentialHeight= 2584, nullNonCoordinateGeopotentialHeight= 0, allNonCoordinateGeopotentialHeight= 2584
 GoodNonCoordinateGeopotentialHeight= 2585, nullNonCoordinateGeopotentialHeight= 0, allNonCoordinateGeopotentialHeight= 2585
 GoodNonCoordinateGeopotentialHeight= 2586, nullNonCoordinateGeopotentialHeight= 0, allNonCoordinateGeopotentialHeight= 2586
 GoodNonCoordinateGeopotentialHeight= 2587, nullNonCoordinateGeopotentialHeight= 0, allNonCoordinateGeopotentialHeight= 2587
 GoodNonCoordinateGeopotentialHeight= 2588, nullNonCoordinateGeopotentialHeight= 0, allNonCoordinateGeopotentialHeight= 2588
 GoodNonCoordinateGeopotentialHeight= 2589, nullNonCoordinateGeopotentialHeight= 0, allNonCoordinateGeopotentialHeight= 2589
 GoodNonCoordinateGeopotentialHeight= 2590, nullNonCoordinateGeopotentialHeight= 0, allNonCoordinateGeopotentialHeight= 2590
 GoodNonCoordinateGeopotentialHeight= 2593, nullNonCoordinateGeopotentialHeight= 0, allNonCoordinateGeopotentialHeight= 2593
 GoodNonCoordinateGeopotentialHeight= 2596, nullNonCoordinateGeopotentialHeight= 0, allNonCoordinateGeopotentialHeight= 2596
 GoodNonCoordinateGeopotentialHeight= 2598, nullNonCoordinateGeopotentialHeight= 0, allNonCoordinateGeopotentialHeight= 2598
 GoodNonCoordinateGeopotentialHeight= 2599, nullNonCoordinateGeopotentialHeight= 0, allNonCoordinateGeopotentialHeight= 2599
 GoodNonCoordinateGeopotentialHeight= 2600, nullNonCoordinateGeopotentialHeight= 0, allNonCoordinateGeopotentialHeight= 2600
 GoodNonCoordinateGeopotentialHeight= 2602, nullNonCoordinateGeopotentialHeight= 0, allNonCoordinateGeopotentialHeight= 2602
 GoodNonCoordinateGeopotentialHeight= 2604, nullNonCoordinateGeopotentialHeight= 0, allNonCoordinateGeopotentialHeight= 2604
 GoodNonCoordinateGeopotentialHeight= 2605, nullNonCoordinateGeopotentialHeight= 0, allNonCoordinateGeopotentialHeight= 2605
 GoodNonCoordinateGeopotentialHeight= 2606, nullNonCoordinateGeopotentialHeight= 0, allNonCoordinateGeopotentialHeight= 2606
 GoodNonCoordinateGeopotentialHeight= 2608, nullNonCoordinateGeopotentialHeight= 0, allNonCoordinateGeopotentialHeight= 2608
 GoodNonCoordinateGeopotentialHeight= 2610, nullNonCoordinateGeopotentialHeight= 0, allNonCoordinateGeopotentialHeight= 2610
 GoodNonCoordinateGeopotentialHeight= 2611, nullNonCoordinateGeopotentialHeight= 0, allNonCoordinateGeopotentialHeight= 2611
 GoodNonCoordinateGeopotentialHeight= 2612, nullNonCoordinateGeopotentialHeight= 0, allNonCoordinateGeopotentialHeight= 2612
 GoodNonCoordinateGeopotentialHeight= 2613, nullNonCoordinateGeopotentialHeight= 0, allNonCoordinateGeopotentialHeight= 2613
 GoodNonCoordinateGeopotentialHeight= 2614, nullNonCoordinateGeopotentialHeight= 0, allNonCoordinateGeopotentialHeight= 2614
 GoodNonCoordinateGeopotentialHeight= 2616, nullNonCoordinateGeopotentialHeight= 0, allNonCoordinateGeopotentialHeight= 2616
 GoodNonCoordinateGeopotentialHeight= 2619, nullNonCoordinateGeopotentialHeight= 0, allNonCoordinateGeopotentialHeight= 2619
 GoodNonCoordinateGeopotentialHeight= 2620, nullNonCoordinateGeopotentialHeight= 0, allNonCoordinateGeopotentialHeight= 2620
 GoodNonCoordinateGeopotentialHeight= 2622, nullNonCoordinateGeopotentialHeight= 0, allNonCoordinateGeopotentialHeight= 2622
 GoodNonCoordinateGeopotentialHeight= 2624, nullNonCoordinateGeopotentialHeight= 0, allNonCoordinateGeopotentialHeight= 2624
 GoodNonCoordinateGeopotentialHeight= 2625, nullNonCoordinateGeopotentialHeight= 0, allNonCoordinateGeopotentialHeight= 2625
 GoodNonCoordinateGeopotentialHeight= 2626, nullNonCoordinateGeopotentialHeight= 0, allNonCoordinateGeopotentialHeight= 2626
 GoodNonCoordinateGeopotentialHeight= 2628, nullNonCoordinateGeopotentialHeight= 0, allNonCoordinateGeopotentialHeight= 2628
 GoodNonCoordinateGeopotentialHeight= 2629, nullNonCoordinateGeopotentialHeight= 0, allNonCoordinateGeopotentialHeight= 2629
 GoodNonCoordinateGeopotentialHeight= 2630, nullNonCoordinateGeopotentialHeight= 0, allNonCoordinateGeopotentialHeight= 2630
 GoodNonCoordinateGeopotentialHeight= 2631, nullNonCoordinateGeopotentialHeight= 0, allNonCoordinateGeopotentialHeight= 2631
 GoodNonCoordinateGeopotentialHeight= 2633, nullNonCoordinateGeopotentialHeight= 0, allNonCoordinateGeopotentialHeight= 2633
 GoodNonCoordinateGeopotentialHeight= 2634, nullNonCoordinateGeopotentialHeight= 0, allNonCoordinateGeopotentialHeight= 2634
 GoodNonCoordinateGeopotentialHeight= 2635, nullNonCoordinateGeopotentialHeight= 0, allNonCoordinateGeopotentialHeight= 2635
 GoodNonCoordinateGeopotentialHeight= 2636, nullNonCoordinateGeopotentialHeight= 0, allNonCoordinateGeopotentialHeight= 2636
 GoodNonCoordinateGeopotentialHeight= 2641, nullNonCoordinateGeopotentialHeight= 0, allNonCoordinateGeopotentialHeight= 2641
 GoodNonCoordinateGeopotentialHeight= 2643, nullNonCoordinateGeopotentialHeight= 0, allNonCoordinateGeopotentialHeight= 2643
 GoodNonCoordinateGeopotentialHeight= 2645, nullNonCoordinateGeopotentialHeight= 0, allNonCoordinateGeopotentialHeight= 2645
 GoodNonCoordinateGeopotentialHeight= 2646, nullNonCoordinateGeopotentialHeight= 0, allNonCoordinateGeopotentialHeight= 2646
 GoodNonCoordinateGeopotentialHeight= 2650, nullNonCoordinateGeopotentialHeight= 0, allNonCoordinateGeopotentialHeight= 2650
 GoodNonCoordinateGeopotentialHeight= 2652, nullNonCoordinateGeopotentialHeight= 0, allNonCoordinateGeopotentialHeight= 2652
 GoodNonCoordinateGeopotentialHeight= 2653, nullNonCoordinateGeopotentialHeight= 0, allNonCoordinateGeopotentialHeight= 2653
 GoodNonCoordinateGeopotentialHeight= 2655, nullNonCoordinateGeopotentialHeight= 0, allNonCoordinateGeopotentialHeight= 2655
 GoodNonCoordinateGeopotentialHeight= 2656, nullNonCoordinateGeopotentialHeight= 0, allNonCoordinateGeopotentialHeight= 2656
 GoodNonCoordinateGeopotentialHeight= 2657, nullNonCoordinateGeopotentialHeight= 0, allNonCoordinateGeopotentialHeight= 2657
 GoodNonCoordinateGeopotentialHeight= 2658, nullNonCoordinateGeopotentialHeight= 0, allNonCoordinateGeopotentialHeight= 2658
 GoodNonCoordinateGeopotentialHeight= 2659, nullNonCoordinateGeopotentialHeight= 0, allNonCoordinateGeopotentialHeight= 2659
 GoodNonCoordinateGeopotentialHeight= 2661, nullNonCoordinateGeopotentialHeight= 0, allNonCoordinateGeopotentialHeight= 2661
 GoodNonCoordinateGeopotentialHeight= 2663, nullNonCoordinateGeopotentialHeight= 0, allNonCoordinateGeopotentialHeight= 2663
 GoodNonCoordinateGeopotentialHeight= 2665, nullNonCoordinateGeopotentialHeight= 0, allNonCoordinateGeopotentialHeight= 2665
 GoodNonCoordinateGeopotentialHeight= 2666, nullNonCoordinateGeopotentialHeight= 0, allNonCoordinateGeopotentialHeight= 2666
 GoodNonCoordinateGeopotentialHeight= 2668, nullNonCoordinateGeopotentialHeight= 0, allNonCoordinateGeopotentialHeight= 2668
 GoodNonCoordinateGeopotentialHeight= 2669, nullNonCoordinateGeopotentialHeight= 0, allNonCoordinateGeopotentialHeight= 2669
 GoodNonCoordinateGeopotentialHeight= 2671, nullNonCoordinateGeopotentialHeight= 0, allNonCoordinateGeopotentialHeight= 2671
 GoodNonCoordinateGeopotentialHeight= 2672, nullNonCoordinateGeopotentialHeight= 0, allNonCoordinateGeopotentialHeight= 2672
 GoodNonCoordinateGeopotentialHeight= 2674, nullNonCoordinateGeopotentialHeight= 0, allNonCoordinateGeopotentialHeight= 2674
 GoodNonCoordinateGeopotentialHeight= 2679, nullNonCoordinateGeopotentialHeight= 0, allNonCoordinateGeopotentialHeight= 2679
 GoodNonCoordinateGeopotentialHeight= 2681, nullNonCoordinateGeopotentialHeight= 0, allNonCoordinateGeopotentialHeight= 2681
 GoodNonCoordinateGeopotentialHeight= 2682, nullNonCoordinateGeopotentialHeight= 0, allNonCoordinateGeopotentialHeight= 2682
 GoodNonCoordinateGeopotentialHeight= 2684, nullNonCoordinateGeopotentialHeight= 0, allNonCoordinateGeopotentialHeight= 2684
 GoodNonCoordinateGeopotentialHeight= 2686, nullNonCoordinateGeopotentialHeight= 0, allNonCoordinateGeopotentialHeight= 2686
 GoodNonCoordinateGeopotentialHeight= 2687, nullNonCoordinateGeopotentialHeight= 0, allNonCoordinateGeopotentialHeight= 2687
 GoodNonCoordinateGeopotentialHeight= 2689, nullNonCoordinateGeopotentialHeight= 0, allNonCoordinateGeopotentialHeight= 2689
 GoodNonCoordinateGeopotentialHeight= 2691, nullNonCoordinateGeopotentialHeight= 0, allNonCoordinateGeopotentialHeight= 2691
 GoodNonCoordinateGeopotentialHeight= 2693, nullNonCoordinateGeopotentialHeight= 0, allNonCoordinateGeopotentialHeight= 2693
 GoodNonCoordinateGeopotentialHeight= 2695, nullNonCoordinateGeopotentialHeight= 0, allNonCoordinateGeopotentialHeight= 2695
 GoodNonCoordinateGeopotentialHeight= 2699, nullNonCoordinateGeopotentialHeight= 0, allNonCoordinateGeopotentialHeight= 2699
 GoodNonCoordinateGeopotentialHeight= 2700, nullNonCoordinateGeopotentialHeight= 0, allNonCoordinateGeopotentialHeight= 2700
 GoodNonCoordinateGeopotentialHeight= 2701, nullNonCoordinateGeopotentialHeight= 0, allNonCoordinateGeopotentialHeight= 2701
 GoodNonCoordinateGeopotentialHeight= 2702, nullNonCoordinateGeopotentialHeight= 0, allNonCoordinateGeopotentialHeight= 2702
 GoodNonCoordinateGeopotentialHeight= 2706, nullNonCoordinateGeopotentialHeight= 0, allNonCoordinateGeopotentialHeight= 2706
 GoodNonCoordinateGeopotentialHeight= 2707, nullNonCoordinateGeopotentialHeight= 0, allNonCoordinateGeopotentialHeight= 2707
 GoodNonCoordinateGeopotentialHeight= 2708, nullNonCoordinateGeopotentialHeight= 0, allNonCoordinateGeopotentialHeight= 2708
 GoodNonCoordinateGeopotentialHeight= 2710, nullNonCoordinateGeopotentialHeight= 0, allNonCoordinateGeopotentialHeight= 2710
 GoodNonCoordinateGeopotentialHeight= 2716, nullNonCoordinateGeopotentialHeight= 0, allNonCoordinateGeopotentialHeight= 2716
 GoodNonCoordinateGeopotentialHeight= 2719, nullNonCoordinateGeopotentialHeight= 0, allNonCoordinateGeopotentialHeight= 2719
 GoodNonCoordinateGeopotentialHeight= 2720, nullNonCoordinateGeopotentialHeight= 0, allNonCoordinateGeopotentialHeight= 2720
 GoodNonCoordinateGeopotentialHeight= 2723, nullNonCoordinateGeopotentialHeight= 0, allNonCoordinateGeopotentialHeight= 2723
 GoodNonCoordinateGeopotentialHeight= 2724, nullNonCoordinateGeopotentialHeight= 0, allNonCoordinateGeopotentialHeight= 2724
 GoodNonCoordinateGeopotentialHeight= 2726, nullNonCoordinateGeopotentialHeight= 0, allNonCoordinateGeopotentialHeight= 2726
 GoodNonCoordinateGeopotentialHeight= 2729, nullNonCoordinateGeopotentialHeight= 0, allNonCoordinateGeopotentialHeight= 2729
 GoodNonCoordinateGeopotentialHeight= 2730, nullNonCoordinateGeopotentialHeight= 0, allNonCoordinateGeopotentialHeight= 2730
 GoodNonCoordinateGeopotentialHeight= 2732, nullNonCoordinateGeopotentialHeight= 0, allNonCoordinateGeopotentialHeight= 2732
 GoodNonCoordinateGeopotentialHeight= 2734, nullNonCoordinateGeopotentialHeight= 0, allNonCoordinateGeopotentialHeight= 2734
 GoodNonCoordinateGeopotentialHeight= 2735, nullNonCoordinateGeopotentialHeight= 0, allNonCoordinateGeopotentialHeight= 2735
 GoodNonCoordinateGeopotentialHeight= 2737, nullNonCoordinateGeopotentialHeight= 0, allNonCoordinateGeopotentialHeight= 2737
 GoodNonCoordinateGeopotentialHeight= 2738, nullNonCoordinateGeopotentialHeight= 0, allNonCoordinateGeopotentialHeight= 2738
 GoodNonCoordinateGeopotentialHeight= 2740, nullNonCoordinateGeopotentialHeight= 0, allNonCoordinateGeopotentialHeight= 2740
 GoodNonCoordinateGeopotentialHeight= 2743, nullNonCoordinateGeopotentialHeight= 0, allNonCoordinateGeopotentialHeight= 2743
 GoodNonCoordinateGeopotentialHeight= 2744, nullNonCoordinateGeopotentialHeight= 0, allNonCoordinateGeopotentialHeight= 2744
 GoodNonCoordinateGeopotentialHeight= 2745, nullNonCoordinateGeopotentialHeight= 0, allNonCoordinateGeopotentialHeight= 2745
 GoodNonCoordinateGeopotentialHeight= 2747, nullNonCoordinateGeopotentialHeight= 0, allNonCoordinateGeopotentialHeight= 2747
 GoodNonCoordinateGeopotentialHeight= 2749, nullNonCoordinateGeopotentialHeight= 0, allNonCoordinateGeopotentialHeight= 2749
 GoodNonCoordinateGeopotentialHeight= 2752, nullNonCoordinateGeopotentialHeight= 0, allNonCoordinateGeopotentialHeight= 2752
 GoodNonCoordinateGeopotentialHeight= 2754, nullNonCoordinateGeopotentialHeight= 0, allNonCoordinateGeopotentialHeight= 2754
 GoodNonCoordinateGeopotentialHeight= 2758, nullNonCoordinateGeopotentialHeight= 0, allNonCoordinateGeopotentialHeight= 2758
 GoodNonCoordinateGeopotentialHeight= 2759, nullNonCoordinateGeopotentialHeight= 0, allNonCoordinateGeopotentialHeight= 2759
 GoodNonCoordinateGeopotentialHeight= 2762, nullNonCoordinateGeopotentialHeight= 0, allNonCoordinateGeopotentialHeight= 2762
 GoodNonCoordinateGeopotentialHeight= 2764, nullNonCoordinateGeopotentialHeight= 0, allNonCoordinateGeopotentialHeight= 2764
 GoodNonCoordinateGeopotentialHeight= 2765, nullNonCoordinateGeopotentialHeight= 0, allNonCoordinateGeopotentialHeight= 2765
 GoodNonCoordinateGeopotentialHeight= 2767, nullNonCoordinateGeopotentialHeight= 0, allNonCoordinateGeopotentialHeight= 2767
 GoodNonCoordinateGeopotentialHeight= 2772, nullNonCoordinateGeopotentialHeight= 0, allNonCoordinateGeopotentialHeight= 2772
 GoodNonCoordinateGeopotentialHeight= 2774, nullNonCoordinateGeopotentialHeight= 0, allNonCoordinateGeopotentialHeight= 2774
 GoodNonCoordinateGeopotentialHeight= 2778, nullNonCoordinateGeopotentialHeight= 0, allNonCoordinateGeopotentialHeight= 2778
 GoodNonCoordinateGeopotentialHeight= 2779, nullNonCoordinateGeopotentialHeight= 0, allNonCoordinateGeopotentialHeight= 2779
 GoodNonCoordinateGeopotentialHeight= 2780, nullNonCoordinateGeopotentialHeight= 0, allNonCoordinateGeopotentialHeight= 2780
 GoodNonCoordinateGeopotentialHeight= 2790, nullNonCoordinateGeopotentialHeight= 0, allNonCoordinateGeopotentialHeight= 2790
 GoodNonCoordinateGeopotentialHeight= 2791, nullNonCoordinateGeopotentialHeight= 0, allNonCoordinateGeopotentialHeight= 2791
 GoodNonCoordinateGeopotentialHeight= 2794, nullNonCoordinateGeopotentialHeight= 0, allNonCoordinateGeopotentialHeight= 2794
 GoodNonCoordinateGeopotentialHeight= 2804, nullNonCoordinateGeopotentialHeight= 0, allNonCoordinateGeopotentialHeight= 2804
 GoodNonCoordinateGeopotentialHeight= 2805, nullNonCoordinateGeopotentialHeight= 0, allNonCoordinateGeopotentialHeight= 2805
 GoodNonCoordinateGeopotentialHeight= 2813, nullNonCoordinateGeopotentialHeight= 0, allNonCoordinateGeopotentialHeight= 2813
 GoodNonCoordinateGeopotentialHeight= 2820, nullNonCoordinateGeopotentialHeight= 0, allNonCoordinateGeopotentialHeight= 2820
 GoodNonCoordinateGeopotentialHeight= 2822, nullNonCoordinateGeopotentialHeight= 0, allNonCoordinateGeopotentialHeight= 2822
 GoodNonCoordinateGeopotentialHeight= 2827, nullNonCoordinateGeopotentialHeight= 0, allNonCoordinateGeopotentialHeight= 2827
 GoodNonCoordinateGeopotentialHeight= 2833, nullNonCoordinateGeopotentialHeight= 0, allNonCoordinateGeopotentialHeight= 2833
 GoodNonCoordinateGeopotentialHeight= 2834, nullNonCoordinateGeopotentialHeight= 0, allNonCoordinateGeopotentialHeight= 2834
 GoodNonCoordinateGeopotentialHeight= 2849, nullNonCoordinateGeopotentialHeight= 0, allNonCoordinateGeopotentialHeight= 2849
 GoodNonCoordinateGeopotentialHeight= 2852, nullNonCoordinateGeopotentialHeight= 0, allNonCoordinateGeopotentialHeight= 2852
 GoodNonCoordinateGeopotentialHeight= 2853, nullNonCoordinateGeopotentialHeight= 0, allNonCoordinateGeopotentialHeight= 2853
 GoodNonCoordinateGeopotentialHeight= 2855, nullNonCoordinateGeopotentialHeight= 0, allNonCoordinateGeopotentialHeight= 2855
 GoodNonCoordinateGeopotentialHeight= 2873, nullNonCoordinateGeopotentialHeight= 0, allNonCoordinateGeopotentialHeight= 2873
 GoodNonCoordinateGeopotentialHeight= 2875, nullNonCoordinateGeopotentialHeight= 0, allNonCoordinateGeopotentialHeight= 2875
 GoodNonCoordinateGeopotentialHeight= 2898, nullNonCoordinateGeopotentialHeight= 0, allNonCoordinateGeopotentialHeight= 2898
 GoodNonCoordinateGeopotentialHeight= 2909, nullNonCoordinateGeopotentialHeight= 0, allNonCoordinateGeopotentialHeight= 2909
 GoodNonCoordinateGeopotentialHeight= 2917, nullNonCoordinateGeopotentialHeight= 0, allNonCoordinateGeopotentialHeight= 2917
 GoodNonCoordinateGeopotentialHeight= 2921, nullNonCoordinateGeopotentialHeight= 0, allNonCoordinateGeopotentialHeight= 2921
 GoodNonCoordinateGeopotentialHeight= 2936, nullNonCoordinateGeopotentialHeight= 0, allNonCoordinateGeopotentialHeight= 2936
 GoodNonCoordinateGeopotentialHeight= 3017, nullNonCoordinateGeopotentialHeight= 0, allNonCoordinateGeopotentialHeight= 3017
 GoodNonCoordinateGeopotentialHeight= 3248, nullNonCoordinateGeopotentialHeight= 0, allNonCoordinateGeopotentialHeight= 3248
 GoodNonCoordinateGeopotentialHeight= 365, nullNonCoordinateGeopotentialHeight= 0, allNonCoordinateGeopotentialHeight= 365
 GoodNonCoordinateGeopotentialHeight= 439, nullNonCoordinateGeopotentialHeight= 0, allNonCoordinateGeopotentialHeight= 439
 GoodNonCoordinateGeopotentialHeight= 4644, nullNonCoordinateGeopotentialHeight= 0, allNonCoordinateGeopotentialHeight= 4644
 GoodNonCoordinateGeopotentialHeight= 4664, nullNonCoordinateGeopotentialHeight= 0, allNonCoordinateGeopotentialHeight= 4664
 GoodNonCoordinateGeopotentialHeight= 4675, nullNonCoordinateGeopotentialHeight= 0, allNonCoordinateGeopotentialHeight= 4675
 GoodNonCoordinateGeopotentialHeight= 4683, nullNonCoordinateGeopotentialHeight= 0, allNonCoordinateGeopotentialHeight= 4683
 GoodNonCoordinateGeopotentialHeight= 4695, nullNonCoordinateGeopotentialHeight= 0, allNonCoordinateGeopotentialHeight= 4695
 GoodNonCoordinateGeopotentialHeight= 4704, nullNonCoordinateGeopotentialHeight= 0, allNonCoordinateGeopotentialHeight= 4704
 GoodNonCoordinateGeopotentialHeight= 4705, nullNonCoordinateGeopotentialHeight= 0, allNonCoordinateGeopotentialHeight= 4705
 GoodNonCoordinateGeopotentialHeight= 4734, nullNonCoordinateGeopotentialHeight= 0, allNonCoordinateGeopotentialHeight= 4734
 GoodNonCoordinateGeopotentialHeight= 4751, nullNonCoordinateGeopotentialHeight= 0, allNonCoordinateGeopotentialHeight= 4751
 GoodNonCoordinateGeopotentialHeight= 4760, nullNonCoordinateGeopotentialHeight= 0, allNonCoordinateGeopotentialHeight= 4760
 GoodNonCoordinateGeopotentialHeight= 4770, nullNonCoordinateGeopotentialHeight= 0, allNonCoordinateGeopotentialHeight= 4770
 GoodNonCoordinateGeopotentialHeight= 4780, nullNonCoordinateGeopotentialHeight= 0, allNonCoordinateGeopotentialHeight= 4780
 GoodNonCoordinateGeopotentialHeight= 47, nullNonCoordinateGeopotentialHeight= 0, allNonCoordinateGeopotentialHeight= 47
 GoodNonCoordinateGeopotentialHeight= 4803, nullNonCoordinateGeopotentialHeight= 0, allNonCoordinateGeopotentialHeight= 4803
 GoodNonCoordinateGeopotentialHeight= 4826, nullNonCoordinateGeopotentialHeight= 0, allNonCoordinateGeopotentialHeight= 4826
 GoodNonCoordinateGeopotentialHeight= 4840, nullNonCoordinateGeopotentialHeight= 0, allNonCoordinateGeopotentialHeight= 4840
 GoodNonCoordinateGeopotentialHeight= 4848, nullNonCoordinateGeopotentialHeight= 0, allNonCoordinateGeopotentialHeight= 4848
 GoodNonCoordinateGeopotentialHeight= 4860, nullNonCoordinateGeopotentialHeight= 0, allNonCoordinateGeopotentialHeight= 4860
 GoodNonCoordinateGeopotentialHeight= 4873, nullNonCoordinateGeopotentialHeight= 0, allNonCoordinateGeopotentialHeight= 4873
 GoodNonCoordinateGeopotentialHeight= 4896, nullNonCoordinateGeopotentialHeight= 0, allNonCoordinateGeopotentialHeight= 4896
 GoodNonCoordinateGeopotentialHeight= 4919, nullNonCoordinateGeopotentialHeight= 0, allNonCoordinateGeopotentialHeight= 4919
 GoodNonCoordinateGeopotentialHeight= 4922, nullNonCoordinateGeopotentialHeight= 0, allNonCoordinateGeopotentialHeight= 4922
 GoodNonCoordinateGeopotentialHeight= 4961, nullNonCoordinateGeopotentialHeight= 0, allNonCoordinateGeopotentialHeight= 4961
 GoodNonCoordinateGeopotentialHeight= 4970, nullNonCoordinateGeopotentialHeight= 0, allNonCoordinateGeopotentialHeight= 4970
 GoodNonCoordinateGeopotentialHeight= 4974, nullNonCoordinateGeopotentialHeight= 0, allNonCoordinateGeopotentialHeight= 4974
 GoodNonCoordinateGeopotentialHeight= 4985, nullNonCoordinateGeopotentialHeight= 0, allNonCoordinateGeopotentialHeight= 4985
 GoodNonCoordinateGeopotentialHeight= 5020, nullNonCoordinateGeopotentialHeight= 0, allNonCoordinateGeopotentialHeight= 5020
 GoodNonCoordinateGeopotentialHeight= 5049, nullNonCoordinateGeopotentialHeight= 0, allNonCoordinateGeopotentialHeight= 5049
 GoodNonCoordinateGeopotentialHeight= 5093, nullNonCoordinateGeopotentialHeight= 0, allNonCoordinateGeopotentialHeight= 5093
 GoodNonCoordinateGeopotentialHeight= 5096, nullNonCoordinateGeopotentialHeight= 0, allNonCoordinateGeopotentialHeight= 5096
 GoodNonCoordinateGeopotentialHeight= 5100, nullNonCoordinateGeopotentialHeight= 0, allNonCoordinateGeopotentialHeight= 5100
 GoodNonCoordinateGeopotentialHeight= 5118, nullNonCoordinateGeopotentialHeight= 0, allNonCoordinateGeopotentialHeight= 5118
 GoodNonCoordinateGeopotentialHeight= 5133, nullNonCoordinateGeopotentialHeight= 0, allNonCoordinateGeopotentialHeight= 5133
 GoodNonCoordinateGeopotentialHeight= 5155, nullNonCoordinateGeopotentialHeight= 0, allNonCoordinateGeopotentialHeight= 5155
 GoodNonCoordinateGeopotentialHeight= 5190, nullNonCoordinateGeopotentialHeight= 0, allNonCoordinateGeopotentialHeight= 5190
 GoodNonCoordinateGeopotentialHeight= 5199, nullNonCoordinateGeopotentialHeight= 0, allNonCoordinateGeopotentialHeight= 5199
 GoodNonCoordinateGeopotentialHeight= 5233, nullNonCoordinateGeopotentialHeight= 0, allNonCoordinateGeopotentialHeight= 5233
 GoodNonCoordinateGeopotentialHeight= 5251, nullNonCoordinateGeopotentialHeight= 0, allNonCoordinateGeopotentialHeight= 5251
 GoodNonCoordinateGeopotentialHeight= 5257, nullNonCoordinateGeopotentialHeight= 0, allNonCoordinateGeopotentialHeight= 5257
 GoodNonCoordinateGeopotentialHeight= 5259, nullNonCoordinateGeopotentialHeight= 0, allNonCoordinateGeopotentialHeight= 5259
 GoodNonCoordinateGeopotentialHeight= 5293, nullNonCoordinateGeopotentialHeight= 0, allNonCoordinateGeopotentialHeight= 5293
 GoodNonCoordinateGeopotentialHeight= 5351, nullNonCoordinateGeopotentialHeight= 0, allNonCoordinateGeopotentialHeight= 5351
 GoodNonCoordinateGeopotentialHeight= 5354, nullNonCoordinateGeopotentialHeight= 0, allNonCoordinateGeopotentialHeight= 5354
 GoodNonCoordinateGeopotentialHeight= 5376, nullNonCoordinateGeopotentialHeight= 0, allNonCoordinateGeopotentialHeight= 5376
 GoodNonCoordinateGeopotentialHeight= 5398, nullNonCoordinateGeopotentialHeight= 0, allNonCoordinateGeopotentialHeight= 5398
 GoodNonCoordinateGeopotentialHeight= 5408, nullNonCoordinateGeopotentialHeight= 0, allNonCoordinateGeopotentialHeight= 5408
 GoodNonCoordinateGeopotentialHeight= 542, nullNonCoordinateGeopotentialHeight= 0, allNonCoordinateGeopotentialHeight= 542
 GoodNonCoordinateGeopotentialHeight= 5560, nullNonCoordinateGeopotentialHeight= 0, allNonCoordinateGeopotentialHeight= 5560
 GoodNonCoordinateGeopotentialHeight= 5633, nullNonCoordinateGeopotentialHeight= 0, allNonCoordinateGeopotentialHeight= 5633
 GoodNonCoordinateGeopotentialHeight= 563, nullNonCoordinateGeopotentialHeight= 0, allNonCoordinateGeopotentialHeight= 563
 GoodNonCoordinateGeopotentialHeight= 56, nullNonCoordinateGeopotentialHeight= 0, allNonCoordinateGeopotentialHeight= 56
 GoodNonCoordinateGeopotentialHeight= 588, nullNonCoordinateGeopotentialHeight= 0, allNonCoordinateGeopotentialHeight= 588
 GoodNonCoordinateGeopotentialHeight= 621, nullNonCoordinateGeopotentialHeight= 0, allNonCoordinateGeopotentialHeight= 621
 GoodNonCoordinateGeopotentialHeight= 700, nullNonCoordinateGeopotentialHeight= 0, allNonCoordinateGeopotentialHeight= 700
 GoodNonCoordinateGeopotentialHeight= 748, nullNonCoordinateGeopotentialHeight= 0, allNonCoordinateGeopotentialHeight= 748
 GoodNonCoordinateGeopotentialHeight= 770, nullNonCoordinateGeopotentialHeight= 0, allNonCoordinateGeopotentialHeight= 770
 GoodNonCoordinateGeopotentialHeight= 824, nullNonCoordinateGeopotentialHeight= 0, allNonCoordinateGeopotentialHeight= 824
 GoodNonCoordinateGeopotentialHeight= 961, nullNonCoordinateGeopotentialHeight= 0, allNonCoordinateGeopotentialHeight= 961
 GoodNonCoordinateGeopotentialHeight= 963, nullNonCoordinateGeopotentialHeight= 0, allNonCoordinateGeopotentialHeight= 963
 GoodNonCoordinateGeopotentialHeight= 975, nullNonCoordinateGeopotentialHeight= 0, allNonCoordinateGeopotentialHeight= 975
 GoodNonCoordinateGeopotentialHeight= 988, nullNonCoordinateGeopotentialHeight= 0, allNonCoordinateGeopotentialHeight= 988
 GoodNonCoordinateGeopotentialHeight= 98, nullNonCoordinateGeopotentialHeight= 0, allNonCoordinateGeopotentialHeight= 98
 GoodNonCoordinateGeopotentialHeight= 994, nullNonCoordinateGeopotentialHeight= 0, allNonCoordinateGeopotentialHeight= 994
USED Footer Element non-null: geopotentialHeightCalculation = 0
