USED Header Element non-null: cloudType = 0
USED Header Element non-null: cloudType = 1
USED Header Element non-null: cloudType = 10
USED Header Element non-null: cloudType = 11
USED Header Element non-null: cloudType = 12
USED Header Element non-null: cloudType = 15
USED Header Element non-null: cloudType = 16
USED Header Element non-null: cloudType = 2
USED Header Element non-null: cloudType = 20
USED Header Element non-null: cloudType = 23
USED Header Element non-null: cloudType = 27
USED Header Element non-null: cloudType = 28
USED Header Element non-null: cloudType = 3
USED Header Element non-null: cloudType = 30
USED Header Element non-null: cloudType = 31
USED Header Element non-null: cloudType = 33
USED Header Element non-null: cloudType = 35
USED Header Element non-null: cloudType = 36
USED Header Element non-null: cloudType = 37
USED Header Element non-null: cloudType = 38
USED Header Element non-null: cloudType = 39
USED Header Element non-null: cloudType = 4
USED Header Element non-null: cloudType = 5
USED Header Element non-null: cloudType = 6
USED Header Element non-null: cloudType = 60
USED Header Element non-null: cloudType = 61
USED Header Element non-null: cloudType = 7
USED Header Element non-null: cloudType = 8
USED Header Element non-null: cloudType = 9
USED Header Element: NULL cloudType
