USED Footer Element non-null: radiosondeSerialNumber = "M1033884"
USED Footer Element non-null: radiosondeSerialNumber = "M1033967"
USED Footer Element non-null: radiosondeSerialNumber = "M1033969"
USED Footer Element non-null: radiosondeSerialNumber = "M1033992"
USED Footer Element non-null: radiosondeSerialNumber = "M1034005"
USED Footer Element non-null: radiosondeSerialNumber = "M1034007"
USED Footer Element non-null: radiosondeSerialNumber = "M1034009"
USED Footer Element non-null: radiosondeSerialNumber = "M1034014"
USED Footer Element non-null: radiosondeSerialNumber = "M1034016"
USED Footer Element non-null: radiosondeSerialNumber = "M1034018"
USED Footer Element non-null: radiosondeSerialNumber = "M1034020"
USED Footer Element non-null: radiosondeSerialNumber = "M1034021"
USED Footer Element non-null: radiosondeSerialNumber = "M1034022"
USED Footer Element non-null: radiosondeSerialNumber = "M1043257"
USED Footer Element non-null: radiosondeSerialNumber = "M1043258"
USED Footer Element non-null: radiosondeSerialNumber = "M1043264"
USED Footer Element non-null: radiosondeSerialNumber = "M1043265"
USED Footer Element non-null: radiosondeSerialNumber = "M1043266"
USED Footer Element non-null: radiosondeSerialNumber = "M1043272"
USED Footer Element non-null: radiosondeSerialNumber = "M1233618"
USED Footer Element non-null: radiosondeSerialNumber = "M1233626"
USED Footer Element non-null: radiosondeSerialNumber = "M1233629"
USED Footer Element non-null: radiosondeSerialNumber = "M1233630"
USED Footer Element non-null: radiosondeSerialNumber = "M1233631"
USED Footer Element non-null: radiosondeSerialNumber = "M1233634"
USED Footer Element non-null: radiosondeSerialNumber = "M1233836"
USED Footer Element non-null: radiosondeSerialNumber = "M1233838"
USED Footer Element non-null: radiosondeSerialNumber = "M1233849"
USED Footer Element non-null: radiosondeSerialNumber = "M1233851"
USED Footer Element non-null: radiosondeSerialNumber = "M1233852"
USED Footer Element non-null: radiosondeSerialNumber = "M1233853"
USED Footer Element non-null: radiosondeSerialNumber = "M1233859"
USED Footer Element non-null: radiosondeSerialNumber = "M1233860"
USED Footer Element non-null: radiosondeSerialNumber = "M1233861"
USED Footer Element non-null: radiosondeSerialNumber = "M1234003"
USED Footer Element non-null: radiosondeSerialNumber = "M1623652"
USED Footer Element non-null: radiosondeSerialNumber = "M1623691"
USED Footer Element non-null: radiosondeSerialNumber = "M1623965"
USED Footer Element non-null: radiosondeSerialNumber = "M1623968"
USED Footer Element non-null: radiosondeSerialNumber = "M1623975"
USED Footer Element non-null: radiosondeSerialNumber = "M1624095"
USED Footer Element non-null: radiosondeSerialNumber = "M1624101"
USED Footer Element non-null: radiosondeSerialNumber = "M1624105"
USED Footer Element non-null: radiosondeSerialNumber = "M1624110"
USED Footer Element non-null: radiosondeSerialNumber = "M1624111"
USED Footer Element non-null: radiosondeSerialNumber = "M1624112"
USED Footer Element non-null: radiosondeSerialNumber = "M1624118"
USED Footer Element non-null: radiosondeSerialNumber = "M1624119"
USED Footer Element non-null: radiosondeSerialNumber = "M1624120"
USED Footer Element non-null: radiosondeSerialNumber = "M1624121"
USED Footer Element non-null: radiosondeSerialNumber = "M1624144"
USED Footer Element non-null: radiosondeSerialNumber = "M1624149"
USED Footer Element non-null: radiosondeSerialNumber = "M1624150"
USED Footer Element non-null: radiosondeSerialNumber = "M1723332"
USED Footer Element non-null: radiosondeSerialNumber = "M1723335"
USED Footer Element non-null: radiosondeSerialNumber = "M1723339"
USED Footer Element non-null: radiosondeSerialNumber = "M1723344"
USED Footer Element non-null: radiosondeSerialNumber = "M1724091"
USED Footer Element non-null: radiosondeSerialNumber = "M1733590"
USED Footer Element non-null: radiosondeSerialNumber = "M1743397"
USED Footer Element non-null: radiosondeSerialNumber = "M1743439"
USED Footer Element non-null: radiosondeSerialNumber = "M1743440"
USED Footer Element non-null: radiosondeSerialNumber = "M1833070"
USED Footer Element non-null: radiosondeSerialNumber = "M1913065"
USED Footer Element non-null: radiosondeSerialNumber = "M1913068"
USED Footer Element non-null: radiosondeSerialNumber = "M1913073"
USED Footer Element non-null: radiosondeSerialNumber = "M1913076"
USED Footer Element non-null: radiosondeSerialNumber = "M1913077"
USED Footer Element non-null: radiosondeSerialNumber = "M1913078"
USED Footer Element non-null: radiosondeSerialNumber = "M1913084"
USED Footer Element non-null: radiosondeSerialNumber = "M1913085"
USED Footer Element non-null: radiosondeSerialNumber = "M1913086"
USED Footer Element non-null: radiosondeSerialNumber = "M1913088"
USED Footer Element non-null: radiosondeSerialNumber = "M1913089"
USED Footer Element non-null: radiosondeSerialNumber = "M1913178"
USED Footer Element non-null: radiosondeSerialNumber = "M1913335"
USED Footer Element non-null: radiosondeSerialNumber = "M1913348"
USED Footer Element non-null: radiosondeSerialNumber = "M1913349"
USED Footer Element non-null: radiosondeSerialNumber = "M1913356"
USED Footer Element non-null: radiosondeSerialNumber = "M1913361"
USED Footer Element non-null: radiosondeSerialNumber = "M1913366"
USED Footer Element non-null: radiosondeSerialNumber = "M1913367"
USED Footer Element non-null: radiosondeSerialNumber = "M1913373"
USED Footer Element non-null: radiosondeSerialNumber = "M1913376"
USED Footer Element non-null: radiosondeSerialNumber = "M1913605"
USED Footer Element non-null: radiosondeSerialNumber = "M1913703"
USED Footer Element non-null: radiosondeSerialNumber = "M1913704"
USED Footer Element non-null: radiosondeSerialNumber = "M1913708"
USED Footer Element non-null: radiosondeSerialNumber = "M1913709"
USED Footer Element non-null: radiosondeSerialNumber = "M1913712"
USED Footer Element non-null: radiosondeSerialNumber = "M1913714"
USED Footer Element non-null: radiosondeSerialNumber = "M1913719"
USED Footer Element non-null: radiosondeSerialNumber = "M1913725"
USED Footer Element non-null: radiosondeSerialNumber = "M1913728"
USED Footer Element non-null: radiosondeSerialNumber = "M1913735"
USED Footer Element non-null: radiosondeSerialNumber = "M1913746"
USED Footer Element non-null: radiosondeSerialNumber = "M1913749"
USED Footer Element non-null: radiosondeSerialNumber = "M1913969"
USED Footer Element non-null: radiosondeSerialNumber = "M1913970"
USED Footer Element non-null: radiosondeSerialNumber = "M1913971"
USED Footer Element non-null: radiosondeSerialNumber = "M1913980"
USED Footer Element non-null: radiosondeSerialNumber = "M1914005"
USED Footer Element non-null: radiosondeSerialNumber = "M1914038"
USED Footer Element non-null: radiosondeSerialNumber = "M1914115"
USED Footer Element non-null: radiosondeSerialNumber = "M1914119"
USED Footer Element non-null: radiosondeSerialNumber = "M1914297"
USED Footer Element non-null: radiosondeSerialNumber = "M1914299"
USED Footer Element non-null: radiosondeSerialNumber = "M1914303"
USED Footer Element non-null: radiosondeSerialNumber = "M1914307"
USED Footer Element non-null: radiosondeSerialNumber = "M1914311"
USED Footer Element non-null: radiosondeSerialNumber = "M1914312"
USED Footer Element non-null: radiosondeSerialNumber = "M1914316"
USED Footer Element non-null: radiosondeSerialNumber = "M1914319"
USED Footer Element non-null: radiosondeSerialNumber = "M1914337"
USED Footer Element non-null: radiosondeSerialNumber = "M1914369"
USED Footer Element non-null: radiosondeSerialNumber = "M1914373"
USED Footer Element non-null: radiosondeSerialNumber = "M1914379"
USED Footer Element non-null: radiosondeSerialNumber = "M1914380"
USED Footer Element non-null: radiosondeSerialNumber = "M1914386"
USED Footer Element non-null: radiosondeSerialNumber = "M1914393"
USED Footer Element non-null: radiosondeSerialNumber = "M1914403"
USED Footer Element non-null: radiosondeSerialNumber = "M1923001"
USED Footer Element non-null: radiosondeSerialNumber = "M1923018"
USED Footer Element non-null: radiosondeSerialNumber = "M1923021"
USED Footer Element non-null: radiosondeSerialNumber = "M1923050"
USED Footer Element non-null: radiosondeSerialNumber = "M1923062"
USED Footer Element non-null: radiosondeSerialNumber = "M1923063"
USED Footer Element non-null: radiosondeSerialNumber = "M2353257"
USED Footer Element non-null: radiosondeSerialNumber = "M2523447"
USED Footer Element non-null: radiosondeSerialNumber = "M2743117"
USED Footer Element non-null: radiosondeSerialNumber = "M2853058"
USED Footer Element non-null: radiosondeSerialNumber = "M2933074"
USED Footer Element non-null: radiosondeSerialNumber = "M2933075"
USED Footer Element non-null: radiosondeSerialNumber = "M2933080"
USED Footer Element non-null: radiosondeSerialNumber = "M2933083"
USED Footer Element non-null: radiosondeSerialNumber = "M2933260"
USED Footer Element non-null: radiosondeSerialNumber = "M3523310"
USED Footer Element non-null: radiosondeSerialNumber = "M3523393"
USED Footer Element non-null: radiosondeSerialNumber = "M3533088"
USED Footer Element non-null: radiosondeSerialNumber = "M3533099"
USED Footer Element non-null: radiosondeSerialNumber = "M3533118"
USED Footer Element non-null: radiosondeSerialNumber = "M3553585"
USED Footer Element non-null: radiosondeSerialNumber = "M3553587"
USED Footer Element non-null: radiosondeSerialNumber = "M3553588"
USED Footer Element non-null: radiosondeSerialNumber = "M3553590"
USED Footer Element non-null: radiosondeSerialNumber = "M3553600"
USED Footer Element non-null: radiosondeSerialNumber = "M3553603"
USED Footer Element non-null: radiosondeSerialNumber = "M3553606"
USED Footer Element non-null: radiosondeSerialNumber = "M3553612"
USED Footer Element non-null: radiosondeSerialNumber = "M3553620"
USED Footer Element non-null: radiosondeSerialNumber = "M3553625"
USED Footer Element non-null: radiosondeSerialNumber = "M3553627"
USED Footer Element non-null: radiosondeSerialNumber = "M3553628"
USED Footer Element non-null: radiosondeSerialNumber = "M3553631"
USED Footer Element non-null: radiosondeSerialNumber = "M3553635"
USED Footer Element non-null: radiosondeSerialNumber = "M3553638"
USED Footer Element non-null: radiosondeSerialNumber = "M3553639"
USED Footer Element non-null: radiosondeSerialNumber = "M3553640"
USED Footer Element non-null: radiosondeSerialNumber = "M3553705"
USED Footer Element non-null: radiosondeSerialNumber = "M3553711"
USED Footer Element non-null: radiosondeSerialNumber = "M3553716"
USED Footer Element non-null: radiosondeSerialNumber = "M3553719"
USED Footer Element non-null: radiosondeSerialNumber = "M3553725"
USED Footer Element non-null: radiosondeSerialNumber = "M3553727"
USED Footer Element non-null: radiosondeSerialNumber = "M3553728"
USED Footer Element non-null: radiosondeSerialNumber = "M3553729"
USED Footer Element non-null: radiosondeSerialNumber = "M3553730"
USED Footer Element non-null: radiosondeSerialNumber = "M3553732"
USED Footer Element non-null: radiosondeSerialNumber = "M3553733"
USED Footer Element non-null: radiosondeSerialNumber = "M3553737"
USED Footer Element non-null: radiosondeSerialNumber = "M3553739"
USED Footer Element non-null: radiosondeSerialNumber = "M3553742"
USED Footer Element non-null: radiosondeSerialNumber = "M3553743"
USED Footer Element non-null: radiosondeSerialNumber = "M3553748"
USED Footer Element non-null: radiosondeSerialNumber = "M3553749"
USED Footer Element non-null: radiosondeSerialNumber = "M3553758"
USED Footer Element non-null: radiosondeSerialNumber = "M4333138"
USED Footer Element non-null: radiosondeSerialNumber = "M4333139"
USED Footer Element non-null: radiosondeSerialNumber = "M4333147"
USED Footer Element non-null: radiosondeSerialNumber = "M4333152"
USED Footer Element non-null: radiosondeSerialNumber = "M4333164"
USED Footer Element non-null: radiosondeSerialNumber = "M4333169"
USED Footer Element non-null: radiosondeSerialNumber = "M4333172"
USED Footer Element non-null: radiosondeSerialNumber = "M4333174"
USED Footer Element non-null: radiosondeSerialNumber = "M4333218"
USED Footer Element non-null: radiosondeSerialNumber = "M4553846"
USED Footer Element non-null: radiosondeSerialNumber = "M4553948"
USED Footer Element non-null: radiosondeSerialNumber = "M4554061"
USED Footer Element non-null: radiosondeSerialNumber = "M4554069"
USED Footer Element non-null: radiosondeSerialNumber = "M4613140"
USED Footer Element non-null: radiosondeSerialNumber = "M4613156"
USED Footer Element non-null: radiosondeSerialNumber = "M4613161"
USED Footer Element non-null: radiosondeSerialNumber = "M4613163"
USED Footer Element non-null: radiosondeSerialNumber = "M4613164"
USED Footer Element non-null: radiosondeSerialNumber = "M4613165"
USED Footer Element non-null: radiosondeSerialNumber = "M4613166"
USED Footer Element non-null: radiosondeSerialNumber = "M4613169"
USED Footer Element non-null: radiosondeSerialNumber = "M4613171"
USED Footer Element non-null: radiosondeSerialNumber = "M4613172"
USED Footer Element non-null: radiosondeSerialNumber = "M4613177"
USED Footer Element non-null: radiosondeSerialNumber = "M4613178"
USED Footer Element non-null: radiosondeSerialNumber = "M4613181"
USED Footer Element non-null: radiosondeSerialNumber = "M4613183"
USED Footer Element non-null: radiosondeSerialNumber = "M4613184"
USED Footer Element non-null: radiosondeSerialNumber = "M4613186"
USED Footer Element non-null: radiosondeSerialNumber = "M4613190"
USED Footer Element non-null: radiosondeSerialNumber = "M4613191"
USED Footer Element non-null: radiosondeSerialNumber = "M4613193"
USED Footer Element non-null: radiosondeSerialNumber = "M4613195"
USED Footer Element non-null: radiosondeSerialNumber = "M4613196"
USED Footer Element non-null: radiosondeSerialNumber = "M4613198"
USED Footer Element non-null: radiosondeSerialNumber = "M4613227"
USED Footer Element non-null: radiosondeSerialNumber = "M4613228"
USED Footer Element non-null: radiosondeSerialNumber = "M4613233"
USED Footer Element non-null: radiosondeSerialNumber = "M4613253"
USED Footer Element non-null: radiosondeSerialNumber = "M4613300"
USED Footer Element non-null: radiosondeSerialNumber = "N1033519"
USED Footer Element non-null: radiosondeSerialNumber = "N1053849"
USED Footer Element non-null: radiosondeSerialNumber = "N1053859"
USED Footer Element non-null: radiosondeSerialNumber = "N1053862"
USED Footer Element non-null: radiosondeSerialNumber = "N1143067"
USED Footer Element non-null: radiosondeSerialNumber = "N1143099"
USED Footer Element non-null: radiosondeSerialNumber = "N1143335"
USED Footer Element non-null: radiosondeSerialNumber = "N1143356"
USED Footer Element non-null: radiosondeSerialNumber = "N1143363"
USED Footer Element non-null: radiosondeSerialNumber = "N1143374"
USED Footer Element non-null: radiosondeSerialNumber = "N1253422"
