USED Footer Element non-null: radiosondeSerialNumber = "M1033884"
USED Footer Element non-null: radiosondeSerialNumber = "M1033967"
USED Footer Element non-null: radiosondeSerialNumber = "M1033969"
USED Footer Element non-null: radiosondeSerialNumber = "M1033992"
USED Footer Element non-null: radiosondeSerialNumber = "M1034005"
USED Footer Element non-null: radiosondeSerialNumber = "M1034007"
USED Footer Element non-null: radiosondeSerialNumber = "M1034009"
USED Footer Element non-null: radiosondeSerialNumber = "M1034014"
USED Footer Element non-null: radiosondeSerialNumber = "M1034016"
USED Footer Element non-null: radiosondeSerialNumber = "M1034018"
USED Footer Element non-null: radiosondeSerialNumber = "M1034020"
USED Footer Element non-null: radiosondeSerialNumber = "M1034021"
USED Footer Element non-null: radiosondeSerialNumber = "M1034022"
USED Footer Element non-null: radiosondeSerialNumber = "M1043257"
USED Footer Element non-null: radiosondeSerialNumber = "M1043258"
USED Footer Element non-null: radiosondeSerialNumber = "M1043264"
USED Footer Element non-null: radiosondeSerialNumber = "M1043265"
USED Footer Element non-null: radiosondeSerialNumber = "M1043266"
USED Footer Element non-null: radiosondeSerialNumber = "M1043272"
USED Footer Element non-null: radiosondeSerialNumber = "M1233618"
USED Footer Element non-null: radiosondeSerialNumber = "M1233626"
USED Footer Element non-null: radiosondeSerialNumber = "M1233629"
USED Footer Element non-null: radiosondeSerialNumber = "M1233630"
USED Footer Element non-null: radiosondeSerialNumber = "M1233631"
USED Footer Element non-null: radiosondeSerialNumber = "M1233634"
USED Footer Element non-null: radiosondeSerialNumber = "M1233836"
USED Footer Element non-null: radiosondeSerialNumber = "M1233838"
USED Footer Element non-null: radiosondeSerialNumber = "M1233849"
USED Footer Element non-null: radiosondeSerialNumber = "M1233851"
USED Footer Element non-null: radiosondeSerialNumber = "M1233852"
USED Footer Element non-null: radiosondeSerialNumber = "M1233853"
USED Footer Element non-null: radiosondeSerialNumber = "M1233859"
USED Footer Element non-null: radiosondeSerialNumber = "M1233860"
USED Footer Element non-null: radiosondeSerialNumber = "M1233861"
USED Footer Element non-null: radiosondeSerialNumber = "M1234003"
USED Footer Element non-null: radiosondeSerialNumber = "M2353257"
USED Footer Element non-null: radiosondeSerialNumber = "M2523447"
USED Footer Element non-null: radiosondeSerialNumber = "M2743117"
USED Footer Element non-null: radiosondeSerialNumber = "M2853058"
USED Footer Element non-null: radiosondeSerialNumber = "M2933074"
USED Footer Element non-null: radiosondeSerialNumber = "M2933075"
USED Footer Element non-null: radiosondeSerialNumber = "M2933080"
USED Footer Element non-null: radiosondeSerialNumber = "M2933083"
USED Footer Element non-null: radiosondeSerialNumber = "M2933260"
USED Footer Element non-null: radiosondeSerialNumber = "N1253422"
