 GoodGeopotentialHeight= 0, 		 nullGeopotentialHeight= 0, 		 allGeopotentialHeight= 0
 GoodNonCoordinateGeopotentialHeight= 1314, nullNonCoordinateGeopotentialHeight= 0, allNonCoordinateGeopotentialHeight= 1314
 GoodNonCoordinateGeopotentialHeight= 1332, nullNonCoordinateGeopotentialHeight= 0, allNonCoordinateGeopotentialHeight= 1332
 GoodNonCoordinateGeopotentialHeight= 1354, nullNonCoordinateGeopotentialHeight= 0, allNonCoordinateGeopotentialHeight= 1354
 GoodNonCoordinateGeopotentialHeight= 1403, nullNonCoordinateGeopotentialHeight= 0, allNonCoordinateGeopotentialHeight= 1403
 GoodNonCoordinateGeopotentialHeight= 1413, nullNonCoordinateGeopotentialHeight= 0, allNonCoordinateGeopotentialHeight= 1413
 GoodNonCoordinateGeopotentialHeight= 1414, nullNonCoordinateGeopotentialHeight= 0, allNonCoordinateGeopotentialHeight= 1414
 GoodNonCoordinateGeopotentialHeight= 1425, nullNonCoordinateGeopotentialHeight= 0, allNonCoordinateGeopotentialHeight= 1425
 GoodNonCoordinateGeopotentialHeight= 1427, nullNonCoordinateGeopotentialHeight= 0, allNonCoordinateGeopotentialHeight= 1427
 GoodNonCoordinateGeopotentialHeight= 1435, nullNonCoordinateGeopotentialHeight= 0, allNonCoordinateGeopotentialHeight= 1435
 GoodNonCoordinateGeopotentialHeight= 1438, nullNonCoordinateGeopotentialHeight= 0, allNonCoordinateGeopotentialHeight= 1438
 GoodNonCoordinateGeopotentialHeight= 1455, nullNonCoordinateGeopotentialHeight= 0, allNonCoordinateGeopotentialHeight= 1455
 GoodNonCoordinateGeopotentialHeight= 1456, nullNonCoordinateGeopotentialHeight= 0, allNonCoordinateGeopotentialHeight= 1456
 GoodNonCoordinateGeopotentialHeight= 1470, nullNonCoordinateGeopotentialHeight= 0, allNonCoordinateGeopotentialHeight= 1470
 GoodNonCoordinateGeopotentialHeight= 1473, nullNonCoordinateGeopotentialHeight= 0, allNonCoordinateGeopotentialHeight= 1473
 GoodNonCoordinateGeopotentialHeight= 1477, nullNonCoordinateGeopotentialHeight= 0, allNonCoordinateGeopotentialHeight= 1477
 GoodNonCoordinateGeopotentialHeight= 1480, nullNonCoordinateGeopotentialHeight= 0, allNonCoordinateGeopotentialHeight= 1480
 GoodNonCoordinateGeopotentialHeight= 1494, nullNonCoordinateGeopotentialHeight= 0, allNonCoordinateGeopotentialHeight= 1494
 GoodNonCoordinateGeopotentialHeight= 1495, nullNonCoordinateGeopotentialHeight= 0, allNonCoordinateGeopotentialHeight= 1495
 GoodNonCoordinateGeopotentialHeight= 1511, nullNonCoordinateGeopotentialHeight= 0, allNonCoordinateGeopotentialHeight= 1511
 GoodNonCoordinateGeopotentialHeight= 1529, nullNonCoordinateGeopotentialHeight= 0, allNonCoordinateGeopotentialHeight= 1529
 GoodNonCoordinateGeopotentialHeight= 1552, nullNonCoordinateGeopotentialHeight= 0, allNonCoordinateGeopotentialHeight= 1552
 GoodNonCoordinateGeopotentialHeight= 1555, nullNonCoordinateGeopotentialHeight= 0, allNonCoordinateGeopotentialHeight= 1555
 GoodNonCoordinateGeopotentialHeight= 1557, nullNonCoordinateGeopotentialHeight= 0, allNonCoordinateGeopotentialHeight= 1557
 GoodNonCoordinateGeopotentialHeight= 1567, nullNonCoordinateGeopotentialHeight= 0, allNonCoordinateGeopotentialHeight= 1567
 GoodNonCoordinateGeopotentialHeight= 1570, nullNonCoordinateGeopotentialHeight= 0, allNonCoordinateGeopotentialHeight= 1570
 GoodNonCoordinateGeopotentialHeight= 1571, nullNonCoordinateGeopotentialHeight= 0, allNonCoordinateGeopotentialHeight= 1571
 GoodNonCoordinateGeopotentialHeight= 1573, nullNonCoordinateGeopotentialHeight= 0, allNonCoordinateGeopotentialHeight= 1573
 GoodNonCoordinateGeopotentialHeight= 1576, nullNonCoordinateGeopotentialHeight= 0, allNonCoordinateGeopotentialHeight= 1576
 GoodNonCoordinateGeopotentialHeight= 1591, nullNonCoordinateGeopotentialHeight= 0, allNonCoordinateGeopotentialHeight= 1591
 GoodNonCoordinateGeopotentialHeight= 1599, nullNonCoordinateGeopotentialHeight= 0, allNonCoordinateGeopotentialHeight= 1599
 GoodNonCoordinateGeopotentialHeight= 1609, nullNonCoordinateGeopotentialHeight= 0, allNonCoordinateGeopotentialHeight= 1609
 GoodNonCoordinateGeopotentialHeight= 1614, nullNonCoordinateGeopotentialHeight= 0, allNonCoordinateGeopotentialHeight= 1614
 GoodNonCoordinateGeopotentialHeight= 1618, nullNonCoordinateGeopotentialHeight= 0, allNonCoordinateGeopotentialHeight= 1618
 GoodNonCoordinateGeopotentialHeight= 1626, nullNonCoordinateGeopotentialHeight= 0, allNonCoordinateGeopotentialHeight= 1626
 GoodNonCoordinateGeopotentialHeight= 1633, nullNonCoordinateGeopotentialHeight= 0, allNonCoordinateGeopotentialHeight= 1633
 GoodNonCoordinateGeopotentialHeight= 1639, nullNonCoordinateGeopotentialHeight= 0, allNonCoordinateGeopotentialHeight= 1639
 GoodNonCoordinateGeopotentialHeight= 1645, nullNonCoordinateGeopotentialHeight= 0, allNonCoordinateGeopotentialHeight= 1645
 GoodNonCoordinateGeopotentialHeight= 1648, nullNonCoordinateGeopotentialHeight= 0, allNonCoordinateGeopotentialHeight= 1648
 GoodNonCoordinateGeopotentialHeight= 1664, nullNonCoordinateGeopotentialHeight= 0, allNonCoordinateGeopotentialHeight= 1664
 GoodNonCoordinateGeopotentialHeight= 1669, nullNonCoordinateGeopotentialHeight= 0, allNonCoordinateGeopotentialHeight= 1669
 GoodNonCoordinateGeopotentialHeight= 1678, nullNonCoordinateGeopotentialHeight= 0, allNonCoordinateGeopotentialHeight= 1678
 GoodNonCoordinateGeopotentialHeight= 1681, nullNonCoordinateGeopotentialHeight= 0, allNonCoordinateGeopotentialHeight= 1681
 GoodNonCoordinateGeopotentialHeight= 1702, nullNonCoordinateGeopotentialHeight= 0, allNonCoordinateGeopotentialHeight= 1702
 GoodNonCoordinateGeopotentialHeight= 1714, nullNonCoordinateGeopotentialHeight= 0, allNonCoordinateGeopotentialHeight= 1714
USED Footer Element non-null: geopotentialHeightCalculation = 0
