USED Footer Element non-null: radiosondeSerialNumber = "M3631030"
USED Footer Element non-null: radiosondeSerialNumber = "M3631031"
USED Footer Element non-null: radiosondeSerialNumber = "M3631032"
USED Footer Element non-null: radiosondeSerialNumber = "M3650569"
USED Footer Element non-null: radiosondeSerialNumber = "M3650585"
USED Footer Element non-null: radiosondeSerialNumber = "M3650588"
USED Footer Element non-null: radiosondeSerialNumber = "M3650706"
USED Footer Element non-null: radiosondeSerialNumber = "M3720110"
USED Footer Element non-null: radiosondeSerialNumber = "M3720111"
USED Footer Element non-null: radiosondeSerialNumber = "M3720112"
USED Footer Element non-null: radiosondeSerialNumber = "M3720139"
USED Footer Element non-null: radiosondeSerialNumber = "M3720210"
USED Footer Element non-null: radiosondeSerialNumber = "M3720211"
USED Footer Element non-null: radiosondeSerialNumber = "M3720212"
USED Footer Element non-null: radiosondeSerialNumber = "M3720214"
USED Footer Element non-null: radiosondeSerialNumber = "M3720215"
USED Footer Element non-null: radiosondeSerialNumber = "N1530446"
USED Footer Element non-null: radiosondeSerialNumber = "N1630011"
USED Footer Element non-null: radiosondeSerialNumber = "N1720790"
USED Footer Element non-null: radiosondeSerialNumber = "N1720791"
USED Footer Element non-null: radiosondeSerialNumber = "N1720792"
USED Footer Element non-null: radiosondeSerialNumber = "N1720807"
USED Footer Element non-null: radiosondeSerialNumber = "N1720808"
USED Footer Element non-null: radiosondeSerialNumber = "N1720809"
USED Footer Element non-null: radiosondeSerialNumber = "N1720813"
USED Footer Element non-null: radiosondeSerialNumber = "N1740379"
USED Footer Element non-null: radiosondeSerialNumber = "N1740380"
USED Footer Element non-null: radiosondeSerialNumber = "N1740381"
USED Footer Element non-null: radiosondeSerialNumber = "N1740382"
USED Footer Element non-null: radiosondeSerialNumber = "N1740383"
USED Footer Element non-null: radiosondeSerialNumber = "N1740385"
USED Footer Element non-null: radiosondeSerialNumber = "N1740387"
USED Footer Element non-null: radiosondeSerialNumber = "N1740388"
USED Footer Element non-null: radiosondeSerialNumber = "N1740389"
USED Footer Element non-null: radiosondeSerialNumber = "N1740390"
USED Footer Element non-null: radiosondeSerialNumber = "N1740394"
USED Footer Element non-null: radiosondeSerialNumber = "N1740395"
USED Footer Element non-null: radiosondeSerialNumber = "N1740396"
USED Footer Element non-null: radiosondeSerialNumber = "N1740397"
USED Footer Element non-null: radiosondeSerialNumber = "N1740406"
USED Footer Element non-null: radiosondeSerialNumber = "N1740407"
USED Footer Element non-null: radiosondeSerialNumber = "N1740408"
USED Footer Element non-null: radiosondeSerialNumber = "N1740469"
USED Footer Element non-null: radiosondeSerialNumber = "N1740470"
USED Footer Element non-null: radiosondeSerialNumber = "N1740471"
USED Footer Element non-null: radiosondeSerialNumber = "N1740472"
USED Footer Element non-null: radiosondeSerialNumber = "N1740473"
USED Footer Element non-null: radiosondeSerialNumber = "N1740474"
USED Footer Element non-null: radiosondeSerialNumber = "N1820043"
USED Footer Element non-null: radiosondeSerialNumber = "N3430179"
USED Footer Element non-null: radiosondeSerialNumber = "N3440033"
USED Footer Element non-null: radiosondeSerialNumber = "N3440129"
USED Footer Element non-null: radiosondeSerialNumber = "N3440130"
USED Footer Element non-null: radiosondeSerialNumber = "N3440131"
USED Footer Element non-null: radiosondeSerialNumber = "N3440135"
USED Footer Element non-null: radiosondeSerialNumber = "N3440136"
USED Footer Element non-null: radiosondeSerialNumber = "N3440659"
USED Footer Element non-null: radiosondeSerialNumber = "N3510163"
USED Footer Element non-null: radiosondeSerialNumber = "N3510263"
USED Footer Element non-null: radiosondeSerialNumber = "N3510282"
USED Footer Element non-null: radiosondeSerialNumber = "N3510284"
USED Footer Element non-null: radiosondeSerialNumber = "N3510285"
USED Footer Element non-null: radiosondeSerialNumber = "N3510286"
USED Footer Element non-null: radiosondeSerialNumber = "N3510287"
USED Footer Element non-null: radiosondeSerialNumber = "N3510288"
USED Footer Element non-null: radiosondeSerialNumber = "N3520347"
USED Footer Element non-null: radiosondeSerialNumber = "N3520348"
USED Footer Element non-null: radiosondeSerialNumber = "N3520351"
USED Footer Element non-null: radiosondeSerialNumber = "N3520352"
USED Footer Element non-null: radiosondeSerialNumber = "N3520354"
USED Footer Element non-null: radiosondeSerialNumber = "N3520368"
USED Footer Element non-null: radiosondeSerialNumber = "N3520369"
USED Footer Element non-null: radiosondeSerialNumber = "N3520371"
USED Footer Element non-null: radiosondeSerialNumber = "N3520419"
USED Footer Element non-null: radiosondeSerialNumber = "N3520455"
USED Footer Element non-null: radiosondeSerialNumber = "N3520456"
USED Footer Element non-null: radiosondeSerialNumber = "N3520458"
USED Footer Element non-null: radiosondeSerialNumber = "N3520459"
USED Footer Element non-null: radiosondeSerialNumber = "N3520460"
USED Footer Element non-null: radiosondeSerialNumber = "N3520461"
USED Footer Element non-null: radiosondeSerialNumber = "N3520462"
USED Footer Element non-null: radiosondeSerialNumber = "N3530529"
USED Footer Element non-null: radiosondeSerialNumber = "N3530534"
USED Footer Element non-null: radiosondeSerialNumber = "N3530537"
USED Footer Element non-null: radiosondeSerialNumber = "N3540021"
USED Footer Element non-null: radiosondeSerialNumber = "N3540156"
USED Footer Element non-null: radiosondeSerialNumber = "N3540160"
USED Footer Element non-null: radiosondeSerialNumber = "N3540162"
USED Footer Element non-null: radiosondeSerialNumber = "N3540169"
USED Footer Element non-null: radiosondeSerialNumber = "N3540171"
USED Footer Element non-null: radiosondeSerialNumber = "N3540172"
USED Footer Element non-null: radiosondeSerialNumber = "N3540173"
USED Footer Element non-null: radiosondeSerialNumber = "N3540174"
USED Footer Element non-null: radiosondeSerialNumber = "N3540192"
USED Footer Element non-null: radiosondeSerialNumber = "N3540261"
USED Footer Element non-null: radiosondeSerialNumber = "N3540262"
USED Footer Element non-null: radiosondeSerialNumber = "N3540277"
USED Footer Element non-null: radiosondeSerialNumber = "N3540279"
USED Footer Element non-null: radiosondeSerialNumber = "N3540280"
USED Footer Element non-null: radiosondeSerialNumber = "N3540297"
USED Footer Element non-null: radiosondeSerialNumber = "N3540298"
USED Footer Element non-null: radiosondeSerialNumber = "N3540299"
USED Footer Element non-null: radiosondeSerialNumber = "N3540309"
USED Footer Element non-null: radiosondeSerialNumber = "N3540361"
USED Footer Element non-null: radiosondeSerialNumber = "N3550593"
USED Footer Element non-null: radiosondeSerialNumber = "N3550594"
USED Footer Element non-null: radiosondeSerialNumber = "N3550595"
USED Footer Element non-null: radiosondeSerialNumber = "N3550596"
USED Footer Element non-null: radiosondeSerialNumber = "N3550597"
USED Footer Element non-null: radiosondeSerialNumber = "N3550598"
USED Footer Element non-null: radiosondeSerialNumber = "N3550600"
USED Footer Element non-null: radiosondeSerialNumber = "N3550601"
USED Footer Element non-null: radiosondeSerialNumber = "N3550602"
USED Footer Element non-null: radiosondeSerialNumber = "N3550603"
USED Footer Element non-null: radiosondeSerialNumber = "N3550605"
USED Footer Element non-null: radiosondeSerialNumber = "N3550606"
USED Footer Element non-null: radiosondeSerialNumber = "N3550607"
USED Footer Element non-null: radiosondeSerialNumber = "N3550608"
USED Footer Element non-null: radiosondeSerialNumber = "N3550609"
USED Footer Element non-null: radiosondeSerialNumber = "N3550610"
USED Footer Element non-null: radiosondeSerialNumber = "N3550611"
USED Footer Element non-null: radiosondeSerialNumber = "N3550612"
USED Footer Element non-null: radiosondeSerialNumber = "N3550613"
USED Footer Element non-null: radiosondeSerialNumber = "N3550614"
USED Footer Element non-null: radiosondeSerialNumber = "N3550615"
USED Footer Element non-null: radiosondeSerialNumber = "N3550616"
USED Footer Element non-null: radiosondeSerialNumber = "N3550617"
USED Footer Element non-null: radiosondeSerialNumber = "N3550625"
USED Footer Element non-null: radiosondeSerialNumber = "N3550655"
USED Footer Element non-null: radiosondeSerialNumber = "N3550657"
USED Footer Element non-null: radiosondeSerialNumber = "N3550658"
USED Footer Element non-null: radiosondeSerialNumber = "N3550659"
USED Footer Element non-null: radiosondeSerialNumber = "N3550660"
USED Footer Element non-null: radiosondeSerialNumber = "N3550666"
USED Footer Element non-null: radiosondeSerialNumber = "N3550691"
USED Footer Element non-null: radiosondeSerialNumber = "N3550692"
USED Footer Element non-null: radiosondeSerialNumber = "N3550693"
USED Footer Element non-null: radiosondeSerialNumber = "N3550694"
USED Footer Element non-null: radiosondeSerialNumber = "N3550695"
USED Footer Element non-null: radiosondeSerialNumber = "N3550696"
USED Footer Element non-null: radiosondeSerialNumber = "N3550701"
USED Footer Element non-null: radiosondeSerialNumber = "N3550702"
USED Footer Element non-null: radiosondeSerialNumber = "N3550703"
USED Footer Element non-null: radiosondeSerialNumber = "N3550704"
USED Footer Element non-null: radiosondeSerialNumber = "N3550706"
USED Footer Element non-null: radiosondeSerialNumber = "N3550707"
USED Footer Element non-null: radiosondeSerialNumber = "N3550708"
USED Footer Element non-null: radiosondeSerialNumber = "N3550715"
USED Footer Element non-null: radiosondeSerialNumber = "N3550716"
USED Footer Element non-null: radiosondeSerialNumber = "N3550717"
USED Footer Element non-null: radiosondeSerialNumber = "N3550721"
USED Footer Element non-null: radiosondeSerialNumber = "N3550722"
USED Footer Element non-null: radiosondeSerialNumber = "N3550723"
USED Footer Element non-null: radiosondeSerialNumber = "N3550724"
USED Footer Element non-null: radiosondeSerialNumber = "N3550725"
USED Footer Element non-null: radiosondeSerialNumber = "N3550726"
USED Footer Element non-null: radiosondeSerialNumber = "N3550728"
USED Footer Element non-null: radiosondeSerialNumber = "N3550729"
USED Footer Element non-null: radiosondeSerialNumber = "N3550730"
USED Footer Element non-null: radiosondeSerialNumber = "N3550731"
USED Footer Element non-null: radiosondeSerialNumber = "N3550732"
USED Footer Element non-null: radiosondeSerialNumber = "N3550733"
USED Footer Element non-null: radiosondeSerialNumber = "N3550734"
USED Footer Element non-null: radiosondeSerialNumber = "N3550735"
USED Footer Element non-null: radiosondeSerialNumber = "N3550736"
USED Footer Element non-null: radiosondeSerialNumber = "N3550737"
USED Footer Element non-null: radiosondeSerialNumber = "N3550738"
USED Footer Element non-null: radiosondeSerialNumber = "N3550739"
USED Footer Element non-null: radiosondeSerialNumber = "N3550740"
USED Footer Element non-null: radiosondeSerialNumber = "N3550741"
USED Footer Element non-null: radiosondeSerialNumber = "N3550742"
USED Footer Element non-null: radiosondeSerialNumber = "N3550743"
USED Footer Element non-null: radiosondeSerialNumber = "N3550763"
USED Footer Element non-null: radiosondeSerialNumber = "N3550769"
USED Footer Element non-null: radiosondeSerialNumber = "N3550770"
USED Footer Element non-null: radiosondeSerialNumber = "N3550771"
USED Footer Element non-null: radiosondeSerialNumber = "N3550772"
USED Footer Element non-null: radiosondeSerialNumber = "N3550773"
USED Footer Element non-null: radiosondeSerialNumber = "N3550774"
