 GoodGeopotentialHeight= 0, 		 nullGeopotentialHeight= 0, 		 allGeopotentialHeight= 0
 GoodNonCoordinateGeopotentialHeight= 1577, nullNonCoordinateGeopotentialHeight= 0, allNonCoordinateGeopotentialHeight= 1577
 GoodNonCoordinateGeopotentialHeight= 270, nullNonCoordinateGeopotentialHeight= 0, allNonCoordinateGeopotentialHeight= 270
 GoodNonCoordinateGeopotentialHeight= 3078, nullNonCoordinateGeopotentialHeight= 0, allNonCoordinateGeopotentialHeight= 3078
 GoodNonCoordinateGeopotentialHeight= 3221, nullNonCoordinateGeopotentialHeight= 0, allNonCoordinateGeopotentialHeight= 3221
 GoodNonCoordinateGeopotentialHeight= 3267, nullNonCoordinateGeopotentialHeight= 0, allNonCoordinateGeopotentialHeight= 3267
 GoodNonCoordinateGeopotentialHeight= 3310, nullNonCoordinateGeopotentialHeight= 0, allNonCoordinateGeopotentialHeight= 3310
 GoodNonCoordinateGeopotentialHeight= 3323, nullNonCoordinateGeopotentialHeight= 0, allNonCoordinateGeopotentialHeight= 3323
 GoodNonCoordinateGeopotentialHeight= 3332, nullNonCoordinateGeopotentialHeight= 0, allNonCoordinateGeopotentialHeight= 3332
 GoodNonCoordinateGeopotentialHeight= 3365, nullNonCoordinateGeopotentialHeight= 0, allNonCoordinateGeopotentialHeight= 3365
 GoodNonCoordinateGeopotentialHeight= 3367, nullNonCoordinateGeopotentialHeight= 0, allNonCoordinateGeopotentialHeight= 3367
 GoodNonCoordinateGeopotentialHeight= 3381, nullNonCoordinateGeopotentialHeight= 0, allNonCoordinateGeopotentialHeight= 3381
 GoodNonCoordinateGeopotentialHeight= 3386, nullNonCoordinateGeopotentialHeight= 0, allNonCoordinateGeopotentialHeight= 3386
 GoodNonCoordinateGeopotentialHeight= 3404, nullNonCoordinateGeopotentialHeight= 0, allNonCoordinateGeopotentialHeight= 3404
 GoodNonCoordinateGeopotentialHeight= 3468, nullNonCoordinateGeopotentialHeight= 0, allNonCoordinateGeopotentialHeight= 3468
 GoodNonCoordinateGeopotentialHeight= 3511, nullNonCoordinateGeopotentialHeight= 0, allNonCoordinateGeopotentialHeight= 3511
 GoodNonCoordinateGeopotentialHeight= 3522, nullNonCoordinateGeopotentialHeight= 0, allNonCoordinateGeopotentialHeight= 3522
 GoodNonCoordinateGeopotentialHeight= 3530, nullNonCoordinateGeopotentialHeight= 0, allNonCoordinateGeopotentialHeight= 3530
 GoodNonCoordinateGeopotentialHeight= 3567, nullNonCoordinateGeopotentialHeight= 0, allNonCoordinateGeopotentialHeight= 3567
 GoodNonCoordinateGeopotentialHeight= 3579, nullNonCoordinateGeopotentialHeight= 0, allNonCoordinateGeopotentialHeight= 3579
 GoodNonCoordinateGeopotentialHeight= 3585, nullNonCoordinateGeopotentialHeight= 0, allNonCoordinateGeopotentialHeight= 3585
 GoodNonCoordinateGeopotentialHeight= 3608, nullNonCoordinateGeopotentialHeight= 0, allNonCoordinateGeopotentialHeight= 3608
 GoodNonCoordinateGeopotentialHeight= 3615, nullNonCoordinateGeopotentialHeight= 0, allNonCoordinateGeopotentialHeight= 3615
 GoodNonCoordinateGeopotentialHeight= 3630, nullNonCoordinateGeopotentialHeight= 0, allNonCoordinateGeopotentialHeight= 3630
 GoodNonCoordinateGeopotentialHeight= 3653, nullNonCoordinateGeopotentialHeight= 0, allNonCoordinateGeopotentialHeight= 3653
 GoodNonCoordinateGeopotentialHeight= 3673, nullNonCoordinateGeopotentialHeight= 0, allNonCoordinateGeopotentialHeight= 3673
 GoodNonCoordinateGeopotentialHeight= 3761, nullNonCoordinateGeopotentialHeight= 0, allNonCoordinateGeopotentialHeight= 3761
 GoodNonCoordinateGeopotentialHeight= 3768, nullNonCoordinateGeopotentialHeight= 0, allNonCoordinateGeopotentialHeight= 3768
 GoodNonCoordinateGeopotentialHeight= 3780, nullNonCoordinateGeopotentialHeight= 0, allNonCoordinateGeopotentialHeight= 3780
 GoodNonCoordinateGeopotentialHeight= 3793, nullNonCoordinateGeopotentialHeight= 0, allNonCoordinateGeopotentialHeight= 3793
 GoodNonCoordinateGeopotentialHeight= 3809, nullNonCoordinateGeopotentialHeight= 0, allNonCoordinateGeopotentialHeight= 3809
 GoodNonCoordinateGeopotentialHeight= 3843, nullNonCoordinateGeopotentialHeight= 0, allNonCoordinateGeopotentialHeight= 3843
 GoodNonCoordinateGeopotentialHeight= 3850, nullNonCoordinateGeopotentialHeight= 0, allNonCoordinateGeopotentialHeight= 3850
 GoodNonCoordinateGeopotentialHeight= 3852, nullNonCoordinateGeopotentialHeight= 0, allNonCoordinateGeopotentialHeight= 3852
 GoodNonCoordinateGeopotentialHeight= 3863, nullNonCoordinateGeopotentialHeight= 0, allNonCoordinateGeopotentialHeight= 3863
 GoodNonCoordinateGeopotentialHeight= 3864, nullNonCoordinateGeopotentialHeight= 0, allNonCoordinateGeopotentialHeight= 3864
 GoodNonCoordinateGeopotentialHeight= 3878, nullNonCoordinateGeopotentialHeight= 0, allNonCoordinateGeopotentialHeight= 3878
 GoodNonCoordinateGeopotentialHeight= 3891, nullNonCoordinateGeopotentialHeight= 0, allNonCoordinateGeopotentialHeight= 3891
 GoodNonCoordinateGeopotentialHeight= 3926, nullNonCoordinateGeopotentialHeight= 0, allNonCoordinateGeopotentialHeight= 3926
 GoodNonCoordinateGeopotentialHeight= 3951, nullNonCoordinateGeopotentialHeight= 0, allNonCoordinateGeopotentialHeight= 3951
 GoodNonCoordinateGeopotentialHeight= 3954, nullNonCoordinateGeopotentialHeight= 0, allNonCoordinateGeopotentialHeight= 3954
 GoodNonCoordinateGeopotentialHeight= 3965, nullNonCoordinateGeopotentialHeight= 0, allNonCoordinateGeopotentialHeight= 3965
 GoodNonCoordinateGeopotentialHeight= 3983, nullNonCoordinateGeopotentialHeight= 0, allNonCoordinateGeopotentialHeight= 3983
 GoodNonCoordinateGeopotentialHeight= 3991, nullNonCoordinateGeopotentialHeight= 0, allNonCoordinateGeopotentialHeight= 3991
 GoodNonCoordinateGeopotentialHeight= 4023, nullNonCoordinateGeopotentialHeight= 0, allNonCoordinateGeopotentialHeight= 4023
 GoodNonCoordinateGeopotentialHeight= 4044, nullNonCoordinateGeopotentialHeight= 0, allNonCoordinateGeopotentialHeight= 4044
 GoodNonCoordinateGeopotentialHeight= 4050, nullNonCoordinateGeopotentialHeight= 0, allNonCoordinateGeopotentialHeight= 4050
 GoodNonCoordinateGeopotentialHeight= 4052, nullNonCoordinateGeopotentialHeight= 0, allNonCoordinateGeopotentialHeight= 4052
 GoodNonCoordinateGeopotentialHeight= 4063, nullNonCoordinateGeopotentialHeight= 0, allNonCoordinateGeopotentialHeight= 4063
 GoodNonCoordinateGeopotentialHeight= 4079, nullNonCoordinateGeopotentialHeight= 0, allNonCoordinateGeopotentialHeight= 4079
 GoodNonCoordinateGeopotentialHeight= 4089, nullNonCoordinateGeopotentialHeight= 0, allNonCoordinateGeopotentialHeight= 4089
 GoodNonCoordinateGeopotentialHeight= 4118, nullNonCoordinateGeopotentialHeight= 0, allNonCoordinateGeopotentialHeight= 4118
 GoodNonCoordinateGeopotentialHeight= 4150, nullNonCoordinateGeopotentialHeight= 0, allNonCoordinateGeopotentialHeight= 4150
 GoodNonCoordinateGeopotentialHeight= 4165, nullNonCoordinateGeopotentialHeight= 0, allNonCoordinateGeopotentialHeight= 4165
 GoodNonCoordinateGeopotentialHeight= 4170, nullNonCoordinateGeopotentialHeight= 0, allNonCoordinateGeopotentialHeight= 4170
 GoodNonCoordinateGeopotentialHeight= 4171, nullNonCoordinateGeopotentialHeight= 0, allNonCoordinateGeopotentialHeight= 4171
 GoodNonCoordinateGeopotentialHeight= 4204, nullNonCoordinateGeopotentialHeight= 0, allNonCoordinateGeopotentialHeight= 4204
 GoodNonCoordinateGeopotentialHeight= 4207, nullNonCoordinateGeopotentialHeight= 0, allNonCoordinateGeopotentialHeight= 4207
 GoodNonCoordinateGeopotentialHeight= 4230, nullNonCoordinateGeopotentialHeight= 0, allNonCoordinateGeopotentialHeight= 4230
 GoodNonCoordinateGeopotentialHeight= 4231, nullNonCoordinateGeopotentialHeight= 0, allNonCoordinateGeopotentialHeight= 4231
 GoodNonCoordinateGeopotentialHeight= 4239, nullNonCoordinateGeopotentialHeight= 0, allNonCoordinateGeopotentialHeight= 4239
 GoodNonCoordinateGeopotentialHeight= 4242, nullNonCoordinateGeopotentialHeight= 0, allNonCoordinateGeopotentialHeight= 4242
 GoodNonCoordinateGeopotentialHeight= 4281, nullNonCoordinateGeopotentialHeight= 0, allNonCoordinateGeopotentialHeight= 4281
 GoodNonCoordinateGeopotentialHeight= 4283, nullNonCoordinateGeopotentialHeight= 0, allNonCoordinateGeopotentialHeight= 4283
 GoodNonCoordinateGeopotentialHeight= 4291, nullNonCoordinateGeopotentialHeight= 0, allNonCoordinateGeopotentialHeight= 4291
 GoodNonCoordinateGeopotentialHeight= 4300, nullNonCoordinateGeopotentialHeight= 0, allNonCoordinateGeopotentialHeight= 4300
 GoodNonCoordinateGeopotentialHeight= 4307, nullNonCoordinateGeopotentialHeight= 0, allNonCoordinateGeopotentialHeight= 4307
 GoodNonCoordinateGeopotentialHeight= 4316, nullNonCoordinateGeopotentialHeight= 0, allNonCoordinateGeopotentialHeight= 4316
 GoodNonCoordinateGeopotentialHeight= 4322, nullNonCoordinateGeopotentialHeight= 0, allNonCoordinateGeopotentialHeight= 4322
 GoodNonCoordinateGeopotentialHeight= 4340, nullNonCoordinateGeopotentialHeight= 0, allNonCoordinateGeopotentialHeight= 4340
 GoodNonCoordinateGeopotentialHeight= 4352, nullNonCoordinateGeopotentialHeight= 0, allNonCoordinateGeopotentialHeight= 4352
 GoodNonCoordinateGeopotentialHeight= 4370, nullNonCoordinateGeopotentialHeight= 0, allNonCoordinateGeopotentialHeight= 4370
 GoodNonCoordinateGeopotentialHeight= 4371, nullNonCoordinateGeopotentialHeight= 0, allNonCoordinateGeopotentialHeight= 4371
 GoodNonCoordinateGeopotentialHeight= 4373, nullNonCoordinateGeopotentialHeight= 0, allNonCoordinateGeopotentialHeight= 4373
 GoodNonCoordinateGeopotentialHeight= 4375, nullNonCoordinateGeopotentialHeight= 0, allNonCoordinateGeopotentialHeight= 4375
 GoodNonCoordinateGeopotentialHeight= 4378, nullNonCoordinateGeopotentialHeight= 0, allNonCoordinateGeopotentialHeight= 4378
 GoodNonCoordinateGeopotentialHeight= 4386, nullNonCoordinateGeopotentialHeight= 0, allNonCoordinateGeopotentialHeight= 4386
 GoodNonCoordinateGeopotentialHeight= 4393, nullNonCoordinateGeopotentialHeight= 0, allNonCoordinateGeopotentialHeight= 4393
 GoodNonCoordinateGeopotentialHeight= 4396, nullNonCoordinateGeopotentialHeight= 0, allNonCoordinateGeopotentialHeight= 4396
 GoodNonCoordinateGeopotentialHeight= 4398, nullNonCoordinateGeopotentialHeight= 0, allNonCoordinateGeopotentialHeight= 4398
 GoodNonCoordinateGeopotentialHeight= 4409, nullNonCoordinateGeopotentialHeight= 0, allNonCoordinateGeopotentialHeight= 4409
 GoodNonCoordinateGeopotentialHeight= 4412, nullNonCoordinateGeopotentialHeight= 0, allNonCoordinateGeopotentialHeight= 4412
 GoodNonCoordinateGeopotentialHeight= 4439, nullNonCoordinateGeopotentialHeight= 0, allNonCoordinateGeopotentialHeight= 4439
 GoodNonCoordinateGeopotentialHeight= 4473, nullNonCoordinateGeopotentialHeight= 0, allNonCoordinateGeopotentialHeight= 4473
 GoodNonCoordinateGeopotentialHeight= 4474, nullNonCoordinateGeopotentialHeight= 0, allNonCoordinateGeopotentialHeight= 4474
 GoodNonCoordinateGeopotentialHeight= 4497, nullNonCoordinateGeopotentialHeight= 0, allNonCoordinateGeopotentialHeight= 4497
 GoodNonCoordinateGeopotentialHeight= 4504, nullNonCoordinateGeopotentialHeight= 0, allNonCoordinateGeopotentialHeight= 4504
 GoodNonCoordinateGeopotentialHeight= 4523, nullNonCoordinateGeopotentialHeight= 0, allNonCoordinateGeopotentialHeight= 4523
 GoodNonCoordinateGeopotentialHeight= 4541, nullNonCoordinateGeopotentialHeight= 0, allNonCoordinateGeopotentialHeight= 4541
 GoodNonCoordinateGeopotentialHeight= 4570, nullNonCoordinateGeopotentialHeight= 0, allNonCoordinateGeopotentialHeight= 4570
 GoodNonCoordinateGeopotentialHeight= 4574, nullNonCoordinateGeopotentialHeight= 0, allNonCoordinateGeopotentialHeight= 4574
 GoodNonCoordinateGeopotentialHeight= 4580, nullNonCoordinateGeopotentialHeight= 0, allNonCoordinateGeopotentialHeight= 4580
 GoodNonCoordinateGeopotentialHeight= 4585, nullNonCoordinateGeopotentialHeight= 0, allNonCoordinateGeopotentialHeight= 4585
 GoodNonCoordinateGeopotentialHeight= 4588, nullNonCoordinateGeopotentialHeight= 0, allNonCoordinateGeopotentialHeight= 4588
 GoodNonCoordinateGeopotentialHeight= 4589, nullNonCoordinateGeopotentialHeight= 0, allNonCoordinateGeopotentialHeight= 4589
 GoodNonCoordinateGeopotentialHeight= 4601, nullNonCoordinateGeopotentialHeight= 0, allNonCoordinateGeopotentialHeight= 4601
 GoodNonCoordinateGeopotentialHeight= 4606, nullNonCoordinateGeopotentialHeight= 0, allNonCoordinateGeopotentialHeight= 4606
 GoodNonCoordinateGeopotentialHeight= 4607, nullNonCoordinateGeopotentialHeight= 0, allNonCoordinateGeopotentialHeight= 4607
 GoodNonCoordinateGeopotentialHeight= 4608, nullNonCoordinateGeopotentialHeight= 0, allNonCoordinateGeopotentialHeight= 4608
 GoodNonCoordinateGeopotentialHeight= 4616, nullNonCoordinateGeopotentialHeight= 0, allNonCoordinateGeopotentialHeight= 4616
 GoodNonCoordinateGeopotentialHeight= 4628, nullNonCoordinateGeopotentialHeight= 0, allNonCoordinateGeopotentialHeight= 4628
 GoodNonCoordinateGeopotentialHeight= 4636, nullNonCoordinateGeopotentialHeight= 0, allNonCoordinateGeopotentialHeight= 4636
 GoodNonCoordinateGeopotentialHeight= 4638, nullNonCoordinateGeopotentialHeight= 0, allNonCoordinateGeopotentialHeight= 4638
 GoodNonCoordinateGeopotentialHeight= 4640, nullNonCoordinateGeopotentialHeight= 0, allNonCoordinateGeopotentialHeight= 4640
 GoodNonCoordinateGeopotentialHeight= 4642, nullNonCoordinateGeopotentialHeight= 0, allNonCoordinateGeopotentialHeight= 4642
 GoodNonCoordinateGeopotentialHeight= 4649, nullNonCoordinateGeopotentialHeight= 0, allNonCoordinateGeopotentialHeight= 4649
 GoodNonCoordinateGeopotentialHeight= 4652, nullNonCoordinateGeopotentialHeight= 0, allNonCoordinateGeopotentialHeight= 4652
 GoodNonCoordinateGeopotentialHeight= 4655, nullNonCoordinateGeopotentialHeight= 0, allNonCoordinateGeopotentialHeight= 4655
 GoodNonCoordinateGeopotentialHeight= 4684, nullNonCoordinateGeopotentialHeight= 0, allNonCoordinateGeopotentialHeight= 4684
 GoodNonCoordinateGeopotentialHeight= 4717, nullNonCoordinateGeopotentialHeight= 0, allNonCoordinateGeopotentialHeight= 4717
 GoodNonCoordinateGeopotentialHeight= 4742, nullNonCoordinateGeopotentialHeight= 0, allNonCoordinateGeopotentialHeight= 4742
 GoodNonCoordinateGeopotentialHeight= 4746, nullNonCoordinateGeopotentialHeight= 0, allNonCoordinateGeopotentialHeight= 4746
 GoodNonCoordinateGeopotentialHeight= 4748, nullNonCoordinateGeopotentialHeight= 0, allNonCoordinateGeopotentialHeight= 4748
 GoodNonCoordinateGeopotentialHeight= 4787, nullNonCoordinateGeopotentialHeight= 0, allNonCoordinateGeopotentialHeight= 4787
 GoodNonCoordinateGeopotentialHeight= 4804, nullNonCoordinateGeopotentialHeight= 0, allNonCoordinateGeopotentialHeight= 4804
 GoodNonCoordinateGeopotentialHeight= 4837, nullNonCoordinateGeopotentialHeight= 0, allNonCoordinateGeopotentialHeight= 4837
 GoodNonCoordinateGeopotentialHeight= 4842, nullNonCoordinateGeopotentialHeight= 0, allNonCoordinateGeopotentialHeight= 4842
 GoodNonCoordinateGeopotentialHeight= 4859, nullNonCoordinateGeopotentialHeight= 0, allNonCoordinateGeopotentialHeight= 4859
 GoodNonCoordinateGeopotentialHeight= 4867, nullNonCoordinateGeopotentialHeight= 0, allNonCoordinateGeopotentialHeight= 4867
 GoodNonCoordinateGeopotentialHeight= 4915, nullNonCoordinateGeopotentialHeight= 0, allNonCoordinateGeopotentialHeight= 4915
 GoodNonCoordinateGeopotentialHeight= 4931, nullNonCoordinateGeopotentialHeight= 0, allNonCoordinateGeopotentialHeight= 4931
 GoodNonCoordinateGeopotentialHeight= 4935, nullNonCoordinateGeopotentialHeight= 0, allNonCoordinateGeopotentialHeight= 4935
 GoodNonCoordinateGeopotentialHeight= 4947, nullNonCoordinateGeopotentialHeight= 0, allNonCoordinateGeopotentialHeight= 4947
 GoodNonCoordinateGeopotentialHeight= 4983, nullNonCoordinateGeopotentialHeight= 0, allNonCoordinateGeopotentialHeight= 4983
 GoodNonCoordinateGeopotentialHeight= 5002, nullNonCoordinateGeopotentialHeight= 0, allNonCoordinateGeopotentialHeight= 5002
 GoodNonCoordinateGeopotentialHeight= 5005, nullNonCoordinateGeopotentialHeight= 0, allNonCoordinateGeopotentialHeight= 5005
 GoodNonCoordinateGeopotentialHeight= 5029, nullNonCoordinateGeopotentialHeight= 0, allNonCoordinateGeopotentialHeight= 5029
 GoodNonCoordinateGeopotentialHeight= 5037, nullNonCoordinateGeopotentialHeight= 0, allNonCoordinateGeopotentialHeight= 5037
 GoodNonCoordinateGeopotentialHeight= 5039, nullNonCoordinateGeopotentialHeight= 0, allNonCoordinateGeopotentialHeight= 5039
 GoodNonCoordinateGeopotentialHeight= 5053, nullNonCoordinateGeopotentialHeight= 0, allNonCoordinateGeopotentialHeight= 5053
 GoodNonCoordinateGeopotentialHeight= 5075, nullNonCoordinateGeopotentialHeight= 0, allNonCoordinateGeopotentialHeight= 5075
 GoodNonCoordinateGeopotentialHeight= 5096, nullNonCoordinateGeopotentialHeight= 0, allNonCoordinateGeopotentialHeight= 5096
 GoodNonCoordinateGeopotentialHeight= 5130, nullNonCoordinateGeopotentialHeight= 0, allNonCoordinateGeopotentialHeight= 5130
 GoodNonCoordinateGeopotentialHeight= 5147, nullNonCoordinateGeopotentialHeight= 0, allNonCoordinateGeopotentialHeight= 5147
 GoodNonCoordinateGeopotentialHeight= 5172, nullNonCoordinateGeopotentialHeight= 0, allNonCoordinateGeopotentialHeight= 5172
 GoodNonCoordinateGeopotentialHeight= 5207, nullNonCoordinateGeopotentialHeight= 0, allNonCoordinateGeopotentialHeight= 5207
 GoodNonCoordinateGeopotentialHeight= 5258, nullNonCoordinateGeopotentialHeight= 0, allNonCoordinateGeopotentialHeight= 5258
 GoodNonCoordinateGeopotentialHeight= 5263, nullNonCoordinateGeopotentialHeight= 244, allNonCoordinateGeopotentialHeight= 5507
 GoodNonCoordinateGeopotentialHeight= 5270, nullNonCoordinateGeopotentialHeight= 0, allNonCoordinateGeopotentialHeight= 5270
 GoodNonCoordinateGeopotentialHeight= 5272, nullNonCoordinateGeopotentialHeight= 0, allNonCoordinateGeopotentialHeight= 5272
 GoodNonCoordinateGeopotentialHeight= 5279, nullNonCoordinateGeopotentialHeight= 0, allNonCoordinateGeopotentialHeight= 5279
 GoodNonCoordinateGeopotentialHeight= 5283, nullNonCoordinateGeopotentialHeight= 0, allNonCoordinateGeopotentialHeight= 5283
 GoodNonCoordinateGeopotentialHeight= 5296, nullNonCoordinateGeopotentialHeight= 0, allNonCoordinateGeopotentialHeight= 5296
 GoodNonCoordinateGeopotentialHeight= 5303, nullNonCoordinateGeopotentialHeight= 0, allNonCoordinateGeopotentialHeight= 5303
 GoodNonCoordinateGeopotentialHeight= 5310, nullNonCoordinateGeopotentialHeight= 0, allNonCoordinateGeopotentialHeight= 5310
 GoodNonCoordinateGeopotentialHeight= 5321, nullNonCoordinateGeopotentialHeight= 0, allNonCoordinateGeopotentialHeight= 5321
 GoodNonCoordinateGeopotentialHeight= 5336, nullNonCoordinateGeopotentialHeight= 0, allNonCoordinateGeopotentialHeight= 5336
 GoodNonCoordinateGeopotentialHeight= 5386, nullNonCoordinateGeopotentialHeight= 0, allNonCoordinateGeopotentialHeight= 5386
 GoodNonCoordinateGeopotentialHeight= 5387, nullNonCoordinateGeopotentialHeight= 0, allNonCoordinateGeopotentialHeight= 5387
 GoodNonCoordinateGeopotentialHeight= 5427, nullNonCoordinateGeopotentialHeight= 0, allNonCoordinateGeopotentialHeight= 5427
 GoodNonCoordinateGeopotentialHeight= 5430, nullNonCoordinateGeopotentialHeight= 0, allNonCoordinateGeopotentialHeight= 5430
 GoodNonCoordinateGeopotentialHeight= 5434, nullNonCoordinateGeopotentialHeight= 0, allNonCoordinateGeopotentialHeight= 5434
 GoodNonCoordinateGeopotentialHeight= 5444, nullNonCoordinateGeopotentialHeight= 0, allNonCoordinateGeopotentialHeight= 5444
 GoodNonCoordinateGeopotentialHeight= 5458, nullNonCoordinateGeopotentialHeight= 0, allNonCoordinateGeopotentialHeight= 5458
 GoodNonCoordinateGeopotentialHeight= 5466, nullNonCoordinateGeopotentialHeight= 0, allNonCoordinateGeopotentialHeight= 5466
 GoodNonCoordinateGeopotentialHeight= 5467, nullNonCoordinateGeopotentialHeight= 0, allNonCoordinateGeopotentialHeight= 5467
 GoodNonCoordinateGeopotentialHeight= 5481, nullNonCoordinateGeopotentialHeight= 0, allNonCoordinateGeopotentialHeight= 5481
 GoodNonCoordinateGeopotentialHeight= 5495, nullNonCoordinateGeopotentialHeight= 0, allNonCoordinateGeopotentialHeight= 5495
 GoodNonCoordinateGeopotentialHeight= 5564, nullNonCoordinateGeopotentialHeight= 0, allNonCoordinateGeopotentialHeight= 5564
 GoodNonCoordinateGeopotentialHeight= 5600, nullNonCoordinateGeopotentialHeight= 0, allNonCoordinateGeopotentialHeight= 5600
 GoodNonCoordinateGeopotentialHeight= 5637, nullNonCoordinateGeopotentialHeight= 0, allNonCoordinateGeopotentialHeight= 5637
 GoodNonCoordinateGeopotentialHeight= 5682, nullNonCoordinateGeopotentialHeight= 0, allNonCoordinateGeopotentialHeight= 5682
 GoodNonCoordinateGeopotentialHeight= 5744, nullNonCoordinateGeopotentialHeight= 0, allNonCoordinateGeopotentialHeight= 5744
 GoodNonCoordinateGeopotentialHeight= 5768, nullNonCoordinateGeopotentialHeight= 0, allNonCoordinateGeopotentialHeight= 5768
 GoodNonCoordinateGeopotentialHeight= 5784, nullNonCoordinateGeopotentialHeight= 0, allNonCoordinateGeopotentialHeight= 5784
 GoodNonCoordinateGeopotentialHeight= 5800, nullNonCoordinateGeopotentialHeight= 0, allNonCoordinateGeopotentialHeight= 5800
 GoodNonCoordinateGeopotentialHeight= 5812, nullNonCoordinateGeopotentialHeight= 0, allNonCoordinateGeopotentialHeight= 5812
 GoodNonCoordinateGeopotentialHeight= 5842, nullNonCoordinateGeopotentialHeight= 0, allNonCoordinateGeopotentialHeight= 5842
 GoodNonCoordinateGeopotentialHeight= 5849, nullNonCoordinateGeopotentialHeight= 0, allNonCoordinateGeopotentialHeight= 5849
 GoodNonCoordinateGeopotentialHeight= 5879, nullNonCoordinateGeopotentialHeight= 0, allNonCoordinateGeopotentialHeight= 5879
 GoodNonCoordinateGeopotentialHeight= 6027, nullNonCoordinateGeopotentialHeight= 0, allNonCoordinateGeopotentialHeight= 6027
 GoodNonCoordinateGeopotentialHeight= 6051, nullNonCoordinateGeopotentialHeight= 0, allNonCoordinateGeopotentialHeight= 6051
 GoodNonCoordinateGeopotentialHeight= 6093, nullNonCoordinateGeopotentialHeight= 0, allNonCoordinateGeopotentialHeight= 6093
 GoodNonCoordinateGeopotentialHeight= 6095, nullNonCoordinateGeopotentialHeight= 0, allNonCoordinateGeopotentialHeight= 6095
USED Footer Element non-null: geopotentialHeightCalculation = 0
WARNING: Null nonCoordinateGeopotentialHeight
